Archive member included to satisfy reference by file (symbol)

/usr/lib/x86_64-linux-gnu/libc_nonshared.a(elf-init.oS)
                              /usr/lib/gcc/x86_64-linux-gnu/7/../../../x86_64-linux-gnu/Scrt1.o (__libc_csu_init)

As-needed library included to satisfy reference by file (symbol)

libQt5Core.so.5               build/main.o (QArrayData::deallocate(QArrayData*, unsigned long, unsigned long)@@Qt_5)
libQt5Widgets.so.5            build/src/DisplayWidget.h.cxx.o (QWidget::paintEngine() const@@Qt_5)
libQt5Charts.so.5             build/main.o (QtCharts::QAbstractAxis::setTitleText(QString const&)@@Qt_5)
libpthread.so.0               build/home/mirmik/project/igris/igris/dprint/dprint_stdout.o (write@@GLIBC_2.2.5)
libstdc++.so.6                build/home/mirmik/project/igris/igris/ctrobj/wait-linux.o (std::condition_variable::notify_one()@@GLIBCXX_3.4.11)
libm.so.6                     build/home/mirmik/project/igris/igris/util/numconvert.o (pow@@GLIBC_2.2.5)
libgcc_s.so.1                 build/main.o (_Unwind_Resume@@GCC_3.0)
libc.so.6                     build/home/mirmik/project/crow/crow/gates/udpgate.o (socket@@GLIBC_2.2.5)

Discarded input sections

 .note.GNU-stack
                0x0000000000000000        0x0 /usr/lib/gcc/x86_64-linux-gnu/7/../../../x86_64-linux-gnu/Scrt1.o
 .note.GNU-stack
                0x0000000000000000        0x0 /usr/lib/gcc/x86_64-linux-gnu/7/../../../x86_64-linux-gnu/crti.o
 .note.GNU-stack
                0x0000000000000000        0x0 /usr/lib/gcc/x86_64-linux-gnu/7/crtbeginS.o
 .group         0x0000000000000000        0x8 build/main.o
 .group         0x0000000000000000        0xc build/main.o
 .group         0x0000000000000000        0xc build/main.o
 .group         0x0000000000000000        0x8 build/main.o
 .group         0x0000000000000000        0xc build/main.o
 .group         0x0000000000000000        0xc build/main.o
 .group         0x0000000000000000        0xc build/main.o
 .group         0x0000000000000000        0xc build/main.o
 .group         0x0000000000000000        0x8 build/main.o
 .group         0x0000000000000000        0xc build/main.o
 .group         0x0000000000000000        0x8 build/main.o
 .group         0x0000000000000000       0x10 build/main.o
 .group         0x0000000000000000        0x8 build/main.o
 .group         0x0000000000000000        0x8 build/main.o
 .group         0x0000000000000000        0x8 build/main.o
 .group         0x0000000000000000        0x8 build/main.o
 .group         0x0000000000000000        0xc build/main.o
 .group         0x0000000000000000        0xc build/main.o
 .group         0x0000000000000000        0xc build/main.o
 .group         0x0000000000000000        0x8 build/main.o
 .group         0x0000000000000000        0x8 build/main.o
 .group         0x0000000000000000        0x8 build/main.o
 .group         0x0000000000000000        0xc build/main.o
 .group         0x0000000000000000        0xc build/main.o
 .group         0x0000000000000000        0xc build/main.o
 .group         0x0000000000000000        0xc build/main.o
 .group         0x0000000000000000        0x8 build/main.o
 .group         0x0000000000000000        0xc build/main.o
 .group         0x0000000000000000        0xc build/main.o
 .group         0x0000000000000000        0xc build/main.o
 .group         0x0000000000000000        0xc build/main.o
 .group         0x0000000000000000        0x8 build/main.o
 .group         0x0000000000000000        0xc build/main.o
 .group         0x0000000000000000        0x8 build/main.o
 .group         0x0000000000000000        0xc build/main.o
 .group         0x0000000000000000        0xc build/main.o
 .group         0x0000000000000000        0xc build/main.o
 .group         0x0000000000000000        0xc build/main.o
 .group         0x0000000000000000        0x8 build/main.o
 .group         0x0000000000000000        0x8 build/main.o
 .group         0x0000000000000000        0xc build/main.o
 .group         0x0000000000000000        0x8 build/main.o
 .group         0x0000000000000000        0x8 build/main.o
 .group         0x0000000000000000        0xc build/main.o
 .group         0x0000000000000000        0xc build/main.o
 .group         0x0000000000000000        0xc build/main.o
 .group         0x0000000000000000        0xc build/main.o
 .group         0x0000000000000000        0xc build/main.o
 .group         0x0000000000000000        0xc build/main.o
 .group         0x0000000000000000        0xc build/main.o
 .group         0x0000000000000000        0xc build/main.o
 .group         0x0000000000000000        0xc build/main.o
 .group         0x0000000000000000        0xc build/main.o
 .group         0x0000000000000000        0x8 build/main.o
 .group         0x0000000000000000        0xc build/main.o
 .group         0x0000000000000000        0xc build/main.o
 .group         0x0000000000000000        0x8 build/main.o
 .group         0x0000000000000000        0xc build/main.o
[...]
Memory Configuration

Name             Origin             Length             Attributes
*default*        0x0000000000000000 0xffffffffffffffff

Linker script and memory map

LOAD /usr/lib/gcc/x86_64-linux-gnu/7/../../../x86_64-linux-gnu/Scrt1.o
LOAD /usr/lib/gcc/x86_64-linux-gnu/7/../../../x86_64-linux-gnu/crti.o
LOAD /usr/lib/gcc/x86_64-linux-gnu/7/crtbeginS.o
START GROUP
LOAD build/main.o
LOAD build/home/mirmik/project/igris/igris/ctrobj/wait-linux.o
LOAD build/home/mirmik/project/crow/crow/src/acceptor.o
LOAD build/home/mirmik/project/crow/crow/src/tower.o
LOAD build/home/mirmik/project/crow/crow/src/packet.o
LOAD build/home/mirmik/project/crow/crow/src/node.o
LOAD build/home/mirmik/project/crow/crow/src/node-sync.o
LOAD build/home/mirmik/project/crow/crow/src/channel.o
LOAD build/home/mirmik/project/crow/crow/src/channel-sync.o
LOAD build/home/mirmik/project/crow/crow/src/pubsub.o
LOAD build/home/mirmik/project/crow/crow/src/query.o
LOAD build/home/mirmik/project/crow/crow/src/alive.o
LOAD build/home/mirmik/project/crow/crow/src/netkeep.o
LOAD build/home/mirmik/project/crow/crow/src/print.o
LOAD build/home/mirmik/project/crow/crow/src/protocol.o
LOAD build/home/mirmik/project/crow/crow/src/hexer.o
LOAD build/home/mirmik/project/crow/crow/src/threads-posix.o
LOAD build/home/mirmik/project/crow/crow/gates/udpgate.o
LOAD build/home/mirmik/project/igris/igris/ctrobj/wait.o
LOAD build/home/mirmik/project/crow/crow/src/allocation_malloc.o
LOAD build/home/mirmik/project/crow/crow/src/stdtime.o
LOAD build/home/mirmik/project/igris/igris/sync/syslock_mutex.o
LOAD build/home/mirmik/project/igris/igris/shell/sshell.o
LOAD build/home/mirmik/project/igris/igris/util/bug_abort.o
LOAD build/home/mirmik/project/igris/igris/util/numconvert.o
LOAD build/home/mirmik/project/igris/igris/util/hexascii.o
LOAD build/home/mirmik/project/igris/igris/util/string.o
LOAD build/home/mirmik/project/igris/igris/util/dstring.o
LOAD build/home/mirmik/project/igris/igris/util/stub.o
LOAD build/home/mirmik/project/igris/igris/dprint/dprint_stdout.o
LOAD build/home/mirmik/project/igris/igris/dprint/dprint_func_impl.o
LOAD build/home/mirmik/project/igris/igris/dprint/dprintxx.o
LOAD build/home/mirmik/project/nos/nos/util/trace.o
LOAD build/home/mirmik/project/nos/nos/util/osutil.o
LOAD build/home/mirmik/project/nos/nos/print/print.o
LOAD build/home/mirmik/project/nos/nos/print/stdtype.o
LOAD build/home/mirmik/project/nos/nos/input/input.o
LOAD build/home/mirmik/project/nos/nos/fprint/fprint.o
LOAD build/home/mirmik/project/nos/nos/fprint/stdtype.o
LOAD build/home/mirmik/project/nos/nos/io/ostream.o
LOAD build/home/mirmik/project/nos/nos/io/current_ostream_stdout.o
LOAD build/home/mirmik/project/nos/nos/io/stdfile.o
LOAD build/src/DisplayWidget.h.cxx.o
LOAD /usr/lib/gcc/x86_64-linux-gnu/7/../../../x86_64-linux-gnu/libQt5Core.so
LOAD /usr/lib/gcc/x86_64-linux-gnu/7/../../../x86_64-linux-gnu/libQt5Gui.so
LOAD /usr/lib/gcc/x86_64-linux-gnu/7/../../../x86_64-linux-gnu/libQt5Widgets.so
LOAD /usr/lib/gcc/x86_64-linux-gnu/7/../../../x86_64-linux-gnu/libQt5Charts.so
LOAD /usr/lib/gcc/x86_64-linux-gnu/7/../../../x86_64-linux-gnu/libpthread.so
START GROUP
LOAD /lib/x86_64-linux-gnu/libpthread.so.0
LOAD /usr/lib/x86_64-linux-gnu/libpthread_nonshared.a
END GROUP
END GROUP
LOAD /usr/lib/gcc/x86_64-linux-gnu/7/libstdc++.so
LOAD /usr/lib/gcc/x86_64-linux-gnu/7/../../../x86_64-linux-gnu/libm.so
START GROUP
LOAD /lib/x86_64-linux-gnu/libm.so.6
LOAD /usr/lib/x86_64-linux-gnu/libmvec_nonshared.a
LOAD /lib/x86_64-linux-gnu/libmvec.so.1
END GROUP
LOAD /usr/lib/gcc/x86_64-linux-gnu/7/libgcc_s.so
START GROUP
LOAD /usr/lib/gcc/x86_64-linux-gnu/7/libgcc_s.so.1
LOAD /usr/lib/gcc/x86_64-linux-gnu/7/libgcc.a
END GROUP
LOAD /usr/lib/gcc/x86_64-linux-gnu/7/libgcc.a
LOAD /usr/lib/gcc/x86_64-linux-gnu/7/../../../x86_64-linux-gnu/libc.so
START GROUP
LOAD /lib/x86_64-linux-gnu/libc.so.6
LOAD /usr/lib/x86_64-linux-gnu/libc_nonshared.a
LOAD /lib/x86_64-linux-gnu/ld-linux-x86-64.so.2
END GROUP
LOAD /usr/lib/gcc/x86_64-linux-gnu/7/libgcc_s.so
START GROUP
LOAD /usr/lib/gcc/x86_64-linux-gnu/7/libgcc_s.so.1
LOAD /usr/lib/gcc/x86_64-linux-gnu/7/libgcc.a
END GROUP
LOAD /usr/lib/gcc/x86_64-linux-gnu/7/libgcc.a
LOAD /usr/lib/gcc/x86_64-linux-gnu/7/crtendS.o
LOAD /usr/lib/gcc/x86_64-linux-gnu/7/../../../x86_64-linux-gnu/crtn.o
                [!provide]                        PROVIDE (__executable_start = SEGMENT_START ("text-segment", 0x0))
                0x0000000000000270                . = (SEGMENT_START ("text-segment", 0x0) + SIZEOF_HEADERS)

.interp         0x0000000000000270       0x1c
 *(.interp)
 .interp        0x0000000000000270       0x1c /usr/lib/gcc/x86_64-linux-gnu/7/../../../x86_64-linux-gnu/Scrt1.o

.note.ABI-tag   0x000000000000028c       0x20
 .note.ABI-tag  0x000000000000028c       0x20 /usr/lib/gcc/x86_64-linux-gnu/7/../../../x86_64-linux-gnu/Scrt1.o

.note.gnu.build-id
                0x00000000000002ac       0x24
 *(.note.gnu.build-id)
 .note.gnu.build-id
                0x00000000000002ac       0x24 /usr/lib/gcc/x86_64-linux-gnu/7/../../../x86_64-linux-gnu/Scrt1.o

.hash
 *(.hash)

.gnu.hash       0x00000000000002d0      0x1c0
 *(.gnu.hash)
 .gnu.hash      0x00000000000002d0      0x1c0 /usr/lib/gcc/x86_64-linux-gnu/7/../../../x86_64-linux-gnu/Scrt1.o

.dynsym         0x0000000000000490     0x1488
 *(.dynsym)
 .dynsym        0x0000000000000490     0x1488 /usr/lib/gcc/x86_64-linux-gnu/7/../../../x86_64-linux-gnu/Scrt1.o

.dynstr         0x0000000000001918     0x1ffd
 *(.dynstr)
 .dynstr        0x0000000000001918     0x1ffd /usr/lib/gcc/x86_64-linux-gnu/7/../../../x86_64-linux-gnu/Scrt1.o

.gnu.version    0x0000000000003916      0x1b6
 *(.gnu.version)
 .gnu.version   0x0000000000003916      0x1b6 /usr/lib/gcc/x86_64-linux-gnu/7/../../../x86_64-linux-gnu/Scrt1.o

.gnu.version_d  0x0000000000003ad0        0x0
 *(.gnu.version_d)
 .gnu.version_d
                0x0000000000003ad0        0x0 /usr/lib/gcc/x86_64-linux-gnu/7/../../../x86_64-linux-gnu/Scrt1.o

.gnu.version_r  0x0000000000003ad0      0x190
 *(.gnu.version_r)
 .gnu.version_r
                0x0000000000003ad0      0x190 /usr/lib/gcc/x86_64-linux-gnu/7/../../../x86_64-linux-gnu/Scrt1.o

.rela.dyn       0x0000000000003c60     0x12c0
 *(.rela.init)
 *(.rela.text .rela.text.* .rela.gnu.linkonce.t.*)
 .rela.text     0x0000000000003c60        0x0 /usr/lib/gcc/x86_64-linux-gnu/7/../../../x86_64-linux-gnu/Scrt1.o
 .rela.text._ZN13DisplayWidgetC2EP7QWidget
                0x0000000000003c60        0x0 /usr/lib/gcc/x86_64-linux-gnu/7/../../../x86_64-linux-gnu/Scrt1.o
 .rela.text._ZN13DisplayWidgetD2Ev
                0x0000000000003c60        0x0 /usr/lib/gcc/x86_64-linux-gnu/7/../../../x86_64-linux-gnu/Scrt1.o
 .rela.text._ZN4crow8protocolC2Ei
                0x0000000000003c60        0x0 /usr/lib/gcc/x86_64-linux-gnu/7/../../../x86_64-linux-gnu/Scrt1.o
 .rela.text._ZN4crow17node_protocol_clsC2Ev
                0x0000000000003c60        0x0 /usr/lib/gcc/x86_64-linux-gnu/7/../../../x86_64-linux-gnu/Scrt1.o
 .rela.text._ZN4crow19pubsub_protocol_clsC2Ev
                0x0000000000003c60        0x0 /usr/lib/gcc/x86_64-linux-gnu/7/../../../x86_64-linux-gnu/Scrt1.o
 .rela.text._ZN3nos14format_visitor9get_visitIPKcEEPvv
                0x0000000000003c60        0x0 /usr/lib/gcc/x86_64-linux-gnu/7/../../../x86_64-linux-gnu/Scrt1.o
 .rela.text._ZN3nos14format_visitor9get_visitIhEEPvv
                0x0000000000003c60        0x0 /usr/lib/gcc/x86_64-linux-gnu/7/../../../x86_64-linux-gnu/Scrt1.o
 .rela.text._ZN3nos14format_visitor9get_visitItEEPvv
                0x0000000000003c60        0x0 /usr/lib/gcc/x86_64-linux-gnu/7/../../../x86_64-linux-gnu/Scrt1.o
 .rela.text._ZN3nos14format_visitor9get_visitINSt7__cxx1112basic_stringIcSt11char_traitsIcESaIcEEEEEPvv
                0x0000000000003c60        0x0 /usr/lib/gcc/x86_64-linux-gnu/7/../../../x86_64-linux-gnu/Scrt1.o
 .rela.text._ZN3nos14format_visitor9get_visitImEEPvv
                0x0000000000003c60        0x0 /usr/lib/gcc/x86_64-linux-gnu/7/../../../x86_64-linux-gnu/Scrt1.o
 .rela.text._ZN4crow7gatewayC2Ev
                0x0000000000003c60        0x0 /usr/lib/gcc/x86_64-linux-gnu/7/../../../x86_64-linux-gnu/Scrt1.o
 .rela.text._ZN4crow7udpgateC2Ev
                0x0000000000003c60        0x0 /usr/lib/gcc/x86_64-linux-gnu/7/../../../x86_64-linux-gnu/Scrt1.o
 .rela.text._ZN3nos7ostreamC2Ev
                0x0000000000003c60        0x0 /usr/lib/gcc/x86_64-linux-gnu/7/../../../x86_64-linux-gnu/Scrt1.o
 .rela.text._ZN3nos7istreamC2Ev
                0x0000000000003c60        0x0 /usr/lib/gcc/x86_64-linux-gnu/7/../../../x86_64-linux-gnu/Scrt1.o
 .rela.text._ZN3nos8iostreamC2Ev
                0x0000000000003c60        0x0 /usr/lib/gcc/x86_64-linux-gnu/7/../../../x86_64-linux-gnu/Scrt1.o
 .rela.text._ZN3nos4fileC2EP8_IO_FILE
                0x0000000000003c60        0x0 /usr/lib/gcc/x86_64-linux-gnu/7/../../../x86_64-linux-gnu/Scrt1.o
 *(.rela.fini)
 *(.rela.rodata .rela.rodata.* .rela.gnu.linkonce.r.*)
 *(.rela.data .rela.data.* .rela.gnu.linkonce.d.*)
 .rela.data.rel.ro
                0x0000000000003c60      0x120 /usr/lib/gcc/x86_64-linux-gnu/7/../../../x86_64-linux-gnu/Scrt1.o
 .rela.data.rel.local
                0x0000000000003d80       0x30 /usr/lib/gcc/x86_64-linux-gnu/7/../../../x86_64-linux-gnu/Scrt1.o
 .rela.data.rel.local.DW.ref.__gxx_personality_v0
                0x0000000000003db0       0x18 /usr/lib/gcc/x86_64-linux-gnu/7/../../../x86_64-linux-gnu/Scrt1.o
 .rela.data.rel.ro._ZTVN4crow8acceptorE
                0x0000000000003dc8       0x48 /usr/lib/gcc/x86_64-linux-gnu/7/../../../x86_64-linux-gnu/Scrt1.o
 .rela.data.rel.ro._ZTIN4crow8acceptorE
                0x0000000000003e10       0x48 /usr/lib/gcc/x86_64-linux-gnu/7/../../../x86_64-linux-gnu/Scrt1.o
 .rela.data.rel.ro._ZTIN4crow4nodeE
                0x0000000000003e58       0x30 /usr/lib/gcc/x86_64-linux-gnu/7/../../../x86_64-linux-gnu/Scrt1.o
 .rela.data.rel
                0x0000000000003e88      0x108 /usr/lib/gcc/x86_64-linux-gnu/7/../../../x86_64-linux-gnu/Scrt1.o
 .rela.data.rel.ro._ZTVN4crow17node_protocol_clsE
                0x0000000000003f90       0x48 /usr/lib/gcc/x86_64-linux-gnu/7/../../../x86_64-linux-gnu/Scrt1.o
 .rela.data.rel.ro._ZTVN4crow8protocolE
                0x0000000000003fd8       0x48 /usr/lib/gcc/x86_64-linux-gnu/7/../../../x86_64-linux-gnu/Scrt1.o
 .rela.data.rel.ro._ZTIN4crow17node_protocol_clsE
                0x0000000000004020       0x48 /usr/lib/gcc/x86_64-linux-gnu/7/../../../x86_64-linux-gnu/Scrt1.o
 .rela.data.rel.ro._ZTIN4crow8protocolE
                0x0000000000004068       0x30 /usr/lib/gcc/x86_64-linux-gnu/7/../../../x86_64-linux-gnu/Scrt1.o
 .rela.data.rel.ro._ZTVN4crow7channelE
                0x0000000000004098       0x48 /usr/lib/gcc/x86_64-linux-gnu/7/../../../x86_64-linux-gnu/Scrt1.o
 .rela.data.rel.ro._ZTIN4crow7channelE
                0x00000000000040e0       0x48 /usr/lib/gcc/x86_64-linux-gnu/7/../../../x86_64-linux-gnu/Scrt1.o
 .rela.data.rel.ro._ZTVN4crow19pubsub_protocol_clsE
                0x0000000000004128       0x48 /usr/lib/gcc/x86_64-linux-gnu/7/../../../x86_64-linux-gnu/Scrt1.o
 .rela.data.rel.ro._ZTIN4crow19pubsub_protocol_clsE
                0x0000000000004170       0x48 /usr/lib/gcc/x86_64-linux-gnu/7/../../../x86_64-linux-gnu/Scrt1.o
 .rela.data.rel.ro.local
                0x00000000000041b8       0xc0 /usr/lib/gcc/x86_64-linux-gnu/7/../../../x86_64-linux-gnu/Scrt1.o
 .rela.data.rel.ro._ZTVN4crow7udpgateE
                0x0000000000004278       0x48 /usr/lib/gcc/x86_64-linux-gnu/7/../../../x86_64-linux-gnu/Scrt1.o
 .rela.data.rel.ro._ZTVN4crow7gatewayE
                0x00000000000042c0       0x48 /usr/lib/gcc/x86_64-linux-gnu/7/../../../x86_64-linux-gnu/Scrt1.o
 .rela.data.rel.ro._ZTIN4crow7udpgateE
                0x0000000000004308       0x48 /usr/lib/gcc/x86_64-linux-gnu/7/../../../x86_64-linux-gnu/Scrt1.o
 .rela.data.rel.ro._ZTIN4crow7gatewayE
                0x0000000000004350       0x30 /usr/lib/gcc/x86_64-linux-gnu/7/../../../x86_64-linux-gnu/Scrt1.o
 .rela.data.rel.ro._ZTVN3nos4fileE
                0x0000000000004380       0x90 /usr/lib/gcc/x86_64-linux-gnu/7/../../../x86_64-linux-gnu/Scrt1.o
 .rela.data.rel.ro._ZTVN3nos8iostreamE
                0x0000000000004410       0x78 /usr/lib/gcc/x86_64-linux-gnu/7/../../../x86_64-linux-gnu/Scrt1.o
 .rela.data.rel.ro._ZTVN3nos7istreamE
                0x0000000000004488       0x30 /usr/lib/gcc/x86_64-linux-gnu/7/../../../x86_64-linux-gnu/Scrt1.o
 .rela.data.rel.ro._ZTVN3nos7ostreamE
                0x00000000000044b8       0x48 /usr/lib/gcc/x86_64-linux-gnu/7/../../../x86_64-linux-gnu/Scrt1.o
 .rela.data.rel.ro._ZTIN3nos4fileE
                0x0000000000004500       0x48 /usr/lib/gcc/x86_64-linux-gnu/7/../../../x86_64-linux-gnu/Scrt1.o
 .rela.data.rel.ro._ZTIN3nos8iostreamE
                0x0000000000004548       0x60 /usr/lib/gcc/x86_64-linux-gnu/7/../../../x86_64-linux-gnu/Scrt1.o
 .rela.data.rel.ro._ZTIN3nos7istreamE
                0x00000000000045a8       0x30 /usr/lib/gcc/x86_64-linux-gnu/7/../../../x86_64-linux-gnu/Scrt1.o
 .rela.data.rel.ro._ZTIN3nos7ostreamE
                0x00000000000045d8       0x30 /usr/lib/gcc/x86_64-linux-gnu/7/../../../x86_64-linux-gnu/Scrt1.o
 .rela.data.rel.ro._ZTV13DisplayWidget
                0x0000000000004608      0x5d0 /usr/lib/gcc/x86_64-linux-gnu/7/../../../x86_64-linux-gnu/Scrt1.o
 .rela.data.rel.ro._ZTI13DisplayWidget
                0x0000000000004bd8       0x48 /usr/lib/gcc/x86_64-linux-gnu/7/../../../x86_64-linux-gnu/Scrt1.o
 *(.rela.tdata .rela.tdata.* .rela.gnu.linkonce.td.*)
 *(.rela.tbss .rela.tbss.* .rela.gnu.linkonce.tb.*)
 *(.rela.ctors)
 *(.rela.dtors)
 *(.rela.got)
 .rela.got      0x0000000000004c20      0x138 /usr/lib/gcc/x86_64-linux-gnu/7/../../../x86_64-linux-gnu/Scrt1.o
 *(.rela.bss .rela.bss.* .rela.gnu.linkonce.b.*)
 .rela.bss      0x0000000000004d58        0x0 /usr/lib/gcc/x86_64-linux-gnu/7/../../../x86_64-linux-gnu/Scrt1.o
 *(.rela.ldata .rela.ldata.* .rela.gnu.linkonce.l.*)
 *(.rela.lbss .rela.lbss.* .rela.gnu.linkonce.lb.*)
 *(.rela.lrodata .rela.lrodata.* .rela.gnu.linkonce.lr.*)
 *(.rela.ifunc)
 .rela.ifunc    0x0000000000004d58        0x0 /usr/lib/gcc/x86_64-linux-gnu/7/../../../x86_64-linux-gnu/Scrt1.o
 .rela.fini_array
                0x0000000000004d58       0x18 /usr/lib/gcc/x86_64-linux-gnu/7/../../../x86_64-linux-gnu/Scrt1.o
 .rela.init_array
                0x0000000000004d70      0x198 /usr/lib/gcc/x86_64-linux-gnu/7/../../../x86_64-linux-gnu/Scrt1.o
 .rela.eh_frame
                0x0000000000004f08        0x0 /usr/lib/gcc/x86_64-linux-gnu/7/../../../x86_64-linux-gnu/Scrt1.o
 .rela.init_array.00140
                0x0000000000004f08       0x18 /usr/lib/gcc/x86_64-linux-gnu/7/../../../x86_64-linux-gnu/Scrt1.o

.rela.plt       0x0000000000004f20      0x858
 *(.rela.plt)
 .rela.plt      0x0000000000004f20      0x858 /usr/lib/gcc/x86_64-linux-gnu/7/../../../x86_64-linux-gnu/Scrt1.o
                [!provide]                        PROVIDE (__rela_iplt_start = .)
 *(.rela.iplt)
                [!provide]                        PROVIDE (__rela_iplt_end = .)

.init           0x0000000000005778       0x17
 *(SORT_NONE(.init))
 .init          0x0000000000005778       0x12 /usr/lib/gcc/x86_64-linux-gnu/7/../../../x86_64-linux-gnu/crti.o
                0x0000000000005778                _init
 .init          0x000000000000578a        0x5 /usr/lib/gcc/x86_64-linux-gnu/7/../../../x86_64-linux-gnu/crtn.o

.plt            0x0000000000005790      0x5a0
 *(.plt)
 .plt           0x0000000000005790      0x5a0 /usr/lib/gcc/x86_64-linux-gnu/7/../../../x86_64-linux-gnu/Scrt1.o
 *(.iplt)

.plt.got        0x0000000000005d30        0x8
 *(.plt.got)
 .plt.got       0x0000000000005d30        0x8 /usr/lib/gcc/x86_64-linux-gnu/7/../../../x86_64-linux-gnu/Scrt1.o

.plt.sec
 *(.plt.sec)

.text           0x0000000000005d40    0x11852
 *(.text.unlikely .text.*_unlikely .text.unlikely.*)
 *(.text.exit .text.exit.*)
 *(.text.startup .text.startup.*)
 *(.text.hot .text.hot.*)
 *(.text .stub .text.* .gnu.linkonce.t.*)
 .text          0x0000000000005d40       0x2b /usr/lib/gcc/x86_64-linux-gnu/7/../../../x86_64-linux-gnu/Scrt1.o
                0x0000000000005d40                _start
 .text          0x0000000000005d6b        0x0 /usr/lib/gcc/x86_64-linux-gnu/7/../../../x86_64-linux-gnu/crti.o
 *fill*         0x0000000000005d6b        0x5 
 .text          0x0000000000005d70       0xda /usr/lib/gcc/x86_64-linux-gnu/7/crtbeginS.o
 .text          0x0000000000005e4a      0x708 build/main.o
                0x00000000000060c8                data_theme_handler(crow::packet*)
                0x0000000000006216                main
 .text._ZStanSt12memory_orderSt23__memory_order_modifier
                0x0000000000006552       0x14 build/main.o
                0x0000000000006552                std::operator&(std::memory_order, std::__memory_order_modifier)
 .text._ZN9QtPrivate8RefCount5derefEv
                0x0000000000006566       0x43 build/main.o
                0x0000000000006566                QtPrivate::RefCount::deref()
 .text._ZNSt11char_traitsIcE6assignERcRKc
                0x00000000000065a9       0x1c build/main.o
                0x00000000000065a9                std::char_traits<char>::assign(char&, char const&)
 .text._ZNSt11char_traitsIcE6lengthEPKc
                0x00000000000065c5       0x4f build/main.o
                0x00000000000065c5                std::char_traits<char>::length(char const*)
 .text._ZNSt11char_traitsIcE4copyEPcPKcm
                0x0000000000006614       0x40 build/main.o
                0x0000000000006614                std::char_traits<char>::copy(char*, char const*, unsigned long)
 .text._ZN7QStringC2EPKc
                0x0000000000006654       0x47 build/main.o
                0x0000000000006654                QString::QString(char const*)
                0x0000000000006654                QString::QString(char const*)
 *fill*         0x000000000000669b        0x1 
 .text._ZN7QStringD2Ev
                0x000000000000669c       0x34 build/main.o
                0x000000000000669c                QString::~QString()
                0x000000000000669c                QString::~QString()
 .text._ZN6QFlagsIN2Qt13AlignmentFlagEEC1EMNS2_7PrivateEi
                0x00000000000066d0       0x19 build/main.o
                0x00000000000066d0                QFlags<Qt::AlignmentFlag>::QFlags(int QFlags<Qt::AlignmentFlag>::Private::*)
 *fill*         0x00000000000066e9        0x1 
 .text._ZN13QGraphicsItem4hideEv
                0x00000000000066ea       0x20 build/main.o
                0x00000000000066ea                QGraphicsItem::hide()
 .text._ZN6QFlagsIN2Qt10WindowTypeEEC1EMNS2_7PrivateEi
                0x000000000000670a       0x19 build/main.o
                0x000000000000670a                QFlags<Qt::WindowType>::QFlags(int QFlags<Qt::WindowType>::Private::*)
 *fill*         0x0000000000006723        0x1 
 .text._ZN13DisplayWidgetC2EP7QWidget
                0x0000000000006724      0x395 build/main.o
                0x0000000000006724                DisplayWidget::DisplayWidget(QWidget*)
                0x0000000000006724                DisplayWidget::DisplayWidget(QWidget*)
 *fill*         0x0000000000006ab9        0x1 
 .text._ZN5igris6buffer4dataEv
                0x0000000000006aba        0xe build/main.o
                0x0000000000006aba                igris::buffer::data()
 .text._ZN5igris6buffer4sizeEv
                0x0000000000006ac8       0x12 build/main.o
                0x0000000000006ac8                igris::buffer::size()
 .text._ZN5igris6bufferC2EPKvm
                0x0000000000006ada       0x2a build/main.o
                0x0000000000006ada                igris::buffer::buffer(void const*, unsigned long)
                0x0000000000006ada                igris::buffer::buffer(void const*, unsigned long)
 .text._ZN4crow6packet7dataptrEv
                0x0000000000006b04       0x24 build/main.o
                0x0000000000006b04                crow::packet::dataptr()
 .text._ZN4crow10subscriber9subscribeEPKhhPKchtN5igris8delegateIvJPNS_6packetEEEE
                0x0000000000006b28       0xa8 build/main.o
                0x0000000000006b28                crow::subscriber::subscribe(unsigned char const*, unsigned char, char const*, unsigned char, unsigned short, igris::delegate<void, crow::packet*>)
 .text._ZN4crow10subscriber9subscribeERKSt6vectorIhSaIhEEPKchtN5igris8delegateIvJPNS_6packetEEEE
                0x0000000000006bd0       0xbd build/main.o
                0x0000000000006bd0                crow::subscriber::subscribe(std::vector<unsigned char, std::allocator<unsigned char> > const&, char const*, unsigned char, unsigned short, igris::delegate<void, crow::packet*>)
 *fill*         0x0000000000006c8d        0x1 
 .text._ZN4crow10subscriber11resubscribeEv
                0x0000000000006c8e       0x5e build/main.o
                0x0000000000006c8e                crow::subscriber::resubscribe()
 .text._ZN3nos7ostream7putcharEc
                0x0000000000006cec       0x2f build/main.o
                0x0000000000006cec                nos::ostream::putchar(char)
 *fill*         0x0000000000006d1b        0x1 
 .text._ZN11adsl_finderC2ERN3nos7ostreamE
                0x0000000000006d1c       0x1a build/main.o
                0x0000000000006d1c                adsl_finder::adsl_finder(nos::ostream&)
                0x0000000000006d1c                adsl_finder::adsl_finder(nos::ostream&)
 .text._ZN11adsl_findercvRN3nos7ostreamEEv
                0x0000000000006d36       0x11 build/main.o
                0x0000000000006d36                adsl_finder::operator nos::ostream&()
 *fill*         0x0000000000006d47        0x1 
 .text._ZN4crow10subscriberC2Ev
                0x0000000000006d48       0x1f build/main.o
                0x0000000000006d48                crow::subscriber::subscriber()
                0x0000000000006d48                crow::subscriber::subscriber()
 *fill*         0x0000000000006d67        0x1 
 .text._ZNK19QBasicAtomicIntegerIiE4loadEv
                0x0000000000006d68       0x1a build/main.o
                0x0000000000006d68                QBasicAtomicInteger<int>::load() const
 .text._ZN19QBasicAtomicIntegerIiE5derefEv
                0x0000000000006d82       0x1a build/main.o
                0x0000000000006d82                QBasicAtomicInteger<int>::deref()
 .text._ZN9__gnu_cxx11char_traitsIcE6lengthEPKc
                0x0000000000006d9c       0x69 build/main.o
                0x0000000000006d9c                __gnu_cxx::char_traits<char>::length(char const*)
 .text._ZN9__gnu_cxx11char_traitsIcE2eqERKcS3_
                0x0000000000006e05       0x21 build/main.o
                0x0000000000006e05                __gnu_cxx::char_traits<char>::eq(char const&, char const&)
 .text._ZNKSt7__cxx1112basic_stringIcSt11char_traitsIcESaIcEE5c_strEv
                0x0000000000006e26       0x1a build/main.o
                0x0000000000006e26                std::__cxx11::basic_string<char, std::char_traits<char>, std::allocator<char> >::c_str() const
 .text._ZNSt7__cxx1112basic_stringIcSt11char_traitsIcESaIcEE12_Alloc_hiderD2Ev
                0x0000000000006e40       0x1b build/main.o
                0x0000000000006e40                std::__cxx11::basic_string<char, std::char_traits<char>, std::allocator<char> >::_Alloc_hider::~_Alloc_hider()
                0x0000000000006e40                std::__cxx11::basic_string<char, std::char_traits<char>, std::allocator<char> >::_Alloc_hider::~_Alloc_hider()
 *fill*         0x0000000000006e5b        0x1 
 .text._ZNSt7__cxx1112basic_stringIcSt11char_traitsIcESaIcEED2Ev
                0x0000000000006e5c       0x27 build/main.o
                0x0000000000006e5c                std::__cxx11::basic_string<char, std::char_traits<char>, std::allocator<char> >::~basic_string()
                0x0000000000006e5c                std::__cxx11::basic_string<char, std::char_traits<char>, std::allocator<char> >::~basic_string()
 *fill*         0x0000000000006e83        0x1 
 .text._ZNKSt7__cxx1112basic_stringIcSt11char_traitsIcESaIcEE4dataEv
                0x0000000000006e84       0x1a build/main.o
                0x0000000000006e84                std::__cxx11::basic_string<char, std::char_traits<char>, std::allocator<char> >::data() const
 .text._ZNKSt7__cxx1112basic_stringIcSt11char_traitsIcESaIcEE4sizeEv
                0x0000000000006e9e       0x12 build/main.o
                0x0000000000006e9e                std::__cxx11::basic_string<char, std::char_traits<char>, std::allocator<char> >::size() const
 .text._ZN15QTypedArrayDataItE10deallocateEP10QArrayData
                0x0000000000006eb0       0x25 build/main.o
                0x0000000000006eb0                QTypedArrayData<unsigned short>::deallocate(QArrayData*)
 .text._ZSt3maxImERKT_S2_S2_
                0x0000000000006ed5       0x2b build/main.o
                0x0000000000006ed5                unsigned long const& std::max<unsigned long>(unsigned long const&, unsigned long const&)
 .text._ZNSt6vectorIhSaIhEEC2Ev
                0x0000000000006f00       0x1b build/main.o
                0x0000000000006f00                std::vector<unsigned char, std::allocator<unsigned char> >::vector()
                0x0000000000006f00                std::vector<unsigned char, std::allocator<unsigned char> >::vector()
 *fill*         0x0000000000006f1b        0x1 
 .text._ZNSt6vectorIhSaIhEED2Ev
                0x0000000000006f1c       0x44 build/main.o
                0x0000000000006f1c                std::vector<unsigned char, std::allocator<unsigned char> >::~vector()
                0x0000000000006f1c                std::vector<unsigned char, std::allocator<unsigned char> >::~vector()
 .text._ZNSt6vectorIhSaIhEE6resizeEm
                0x0000000000006f60       0x88 build/main.o
                0x0000000000006f60                std::vector<unsigned char, std::allocator<unsigned char> >::resize(unsigned long)
 .text._ZNSt6vectorIhSaIhEE4dataEv
                0x0000000000006fe8       0x24 build/main.o
                0x0000000000006fe8                std::vector<unsigned char, std::allocator<unsigned char> >::data()
 .text._ZSt4moveIRSt6vectorIhSaIhEEEONSt16remove_referenceIT_E4typeEOS5_
                0x000000000000700c        0xe build/main.o
                0x000000000000700c                std::remove_reference<std::vector<unsigned char, std::allocator<unsigned char> >&>::type&& std::move<std::vector<unsigned char, std::allocator<unsigned char> >&>(std::vector<unsigned char, std::allocator<unsigned char> >&)
 .text._ZN5igris8delegateIvJPN4crow6packetEEEaSERKS4_
                0x000000000000701a       0x38 build/main.o
                0x000000000000701a                igris::delegate<void, crow::packet*>::operator=(igris::delegate<void, crow::packet*> const&)
 .text._ZNKSt6vectorIhSaIhEE4dataEv
                0x0000000000007052       0x24 build/main.o
                0x0000000000007052                std::vector<unsigned char, std::allocator<unsigned char> >::data() const
 .text._ZNKSt6vectorIhSaIhEE4sizeEv
                0x0000000000007076       0x22 build/main.o
                0x0000000000007076                std::vector<unsigned char, std::allocator<unsigned char> >::size() const
 .text._ZN5igris8delegateIvJPN4crow6packetEEEC2ERKS4_
                0x0000000000007098       0x35 build/main.o
                0x0000000000007098                igris::delegate<void, crow::packet*>::delegate(igris::delegate<void, crow::packet*> const&)
                0x0000000000007098                igris::delegate<void, crow::packet*>::delegate(igris::delegate<void, crow::packet*> const&)
 *fill*         0x00000000000070cd        0x1 
 .text._ZN5igris8delegateIvJPN4crow6packetEEEC2Ev
                0x00000000000070ce       0x1b build/main.o
                0x00000000000070ce                igris::delegate<void, crow::packet*>::delegate()
                0x00000000000070ce                igris::delegate<void, crow::packet*>::delegate()
 *fill*         0x00000000000070e9        0x1 
 .text._ZNSt6vectorIfSaIfEEC2Ev
                0x00000000000070ea       0x1b build/main.o
                0x00000000000070ea                std::vector<float, std::allocator<float> >::vector()
                0x00000000000070ea                std::vector<float, std::allocator<float> >::vector()
 *fill*         0x0000000000007105        0x1 
 .text._ZNSt6vectorIfSaIfEED2Ev
                0x0000000000007106       0x44 build/main.o
                0x0000000000007106                std::vector<float, std::allocator<float> >::~vector()
                0x0000000000007106                std::vector<float, std::allocator<float> >::~vector()
 .text._ZN3nos7printlnIJA25_cmEEElDpRKT_
                0x000000000000714a       0x2f build/main.o
                0x000000000000714a                long nos::println<char [25], unsigned long>(char const (&) [25], unsigned long const&)
 *fill*         0x0000000000007179        0x1 
 .text._ZNSt6vectorIfSaIfEE6resizeEm
                0x000000000000717a       0x8c build/main.o
                0x000000000000717a                std::vector<float, std::allocator<float> >::resize(unsigned long)
 .text._ZNSt6vectorIfSaIfEE4dataEv
                0x0000000000007206       0x24 build/main.o
                0x0000000000007206                std::vector<float, std::allocator<float> >::data()
 .text._ZN3nos7printlnIJSt6vectorIfSaIfEEEEElDpRKT_
                0x000000000000722a       0x27 build/main.o
                0x000000000000722a                long nos::println<std::vector<float, std::allocator<float> > >(std::vector<float, std::allocator<float> > const&)
 .text._ZN3nos7printlnIJA29_cPcEEElDpRKT_
                0x0000000000007251       0x2f build/main.o
                0x0000000000007251                long nos::println<char [29], char*>(char const (&) [29], char* const&)
 .text._ZNSt7__cxx1112basic_stringIcSt11char_traitsIcESaIcEEC2EPKcRKS3_
                0x0000000000007280       0x97 build/main.o
                0x0000000000007280                std::__cxx11::basic_string<char, std::char_traits<char>, std::allocator<char> >::basic_string(char const*, std::allocator<char> const&)
                0x0000000000007280                std::__cxx11::basic_string<char, std::char_traits<char>, std::allocator<char> >::basic_string(char const*, std::allocator<char> const&)
 *fill*         0x0000000000007317        0x1 
 .text._ZNSt6vectorIhSaIhEEaSEOS1_
                0x0000000000007318       0x69 build/main.o
                0x0000000000007318                std::vector<unsigned char, std::allocator<unsigned char> >::operator=(std::vector<unsigned char, std::allocator<unsigned char> >&&)
 *fill*         0x0000000000007381        0x1 
 .text._ZN5igris8delegateIvJPN4crow6packetEEEC2EPFvS3_E
                0x0000000000007382       0x32 build/main.o
                0x0000000000007382                igris::delegate<void, crow::packet*>::delegate(void (*)(crow::packet*))
                0x0000000000007382                igris::delegate<void, crow::packet*>::delegate(void (*)(crow::packet*))
 .text._ZN10QAtomicOpsIiE4loadIiEET_RKSt6atomicIS2_E
                0x00000000000073b4       0x36 build/main.o
                0x00000000000073b4                int QAtomicOps<int>::load<int>(std::atomic<int> const&)
 .text._ZN10QAtomicOpsIiE5derefIiEEbRSt6atomicIT_E
                0x00000000000073ea       0x1f build/main.o
                0x00000000000073ea                bool QAtomicOps<int>::deref<int>(std::atomic<int>&)
 *fill*         0x0000000000007409        0x1 
 .text._ZNKSt7__cxx1112basic_stringIcSt11char_traitsIcESaIcEE7_M_dataEv
                0x000000000000740a       0x11 build/main.o
                0x000000000000740a                std::__cxx11::basic_string<char, std::char_traits<char>, std::allocator<char> >::_M_data() const
 *fill*         0x000000000000741b        0x1 
 .text._ZNSt7__cxx1112basic_stringIcSt11char_traitsIcESaIcEE10_M_disposeEv
                0x000000000000741c       0x39 build/main.o
                0x000000000000741c                std::__cxx11::basic_string<char, std::char_traits<char>, std::allocator<char> >::_M_dispose()
 *fill*         0x0000000000007455        0x1 
 .text._ZNSt7__cxx1112basic_stringIcSt11char_traitsIcESaIcEE13_M_local_dataEv
                0x0000000000007456       0x1e build/main.o
                0x0000000000007456                std::__cxx11::basic_string<char, std::char_traits<char>, std::allocator<char> >::_M_local_data()
 .text._ZNSt7__cxx1112basic_stringIcSt11char_traitsIcESaIcEE12_Alloc_hiderC2EPcRKS3_
                0x0000000000007474       0x35 build/main.o
                0x0000000000007474                std::__cxx11::basic_string<char, std::char_traits<char>, std::allocator<char> >::_Alloc_hider::_Alloc_hider(char*, std::allocator<char> const&)
                0x0000000000007474                std::__cxx11::basic_string<char, std::char_traits<char>, std::allocator<char> >::_Alloc_hider::_Alloc_hider(char*, std::allocator<char> const&)
 *fill*         0x00000000000074a9        0x1 
 .text._ZNSt7__cxx1112basic_stringIcSt11char_traitsIcESaIcEE12_M_constructIPKcEEvT_S8_
                0x00000000000074aa       0x38 build/main.o
                0x00000000000074aa                void std::__cxx11::basic_string<char, std::char_traits<char>, std::allocator<char> >::_M_construct<char const*>(char const*, char const*)
 .text._ZNSt12_Vector_baseIhSaIhEE12_Vector_implD2Ev
                0x00000000000074e2       0x1b build/main.o
                0x00000000000074e2                std::_Vector_base<unsigned char, std::allocator<unsigned char> >::_Vector_impl::~_Vector_impl()
                0x00000000000074e2                std::_Vector_base<unsigned char, std::allocator<unsigned char> >::_Vector_impl::~_Vector_impl()
 *fill*         0x00000000000074fd        0x1 
 .text._ZNSt12_Vector_baseIhSaIhEEC2Ev
                0x00000000000074fe       0x1b build/main.o
                0x00000000000074fe                std::_Vector_base<unsigned char, std::allocator<unsigned char> >::_Vector_base()
                0x00000000000074fe                std::_Vector_base<unsigned char, std::allocator<unsigned char> >::_Vector_base()
 *fill*         0x0000000000007519        0x1 
 .text._ZNSt12_Vector_baseIhSaIhEED2Ev
                0x000000000000751a       0x4c build/main.o
                0x000000000000751a                std::_Vector_base<unsigned char, std::allocator<unsigned char> >::~_Vector_base()
                0x000000000000751a                std::_Vector_base<unsigned char, std::allocator<unsigned char> >::~_Vector_base()
 .text._ZNSt12_Vector_baseIhSaIhEE19_M_get_Tp_allocatorEv
                0x0000000000007566        0xe build/main.o
                0x0000000000007566                std::_Vector_base<unsigned char, std::allocator<unsigned char> >::_M_get_Tp_allocator()
 .text._ZSt8_DestroyIPhhEvT_S1_RSaIT0_E
                0x0000000000007574       0x2a build/main.o
                0x0000000000007574                void std::_Destroy<unsigned char*, unsigned char>(unsigned char*, unsigned char*, std::allocator<unsigned char>&)
 .text._ZNSt6vectorIhSaIhEE17_M_default_appendEm
                0x000000000000759e      0x22e build/main.o
                0x000000000000759e                std::vector<unsigned char, std::allocator<unsigned char> >::_M_default_append(unsigned long)
 .text._ZNSt6vectorIhSaIhEE15_M_erase_at_endEPh
                0x00000000000077cc       0x45 build/main.o
                0x00000000000077cc                std::vector<unsigned char, std::allocator<unsigned char> >::_M_erase_at_end(unsigned char*)
 *fill*         0x0000000000007811        0x1 
 .text._ZNKSt6vectorIhSaIhEE11_M_data_ptrIhEEPT_S4_
                0x0000000000007812       0x12 build/main.o
                0x0000000000007812                unsigned char* std::vector<unsigned char, std::allocator<unsigned char> >::_M_data_ptr<unsigned char>(unsigned char*) const
 .text._ZN5igris8delegateIvJPN4crow6packetEEE5cleanEv
                0x0000000000007824       0x2e build/main.o
                0x0000000000007824                igris::delegate<void, crow::packet*>::clean()
 .text._ZNSt12_Vector_baseIfSaIfEE12_Vector_implD2Ev
                0x0000000000007852       0x1b build/main.o
                0x0000000000007852                std::_Vector_base<float, std::allocator<float> >::_Vector_impl::~_Vector_impl()
                0x0000000000007852                std::_Vector_base<float, std::allocator<float> >::_Vector_impl::~_Vector_impl()
 *fill*         0x000000000000786d        0x1 
 .text._ZNSt12_Vector_baseIfSaIfEEC2Ev
                0x000000000000786e       0x1b build/main.o
                0x000000000000786e                std::_Vector_base<float, std::allocator<float> >::_Vector_base()
                0x000000000000786e                std::_Vector_base<float, std::allocator<float> >::_Vector_base()
 *fill*         0x0000000000007889        0x1 
 .text._ZNSt12_Vector_baseIfSaIfEED2Ev
                0x000000000000788a       0x50 build/main.o
                0x000000000000788a                std::_Vector_base<float, std::allocator<float> >::~_Vector_base()
                0x000000000000788a                std::_Vector_base<float, std::allocator<float> >::~_Vector_base()
 .text._ZNSt12_Vector_baseIfSaIfEE19_M_get_Tp_allocatorEv
                0x00000000000078da        0xe build/main.o
                0x00000000000078da                std::_Vector_base<float, std::allocator<float> >::_M_get_Tp_allocator()
 .text._ZSt8_DestroyIPffEvT_S1_RSaIT0_E
                0x00000000000078e8       0x2a build/main.o
                0x00000000000078e8                void std::_Destroy<float*, float>(float*, float*, std::allocator<float>&)
 .text._ZN3nos10println_toIJA25_cmEEElRNS_7ostreamEDpRKT_
                0x0000000000007912       0x4d build/main.o
                0x0000000000007912                long nos::println_to<char [25], unsigned long>(nos::ostream&, char const (&) [25], unsigned long const&)
 *fill*         0x000000000000795f        0x1 
 .text._ZNKSt6vectorIfSaIfEE4sizeEv
                0x0000000000007960       0x26 build/main.o
                0x0000000000007960                std::vector<float, std::allocator<float> >::size() const
 .text._ZNSt6vectorIfSaIfEE17_M_default_appendEm
                0x0000000000007986      0x25e build/main.o
                0x0000000000007986                std::vector<float, std::allocator<float> >::_M_default_append(unsigned long)
 .text._ZNSt6vectorIfSaIfEE15_M_erase_at_endEPf
                0x0000000000007be4       0x45 build/main.o
                0x0000000000007be4                std::vector<float, std::allocator<float> >::_M_erase_at_end(float*)
 *fill*         0x0000000000007c29        0x1 
 .text._ZNKSt6vectorIfSaIfEE11_M_data_ptrIfEEPT_S4_
                0x0000000000007c2a       0x12 build/main.o
                0x0000000000007c2a                float* std::vector<float, std::allocator<float> >::_M_data_ptr<float>(float*) const
 .text._ZN3nos10println_toIJSt6vectorIfSaIfEEEEElRNS_7ostreamEDpRKT_
                0x0000000000007c3c       0x45 build/main.o
                0x0000000000007c3c                long nos::println_to<std::vector<float, std::allocator<float> > >(nos::ostream&, std::vector<float, std::allocator<float> > const&)
 .text._ZN3nos10println_toIJA29_cPcEEElRNS_7ostreamEDpRKT_
                0x0000000000007c81       0x4d build/main.o
                0x0000000000007c81                long nos::println_to<char [29], char*>(nos::ostream&, char const (&) [29], char* const&)
 .text._ZNSt6vectorIhSaIhEE14_M_move_assignEOS1_St17integral_constantIbLb1EE
                0x0000000000007cce       0xc6 build/main.o
                0x0000000000007cce                std::vector<unsigned char, std::allocator<unsigned char> >::_M_move_assign(std::vector<unsigned char, std::allocator<unsigned char> >&&, std::integral_constant<bool, true>)
 .text._ZNSt13__atomic_baseIiEmmEv
                0x0000000000007d94       0x1f build/main.o
                0x0000000000007d94                std::__atomic_base<int>::operator--()
 *fill*         0x0000000000007db3        0x1 
 .text._ZNKSt7__cxx1112basic_stringIcSt11char_traitsIcESaIcEE11_M_is_localEv
                0x0000000000007db4       0x35 build/main.o
                0x0000000000007db4                std::__cxx11::basic_string<char, std::char_traits<char>, std::allocator<char> >::_M_is_local() const
 *fill*         0x0000000000007de9        0x1 
 .text._ZNSt7__cxx1112basic_stringIcSt11char_traitsIcESaIcEE10_M_destroyEm
                0x0000000000007dea       0x4e build/main.o
                0x0000000000007dea                std::__cxx11::basic_string<char, std::char_traits<char>, std::allocator<char> >::_M_destroy(unsigned long)
 .text._ZNSt14pointer_traitsIPcE10pointer_toERc
                0x0000000000007e38       0x1a build/main.o
                0x0000000000007e38                std::pointer_traits<char*>::pointer_to(char&)
 .text._ZNSt7__cxx1112basic_stringIcSt11char_traitsIcESaIcEE16_M_construct_auxIPKcEEvT_S8_St12__false_type
                0x0000000000007e52       0x5b build/main.o
                0x0000000000007e52                void std::__cxx11::basic_string<char, std::char_traits<char>, std::allocator<char> >::_M_construct_aux<char const*>(char const*, char const*, std::__false_type)
 *fill*         0x0000000000007ead        0x1 
 .text._ZNKSt7__cxx1112basic_stringIcSt11char_traitsIcESaIcEE16_M_get_allocatorEv
                0x0000000000007eae        0xe build/main.o
                0x0000000000007eae                std::__cxx11::basic_string<char, std::char_traits<char>, std::allocator<char> >::_M_get_allocator() const
 .text._ZNSt7__cxx1112basic_stringIcSt11char_traitsIcESaIcEE16_M_get_allocatorEv
                0x0000000000007ebc        0xe build/main.o
                0x0000000000007ebc                std::__cxx11::basic_string<char, std::char_traits<char>, std::allocator<char> >::_M_get_allocator()
 .text._ZNSt7__cxx1112basic_stringIcSt11char_traitsIcESaIcEE7_M_dataEPc
                0x0000000000007eca       0x1a build/main.o
                0x0000000000007eca                std::__cxx11::basic_string<char, std::char_traits<char>, std::allocator<char> >::_M_data(char*)
 .text._ZNSt7__cxx1112basic_stringIcSt11char_traitsIcESaIcEE11_M_capacityEm
                0x0000000000007ee4       0x1b build/main.o
                0x0000000000007ee4                std::__cxx11::basic_string<char, std::char_traits<char>, std::allocator<char> >::_M_capacity(unsigned long)
 *fill*         0x0000000000007eff        0x1 
 .text._ZNSt7__cxx1112basic_stringIcSt11char_traitsIcESaIcEE9_M_lengthEm
                0x0000000000007f00       0x1b build/main.o
                0x0000000000007f00                std::__cxx11::basic_string<char, std::char_traits<char>, std::allocator<char> >::_M_length(unsigned long)
 *fill*         0x0000000000007f1b        0x1 
 .text._ZNSt7__cxx1112basic_stringIcSt11char_traitsIcESaIcEE13_M_set_lengthEm
                0x0000000000007f1c       0x72 build/main.o
                0x0000000000007f1c                std::__cxx11::basic_string<char, std::char_traits<char>, std::allocator<char> >::_M_set_length(unsigned long)
 .text._ZNSt12_Vector_baseIhSaIhEE12_Vector_implC2Ev
                0x0000000000007f8e       0x3e build/main.o
                0x0000000000007f8e                std::_Vector_base<unsigned char, std::allocator<unsigned char> >::_Vector_impl::_Vector_impl()
                0x0000000000007f8e                std::_Vector_base<unsigned char, std::allocator<unsigned char> >::_Vector_impl::_Vector_impl()
 .text._ZNSaIhED2Ev
                0x0000000000007fcc       0x1b build/main.o
                0x0000000000007fcc                std::allocator<unsigned char>::~allocator()
                0x0000000000007fcc                std::allocator<unsigned char>::~allocator()
 *fill*         0x0000000000007fe7        0x1 
 .text._ZNSt12_Vector_baseIhSaIhEE13_M_deallocateEPhm
                0x0000000000007fe8       0x35 build/main.o
                0x0000000000007fe8                std::_Vector_base<unsigned char, std::allocator<unsigned char> >::_M_deallocate(unsigned char*, unsigned long)
 .text._ZSt8_DestroyIPhEvT_S1_
                0x000000000000801d       0x26 build/main.o
                0x000000000000801d                void std::_Destroy<unsigned char*>(unsigned char*, unsigned char*)
 .text._ZSt27__uninitialized_default_n_aIPhmhET_S1_T0_RSaIT1_E
                0x0000000000008043       0x29 build/main.o
                0x0000000000008043                unsigned char* std::__uninitialized_default_n_a<unsigned char*, unsigned long, unsigned char>(unsigned char*, unsigned long, std::allocator<unsigned char>&)
 .text._ZNKSt6vectorIhSaIhEE12_M_check_lenEmPKc
                0x000000000000806c       0xec build/main.o
                0x000000000000806c                std::vector<unsigned char, std::allocator<unsigned char> >::_M_check_len(unsigned long, char const*) const
 .text._ZNSt12_Vector_baseIhSaIhEE11_M_allocateEm
                0x0000000000008158       0x33 build/main.o
                0x0000000000008158                std::_Vector_base<unsigned char, std::allocator<unsigned char> >::_M_allocate(unsigned long)
 .text._ZSt32__make_move_if_noexcept_iteratorIhSt13move_iteratorIPhEET0_PT_
                0x000000000000818b       0x48 build/main.o
                0x000000000000818b                std::move_iterator<unsigned char*> std::__make_move_if_noexcept_iterator<unsigned char, std::move_iterator<unsigned char*> >(unsigned char*)
 .text._ZSt34__uninitialized_move_if_noexcept_aIPhS0_SaIhEET0_T_S3_S2_RT1_
                0x00000000000081d3       0x54 build/main.o
                0x00000000000081d3                unsigned char* std::__uninitialized_move_if_noexcept_a<unsigned char*, unsigned char*, std::allocator<unsigned char> >(unsigned char*, unsigned char*, unsigned char*, std::allocator<unsigned char>&)
 .text._ZSt4moveIRSaIhEEONSt16remove_referenceIT_E4typeEOS3_
                0x0000000000008227        0xe build/main.o
                0x0000000000008227                std::remove_reference<std::allocator<unsigned char>&>::type&& std::move<std::allocator<unsigned char>&>(std::allocator<unsigned char>&)
 *fill*         0x0000000000008235        0x1 
 .text._ZNSt12_Vector_baseIhSaIhEE12_Vector_impl12_M_swap_dataERS2_
                0x0000000000008236       0x5c build/main.o
                0x0000000000008236                std::_Vector_base<unsigned char, std::allocator<unsigned char> >::_Vector_impl::_M_swap_data(std::_Vector_base<unsigned char, std::allocator<unsigned char> >::_Vector_impl&)
 .text._ZNKSt7__cxx1112basic_stringIcSt11char_traitsIcESaIcEE8max_sizeEv
                0x0000000000008292       0x29 build/main.o
                0x0000000000008292                std::__cxx11::basic_string<char, std::char_traits<char>, std::allocator<char> >::max_size() const
 .text._ZNSt7__cxx1112basic_stringIcSt11char_traitsIcESaIcEE7_S_copyEPcPKcm
                0x00000000000082bb       0x4a build/main.o
                0x00000000000082bb                std::__cxx11::basic_string<char, std::char_traits<char>, std::allocator<char> >::_S_copy(char*, char const*, unsigned long)
 *fill*         0x0000000000008305        0x1 
 .text._ZNSt12_Vector_baseIfSaIfEE12_Vector_implC2Ev
                0x0000000000008306       0x3e build/main.o
                0x0000000000008306                std::_Vector_base<float, std::allocator<float> >::_Vector_impl::_Vector_impl()
                0x0000000000008306                std::_Vector_base<float, std::allocator<float> >::_Vector_impl::_Vector_impl()
 .text._ZNSaIfED2Ev
                0x0000000000008344       0x1b build/main.o
                0x0000000000008344                std::allocator<float>::~allocator()
                0x0000000000008344                std::allocator<float>::~allocator()
 *fill*         0x000000000000835f        0x1 
 .text._ZNSt12_Vector_baseIfSaIfEE13_M_deallocateEPfm
                0x0000000000008360       0x35 build/main.o
                0x0000000000008360                std::_Vector_base<float, std::allocator<float> >::_M_deallocate(float*, unsigned long)
 .text._ZSt8_DestroyIPfEvT_S1_
                0x0000000000008395       0x26 build/main.o
                0x0000000000008395                void std::_Destroy<float*>(float*, float*)
 .text._ZN3nos8print_toIA25_cJmEEElRNS_7ostreamERKT_DpRKT0_
                0x00000000000083bb       0x65 build/main.o
                0x00000000000083bb                long nos::print_to<char [25], unsigned long>(nos::ostream&, char const (&) [25], unsigned long const&)
 .text._ZSt27__uninitialized_default_n_aIPfmfET_S1_T0_RSaIT1_E
                0x0000000000008420       0x29 build/main.o
                0x0000000000008420                float* std::__uninitialized_default_n_a<float*, unsigned long, float>(float*, unsigned long, std::allocator<float>&)
 *fill*         0x0000000000008449        0x1 
 .text._ZNKSt6vectorIfSaIfEE12_M_check_lenEmPKc
                0x000000000000844a       0xec build/main.o
                0x000000000000844a                std::vector<float, std::allocator<float> >::_M_check_len(unsigned long, char const*) const
 .text._ZNSt12_Vector_baseIfSaIfEE11_M_allocateEm
                0x0000000000008536       0x33 build/main.o
                0x0000000000008536                std::_Vector_base<float, std::allocator<float> >::_M_allocate(unsigned long)
 .text._ZSt32__make_move_if_noexcept_iteratorIfSt13move_iteratorIPfEET0_PT_
                0x0000000000008569       0x48 build/main.o
                0x0000000000008569                std::move_iterator<float*> std::__make_move_if_noexcept_iterator<float, std::move_iterator<float*> >(float*)
 .text._ZSt34__uninitialized_move_if_noexcept_aIPfS0_SaIfEET0_T_S3_S2_RT1_
                0x00000000000085b1       0x54 build/main.o
                0x00000000000085b1                float* std::__uninitialized_move_if_noexcept_a<float*, float*, std::allocator<float> >(float*, float*, float*, std::allocator<float>&)
 .text._ZN3nos8print_toISt6vectorIfSaIfEEEElRNS_7ostreamERKT_
                0x0000000000008605       0x25 build/main.o
                0x0000000000008605                long nos::print_to<std::vector<float, std::allocator<float> > >(nos::ostream&, std::vector<float, std::allocator<float> > const&)
 .text._ZN3nos8print_toIA29_cJPcEEElRNS_7ostreamERKT_DpRKT0_
                0x000000000000862a       0x65 build/main.o
                0x000000000000862a                long nos::print_to<char [29], char*>(nos::ostream&, char const (&) [29], char* const&)
 *fill*         0x000000000000868f        0x1 
 .text._ZNKSt12_Vector_baseIhSaIhEE13get_allocatorEv
                0x0000000000008690       0x34 build/main.o
                0x0000000000008690                std::_Vector_base<unsigned char, std::allocator<unsigned char> >::get_allocator() const
 .text._ZNSt6vectorIhSaIhEEC2ERKS0_
                0x00000000000086c4       0x26 build/main.o
                0x00000000000086c4                std::vector<unsigned char, std::allocator<unsigned char> >::vector(std::allocator<unsigned char> const&)
                0x00000000000086c4                std::vector<unsigned char, std::allocator<unsigned char> >::vector(std::allocator<unsigned char> const&)
 .text._ZSt15__alloc_on_moveISaIhEEvRT_S2_
                0x00000000000086ea       0x52 build/main.o
                0x00000000000086ea                void std::__alloc_on_move<std::allocator<unsigned char> >(std::allocator<unsigned char>&, std::allocator<unsigned char>&)
 .text._ZNKSt7__cxx1112basic_stringIcSt11char_traitsIcESaIcEE13_M_local_dataEv
                0x000000000000873c       0x1e build/main.o
                0x000000000000873c                std::__cxx11::basic_string<char, std::char_traits<char>, std::allocator<char> >::_M_local_data() const
 .text._ZNSt16allocator_traitsISaIcEE10deallocateERS0_Pcm
                0x000000000000875a       0x2e build/main.o
                0x000000000000875a                std::allocator_traits<std::allocator<char> >::deallocate(std::allocator<char>&, char*, unsigned long)
 .text._ZSt9addressofIcEPT_RS0_
                0x0000000000008788       0x1a build/main.o
                0x0000000000008788                char* std::addressof<char>(char&)
 .text._ZSt19__iterator_categoryIPKcENSt15iterator_traitsIT_E17iterator_categoryERKS3_
                0x00000000000087a2        0xa build/main.o
                0x00000000000087a2                std::iterator_traits<char const*>::iterator_category std::__iterator_category<char const*>(char const* const&)
 .text._ZSt8distanceIPKcENSt15iterator_traitsIT_E15difference_typeES3_S3_
                0x00000000000087ac       0x3f build/main.o
                0x00000000000087ac                std::iterator_traits<char const*>::difference_type std::distance<char const*>(char const*, char const*)
 *fill*         0x00000000000087eb        0x1 
 .text._ZNSt7__cxx1112basic_stringIcSt11char_traitsIcESaIcEE12_M_constructIPKcEEvT_S8_St20forward_iterator_tag
                0x00000000000087ec      0x103 build/main.o
                0x00000000000087ec                void std::__cxx11::basic_string<char, std::char_traits<char>, std::allocator<char> >::_M_construct<char const*>(char const*, char const*, std::forward_iterator_tag)
 *fill*         0x00000000000088ef        0x1 
 .text._ZNSaIhEC2Ev
                0x00000000000088f0       0x1b build/main.o
                0x00000000000088f0                std::allocator<unsigned char>::allocator()
                0x00000000000088f0                std::allocator<unsigned char>::allocator()
 *fill*         0x000000000000890b        0x1 
 .text._ZN9__gnu_cxx13new_allocatorIhED2Ev
                0x000000000000890c        0xb build/main.o
                0x000000000000890c                __gnu_cxx::new_allocator<unsigned char>::~new_allocator()
                0x000000000000890c                __gnu_cxx::new_allocator<unsigned char>::~new_allocator()
 .text._ZNSt16allocator_traitsISaIhEE10deallocateERS0_Phm
                0x0000000000008917       0x2e build/main.o
                0x0000000000008917                std::allocator_traits<std::allocator<unsigned char> >::deallocate(std::allocator<unsigned char>&, unsigned char*, unsigned long)
 .text._ZNSt12_Destroy_auxILb1EE9__destroyIPhEEvT_S3_
                0x0000000000008945        0xf build/main.o
                0x0000000000008945                void std::_Destroy_aux<true>::__destroy<unsigned char*>(unsigned char*, unsigned char*)
 .text._ZSt25__uninitialized_default_nIPhmET_S1_T0_
                0x0000000000008954       0x29 build/main.o
                0x0000000000008954                unsigned char* std::__uninitialized_default_n<unsigned char*, unsigned long>(unsigned char*, unsigned long)
 *fill*         0x000000000000897d        0x1 
 .text._ZNKSt6vectorIhSaIhEE8max_sizeEv
                0x000000000000897e       0x22 build/main.o
                0x000000000000897e                std::vector<unsigned char, std::allocator<unsigned char> >::max_size() const
 .text._ZNSt16allocator_traitsISaIhEE8allocateERS0_m
                0x00000000000089a0       0x2a build/main.o
                0x00000000000089a0                std::allocator_traits<std::allocator<unsigned char> >::allocate(std::allocator<unsigned char>&, unsigned long)
 .text._ZNSt13move_iteratorIPhEC2ES0_
                0x00000000000089ca       0x1a build/main.o
                0x00000000000089ca                std::move_iterator<unsigned char*>::move_iterator(unsigned char*)
                0x00000000000089ca                std::move_iterator<unsigned char*>::move_iterator(unsigned char*)
 .text._ZSt22__uninitialized_copy_aISt13move_iteratorIPhES1_hET0_T_S4_S3_RSaIT1_E
                0x00000000000089e4       0x31 build/main.o
                0x00000000000089e4                unsigned char* std::__uninitialized_copy_a<std::move_iterator<unsigned char*>, unsigned char*, unsigned char>(std::move_iterator<unsigned char*>, std::move_iterator<unsigned char*>, unsigned char*, std::allocator<unsigned char>&)
 *fill*         0x0000000000008a15        0x1 
 .text._ZNSaIhEC2ERKS_
                0x0000000000008a16       0x26 build/main.o
                0x0000000000008a16                std::allocator<unsigned char>::allocator(std::allocator<unsigned char> const&)
                0x0000000000008a16                std::allocator<unsigned char>::allocator(std::allocator<unsigned char> const&)
 .text._ZSt4moveIRPhEONSt16remove_referenceIT_E4typeEOS3_
                0x0000000000008a3c        0xe build/main.o
                0x0000000000008a3c                std::remove_reference<unsigned char*&>::type&& std::move<unsigned char*&>(unsigned char*&)
 .text._ZSt4swapIPhENSt9enable_ifIXsrSt6__and_IJSt6__not_ISt15__is_tuple_likeIT_EESt21is_move_constructibleIS5_ESt18is_move_assignableIS5_EEE5valueEvE4typeERS5_SF_
                0x0000000000008a4a       0x75 build/main.o
                0x0000000000008a4a                std::enable_if<std::__and_<std::__not_<std::__is_tuple_like<unsigned char*> >, std::is_move_constructible<unsigned char*>, std::is_move_assignable<unsigned char*> >::value, void>::type std::swap<unsigned char*>(unsigned char*&, unsigned char*&)
 .text._ZNSt16allocator_traitsISaIcEE8max_sizeERKS0_
                0x0000000000008abf       0x1a build/main.o
                0x0000000000008abf                std::allocator_traits<std::allocator<char> >::max_size(std::allocator<char> const&)
 *fill*         0x0000000000008ad9        0x1 
 .text._ZNSt7__cxx1112basic_stringIcSt11char_traitsIcESaIcEE9_M_createERmm
                0x0000000000008ada       0xc9 build/main.o
                0x0000000000008ada                std::__cxx11::basic_string<char, std::char_traits<char>, std::allocator<char> >::_M_create(unsigned long&, unsigned long)
 *fill*         0x0000000000008ba3        0x1 
 .text._ZNSaIfEC2Ev
                0x0000000000008ba4       0x1b build/main.o
                0x0000000000008ba4                std::allocator<float>::allocator()
                0x0000000000008ba4                std::allocator<float>::allocator()
 *fill*         0x0000000000008bbf        0x1 
 .text._ZN9__gnu_cxx13new_allocatorIfED2Ev
                0x0000000000008bc0        0xb build/main.o
                0x0000000000008bc0                __gnu_cxx::new_allocator<float>::~new_allocator()
                0x0000000000008bc0                __gnu_cxx::new_allocator<float>::~new_allocator()
 .text._ZNSt16allocator_traitsISaIfEE10deallocateERS0_Pfm
                0x0000000000008bcb       0x2e build/main.o
                0x0000000000008bcb                std::allocator_traits<std::allocator<float> >::deallocate(std::allocator<float>&, float*, unsigned long)
 .text._ZNSt12_Destroy_auxILb1EE9__destroyIPfEEvT_S3_
                0x0000000000008bf9        0xf build/main.o
                0x0000000000008bf9                void std::_Destroy_aux<true>::__destroy<float*>(float*, float*)
 .text._ZN3nos8print_toIA25_cEElRNS_7ostreamERKT_
                0x0000000000008c08       0x25 build/main.o
                0x0000000000008c08                long nos::print_to<char [25]>(nos::ostream&, char const (&) [25])
 .text._ZN3nos8print_toImEElRNS_7ostreamERKT_
                0x0000000000008c2d       0x25 build/main.o
                0x0000000000008c2d                long nos::print_to<unsigned long>(nos::ostream&, unsigned long const&)
 .text._ZSt25__uninitialized_default_nIPfmET_S1_T0_
                0x0000000000008c52       0x29 build/main.o
                0x0000000000008c52                float* std::__uninitialized_default_n<float*, unsigned long>(float*, unsigned long)
 *fill*         0x0000000000008c7b        0x1 
 .text._ZNKSt6vectorIfSaIfEE8max_sizeEv
                0x0000000000008c7c       0x22 build/main.o
                0x0000000000008c7c                std::vector<float, std::allocator<float> >::max_size() const
 .text._ZNSt16allocator_traitsISaIfEE8allocateERS0_m
                0x0000000000008c9e       0x2a build/main.o
                0x0000000000008c9e                std::allocator_traits<std::allocator<float> >::allocate(std::allocator<float>&, unsigned long)
 .text._ZNSt13move_iteratorIPfEC2ES0_
                0x0000000000008cc8       0x1a build/main.o
                0x0000000000008cc8                std::move_iterator<float*>::move_iterator(float*)
                0x0000000000008cc8                std::move_iterator<float*>::move_iterator(float*)
 .text._ZSt22__uninitialized_copy_aISt13move_iteratorIPfES1_fET0_T_S4_S3_RSaIT1_E
                0x0000000000008ce2       0x31 build/main.o
                0x0000000000008ce2                float* std::__uninitialized_copy_a<std::move_iterator<float*>, float*, float>(std::move_iterator<float*>, std::move_iterator<float*>, float*, std::allocator<float>&)
 .text._ZN3nos20print_implementationISt6vectorIfSaIfEEE8print_toERNS_7ostreamERKS3_
                0x0000000000008d13       0x25 build/main.o
                0x0000000000008d13                nos::print_implementation<std::vector<float, std::allocator<float> > >::print_to(nos::ostream&, std::vector<float, std::allocator<float> > const&)
 .text._ZN3nos8print_toIA29_cEElRNS_7ostreamERKT_
                0x0000000000008d38       0x25 build/main.o
                0x0000000000008d38                long nos::print_to<char [29]>(nos::ostream&, char const (&) [29])
 .text._ZN3nos8print_toIPcEElRNS_7ostreamERKT_
                0x0000000000008d5d       0x28 build/main.o
                0x0000000000008d5d                long nos::print_to<char*>(nos::ostream&, char* const&)
 *fill*         0x0000000000008d85        0x1 
 .text._ZNKSt12_Vector_baseIhSaIhEE19_M_get_Tp_allocatorEv
                0x0000000000008d86        0xe build/main.o
                0x0000000000008d86                std::_Vector_base<unsigned char, std::allocator<unsigned char> >::_M_get_Tp_allocator() const
 .text._ZNSt12_Vector_baseIhSaIhEEC2ERKS0_
                0x0000000000008d94       0x26 build/main.o
                0x0000000000008d94                std::_Vector_base<unsigned char, std::allocator<unsigned char> >::_Vector_base(std::allocator<unsigned char> const&)
                0x0000000000008d94                std::_Vector_base<unsigned char, std::allocator<unsigned char> >::_Vector_base(std::allocator<unsigned char> const&)
 .text._ZSt18__do_alloc_on_moveISaIhEEvRT_S2_St17integral_constantIbLb1EE
                0x0000000000008dba       0x1f build/main.o
                0x0000000000008dba                void std::__do_alloc_on_move<std::allocator<unsigned char> >(std::allocator<unsigned char>&, std::allocator<unsigned char>&, std::integral_constant<bool, true>)
 .text._ZNSt14pointer_traitsIPKcE10pointer_toERS0_
                0x0000000000008dd9       0x1a build/main.o
                0x0000000000008dd9                std::pointer_traits<char const*>::pointer_to(char const&)
 *fill*         0x0000000000008df3        0x1 
 .text._ZN9__gnu_cxx13new_allocatorIcE10deallocateEPcm
                0x0000000000008df4       0x22 build/main.o
                0x0000000000008df4                __gnu_cxx::new_allocator<char>::deallocate(char*, unsigned long)
 .text._ZSt11__addressofIcEPT_RS0_
                0x0000000000008e16        0xe build/main.o
                0x0000000000008e16                char* std::__addressof<char>(char&)
 .text._ZN9__gnu_cxx17__is_null_pointerIKcEEbPT_
                0x0000000000008e24       0x12 build/main.o
                0x0000000000008e24                bool __gnu_cxx::__is_null_pointer<char const>(char const*)
 .text._ZSt10__distanceIPKcENSt15iterator_traitsIT_E15difference_typeES3_S3_St26random_access_iterator_tag
                0x0000000000008e36       0x1c build/main.o
                0x0000000000008e36                std::iterator_traits<char const*>::difference_type std::__distance<char const*>(char const*, char const*, std::random_access_iterator_tag)
 .text._ZNSt7__cxx1112basic_stringIcSt11char_traitsIcESaIcEE13_S_copy_charsEPcPKcS7_
                0x0000000000008e52       0x3b build/main.o
                0x0000000000008e52                std::__cxx11::basic_string<char, std::char_traits<char>, std::allocator<char> >::_S_copy_chars(char*, char const*, char const*)
 *fill*         0x0000000000008e8d        0x1 
 .text._ZN9__gnu_cxx13new_allocatorIhEC2Ev
                0x0000000000008e8e        0xb build/main.o
                0x0000000000008e8e                __gnu_cxx::new_allocator<unsigned char>::new_allocator()
                0x0000000000008e8e                __gnu_cxx::new_allocator<unsigned char>::new_allocator()
 *fill*         0x0000000000008e99        0x1 
 .text._ZN9__gnu_cxx13new_allocatorIhE10deallocateEPhm
                0x0000000000008e9a       0x22 build/main.o
                0x0000000000008e9a                __gnu_cxx::new_allocator<unsigned char>::deallocate(unsigned char*, unsigned long)
 .text._ZNSt27__uninitialized_default_n_1ILb1EE18__uninit_default_nIPhmEET_S3_T0_
                0x0000000000008ebc       0x50 build/main.o
                0x0000000000008ebc                unsigned char* std::__uninitialized_default_n_1<true>::__uninit_default_n<unsigned char*, unsigned long>(unsigned char*, unsigned long)
 .text._ZNSt16allocator_traitsISaIhEE8max_sizeERKS0_
                0x0000000000008f0c       0x1a build/main.o
                0x0000000000008f0c                std::allocator_traits<std::allocator<unsigned char> >::max_size(std::allocator<unsigned char> const&)
 .text._ZN9__gnu_cxx13new_allocatorIhE8allocateEmPKv
                0x0000000000008f26       0x3e build/main.o
                0x0000000000008f26                __gnu_cxx::new_allocator<unsigned char>::allocate(unsigned long, void const*)
 .text._ZSt18uninitialized_copyISt13move_iteratorIPhES1_ET0_T_S4_S3_
                0x0000000000008f64       0x31 build/main.o
                0x0000000000008f64                unsigned char* std::uninitialized_copy<std::move_iterator<unsigned char*>, unsigned char*>(std::move_iterator<unsigned char*>, std::move_iterator<unsigned char*>, unsigned char*)
 *fill*         0x0000000000008f95        0x1 
 .text._ZN9__gnu_cxx13new_allocatorIhEC2ERKS1_
                0x0000000000008f96        0xf build/main.o
                0x0000000000008f96                __gnu_cxx::new_allocator<unsigned char>::new_allocator(__gnu_cxx::new_allocator<unsigned char> const&)
                0x0000000000008f96                __gnu_cxx::new_allocator<unsigned char>::new_allocator(__gnu_cxx::new_allocator<unsigned char> const&)
 *fill*         0x0000000000008fa5        0x1 
 .text._ZNK9__gnu_cxx13new_allocatorIcE8max_sizeEv
                0x0000000000008fa6       0x11 build/main.o
                0x0000000000008fa6                __gnu_cxx::new_allocator<char>::max_size() const
 .text._ZNSt16allocator_traitsISaIcEE8allocateERS0_m
                0x0000000000008fb7       0x2a build/main.o
                0x0000000000008fb7                std::allocator_traits<std::allocator<char> >::allocate(std::allocator<char>&, unsigned long)
 *fill*         0x0000000000008fe1        0x1 
 .text._ZN9__gnu_cxx13new_allocatorIfEC2Ev
                0x0000000000008fe2        0xb build/main.o
                0x0000000000008fe2                __gnu_cxx::new_allocator<float>::new_allocator()
                0x0000000000008fe2                __gnu_cxx::new_allocator<float>::new_allocator()
 *fill*         0x0000000000008fed        0x1 
 .text._ZN9__gnu_cxx13new_allocatorIfE10deallocateEPfm
                0x0000000000008fee       0x22 build/main.o
                0x0000000000008fee                __gnu_cxx::new_allocator<float>::deallocate(float*, unsigned long)
 .text._ZN3nos27print_implementation_solverIA25_cLb1ELb0ELb1EE8print_toERNS_7ostreamERA25_Kc
                0x0000000000009010       0x66 build/main.o
                0x0000000000009010                nos::print_implementation_solver<char [25], true, false, true>::print_to(nos::ostream&, char const (&) [25])
 .text._ZN3nos27print_implementation_solverImLb1ELb0ELb1EE8print_toERNS_7ostreamERKm
                0x0000000000009076       0x6c build/main.o
                0x0000000000009076                nos::print_implementation_solver<unsigned long, true, false, true>::print_to(nos::ostream&, unsigned long const&)
 .text._ZNSt27__uninitialized_default_n_1ILb1EE18__uninit_default_nIPfmEET_S3_T0_
                0x00000000000090e2       0x55 build/main.o
                0x00000000000090e2                float* std::__uninitialized_default_n_1<true>::__uninit_default_n<float*, unsigned long>(float*, unsigned long)
 .text._ZNSt16allocator_traitsISaIfEE8max_sizeERKS0_
                0x0000000000009137       0x1a build/main.o
                0x0000000000009137                std::allocator_traits<std::allocator<float> >::max_size(std::allocator<float> const&)
 *fill*         0x0000000000009151        0x1 
 .text._ZNKSt12_Vector_baseIfSaIfEE19_M_get_Tp_allocatorEv
                0x0000000000009152        0xe build/main.o
                0x0000000000009152                std::_Vector_base<float, std::allocator<float> >::_M_get_Tp_allocator() const
 .text._ZN9__gnu_cxx13new_allocatorIfE8allocateEmPKv
                0x0000000000009160       0x42 build/main.o
                0x0000000000009160                __gnu_cxx::new_allocator<float>::allocate(unsigned long, void const*)
 .text._ZSt18uninitialized_copyISt13move_iteratorIPfES1_ET0_T_S4_S3_
                0x00000000000091a2       0x31 build/main.o
                0x00000000000091a2                float* std::uninitialized_copy<std::move_iterator<float*>, float*>(std::move_iterator<float*>, std::move_iterator<float*>, float*)
 .text._ZN3nos13print_list_toISt6vectorIfSaIfEEEElRNS_7ostreamERKT_
                0x00000000000091d3      0x124 build/main.o
                0x00000000000091d3                long nos::print_list_to<std::vector<float, std::allocator<float> > >(nos::ostream&, std::vector<float, std::allocator<float> > const&)
 .text._ZN3nos27print_implementation_solverIA29_cLb1ELb0ELb1EE8print_toERNS_7ostreamERA29_Kc
                0x00000000000092f7       0x66 build/main.o
                0x00000000000092f7                nos::print_implementation_solver<char [29], true, false, true>::print_to(nos::ostream&, char const (&) [29])
 .text._ZN3nos20print_implementationIPcE8print_toERNS_7ostreamEPKc
                0x000000000000935d       0x25 build/main.o
                0x000000000000935d                nos::print_implementation<char*>::print_to(nos::ostream&, char const*)
 .text._ZNSt12_Vector_baseIhSaIhEE12_Vector_implC2ERKS0_
                0x0000000000009382       0x49 build/main.o
                0x0000000000009382                std::_Vector_base<unsigned char, std::allocator<unsigned char> >::_Vector_impl::_Vector_impl(std::allocator<unsigned char> const&)
                0x0000000000009382                std::_Vector_base<unsigned char, std::allocator<unsigned char> >::_Vector_impl::_Vector_impl(std::allocator<unsigned char> const&)
 .text._ZSt9addressofIKcEPT_RS1_
                0x00000000000093cb       0x1a build/main.o
                0x00000000000093cb                char const* std::addressof<char const>(char const&)
 .text._ZSt6fill_nIPhmhET_S1_T0_RKT1_
                0x00000000000093e5       0x38 build/main.o
                0x00000000000093e5                unsigned char* std::fill_n<unsigned char*, unsigned long, unsigned char>(unsigned char*, unsigned long, unsigned char const&)
 *fill*         0x000000000000941d        0x1 
 .text._ZNK9__gnu_cxx13new_allocatorIhE8max_sizeEv
                0x000000000000941e       0x11 build/main.o
                0x000000000000941e                __gnu_cxx::new_allocator<unsigned char>::max_size() const
 .text._ZNSt20__uninitialized_copyILb1EE13__uninit_copyISt13move_iteratorIPhES3_EET0_T_S6_S5_
                0x000000000000942f       0x2d build/main.o
                0x000000000000942f                unsigned char* std::__uninitialized_copy<true>::__uninit_copy<std::move_iterator<unsigned char*>, unsigned char*>(std::move_iterator<unsigned char*>, std::move_iterator<unsigned char*>, unsigned char*)
 .text._ZN9__gnu_cxx13new_allocatorIcE8allocateEmPKv
                0x000000000000945c       0x3e build/main.o
                0x000000000000945c                __gnu_cxx::new_allocator<char>::allocate(unsigned long, void const*)
 .text._ZSt6fill_nIPfmfET_S1_T0_RKT1_
                0x000000000000949a       0x38 build/main.o
                0x000000000000949a                float* std::fill_n<float*, unsigned long, float>(float*, unsigned long, float const&)
 .text._ZNK9__gnu_cxx13new_allocatorIfE8max_sizeEv
                0x00000000000094d2       0x14 build/main.o
                0x00000000000094d2                __gnu_cxx::new_allocator<float>::max_size() const
 .text._ZNSt20__uninitialized_copyILb1EE13__uninit_copyISt13move_iteratorIPfES3_EET0_T_S6_S5_
                0x00000000000094e6       0x2d build/main.o
                0x00000000000094e6                float* std::__uninitialized_copy<true>::__uninit_copy<std::move_iterator<float*>, float*>(std::move_iterator<float*>, std::move_iterator<float*>, float*)
 *fill*         0x0000000000009513        0x1 
 .text._ZNKSt6vectorIfSaIfEEixEm
                0x0000000000009514       0x20 build/main.o
                0x0000000000009514                std::vector<float, std::allocator<float> >::operator[](unsigned long) const
 .text._ZN3nos8print_toIfEElRNS_7ostreamERKT_
                0x0000000000009534       0x25 build/main.o
                0x0000000000009534                long nos::print_to<float>(nos::ostream&, float const&)
 .text._ZN3nos11printptr_toIcEElRNS_7ostreamEPKT_
                0x0000000000009559       0x25 build/main.o
                0x0000000000009559                long nos::printptr_to<char>(nos::ostream&, char const*)
 .text._ZSt11__addressofIKcEPT_RS1_
                0x000000000000957e        0xe build/main.o
                0x000000000000957e                char const* std::__addressof<char const>(char const&)
 .text._ZSt12__niter_baseIPhET_S1_
                0x000000000000958c        0xe build/main.o
                0x000000000000958c                unsigned char* std::__niter_base<unsigned char*>(unsigned char*)
 .text._ZSt10__fill_n_aImhEN9__gnu_cxx11__enable_ifIXsrSt9__is_byteIT0_E7__valueEPS3_E6__typeES5_T_RKS3_
                0x000000000000959a       0x40 build/main.o
                0x000000000000959a                __gnu_cxx::__enable_if<std::__is_byte<unsigned char>::__value, unsigned char*>::__type std::__fill_n_a<unsigned long, unsigned char>(unsigned char*, unsigned long, unsigned char const&)
 .text._ZNKSt13move_iteratorIPhE4baseEv
                0x00000000000095da       0x11 build/main.o
                0x00000000000095da                std::move_iterator<unsigned char*>::base() const
 .text._ZSt4copyISt13move_iteratorIPhES1_ET0_T_S4_S3_
                0x00000000000095eb       0x4c build/main.o
                0x00000000000095eb                unsigned char* std::copy<std::move_iterator<unsigned char*>, unsigned char*>(std::move_iterator<unsigned char*>, std::move_iterator<unsigned char*>, unsigned char*)
 .text._ZSt12__niter_baseIPfET_S1_
                0x0000000000009637        0xe build/main.o
                0x0000000000009637                float* std::__niter_base<float*>(float*)
 .text._ZSt10__fill_n_aIPfmfEN9__gnu_cxx11__enable_ifIXsrSt11__is_scalarIT1_E7__valueET_E6__typeES6_T0_RKS4_
                0x0000000000009645       0x4b build/main.o
                0x0000000000009645                __gnu_cxx::__enable_if<std::__is_scalar<float>::__value, float*>::__type std::__fill_n_a<float*, unsigned long, float>(float*, unsigned long, float const&)
 .text._ZNKSt13move_iteratorIPfE4baseEv
                0x0000000000009690       0x11 build/main.o
                0x0000000000009690                std::move_iterator<float*>::base() const
 .text._ZSt4copyISt13move_iteratorIPfES1_ET0_T_S4_S3_
                0x00000000000096a1       0x4c build/main.o
                0x00000000000096a1                float* std::copy<std::move_iterator<float*>, float*>(std::move_iterator<float*>, std::move_iterator<float*>, float*)
 .text._ZN3nos27print_implementation_solverIfLb1ELb0ELb1EE8print_toERNS_7ostreamERKf
                0x00000000000096ed       0x70 build/main.o
                0x00000000000096ed                nos::print_implementation_solver<float, true, false, true>::print_to(nos::ostream&, float const&)
 .text._ZSt8__fill_aIhEN9__gnu_cxx11__enable_ifIXsrSt9__is_byteIT_E7__valueEvE6__typeEPS3_S7_RKS3_
                0x000000000000975d       0x50 build/main.o
                0x000000000000975d                __gnu_cxx::__enable_if<std::__is_byte<unsigned char>::__value, void>::__type std::__fill_a<unsigned char>(unsigned char*, unsigned char*, unsigned char const&)
 .text._ZSt12__miter_baseIPhEDTcl12__miter_basecldtfp_4baseEEESt13move_iteratorIT_E
                0x00000000000097ad       0x22 build/main.o
                0x00000000000097ad                decltype (__miter_base(({parm#1}.base)())) std::__miter_base<unsigned char*>(std::move_iterator<unsigned char*>)
 .text._ZSt14__copy_move_a2ILb1EPhS0_ET1_T0_S2_S1_
                0x00000000000097cf       0x58 build/main.o
                0x00000000000097cf                unsigned char* std::__copy_move_a2<true, unsigned char*, unsigned char*>(unsigned char*, unsigned char*, unsigned char*)
 .text._ZSt12__miter_baseIPfEDTcl12__miter_basecldtfp_4baseEEESt13move_iteratorIT_E
                0x0000000000009827       0x22 build/main.o
                0x0000000000009827                decltype (__miter_base(({parm#1}.base)())) std::__miter_base<float*>(std::move_iterator<float*>)
 .text._ZSt14__copy_move_a2ILb1EPfS0_ET1_T0_S2_S1_
                0x0000000000009849       0x58 build/main.o
                0x0000000000009849                float* std::__copy_move_a2<true, float*, float*>(float*, float*, float*)
 .text._ZSt12__miter_baseIPhET_S1_
                0x00000000000098a1        0xe build/main.o
                0x00000000000098a1                unsigned char* std::__miter_base<unsigned char*>(unsigned char*)
 .text._ZSt13__copy_move_aILb1EPhS0_ET1_T0_S2_S1_
                0x00000000000098af       0x31 build/main.o
                0x00000000000098af                unsigned char* std::__copy_move_a<true, unsigned char*, unsigned char*>(unsigned char*, unsigned char*, unsigned char*)
 .text._ZSt12__miter_baseIPfET_S1_
                0x00000000000098e0        0xe build/main.o
                0x00000000000098e0                float* std::__miter_base<float*>(float*)
 .text._ZSt13__copy_move_aILb1EPfS0_ET1_T0_S2_S1_
                0x00000000000098ee       0x31 build/main.o
                0x00000000000098ee                float* std::__copy_move_a<true, float*, float*>(float*, float*, float*)
 .text._ZNSt11__copy_moveILb1ELb1ESt26random_access_iterator_tagE8__copy_mIhEEPT_PKS3_S6_S4_
                0x000000000000991f       0x51 build/main.o
                0x000000000000991f                unsigned char* std::__copy_move<true, true, std::random_access_iterator_tag>::__copy_m<unsigned char>(unsigned char const*, unsigned char const*, unsigned char*)
 .text._ZNSt11__copy_moveILb1ELb1ESt26random_access_iterator_tagE8__copy_mIfEEPT_PKS3_S6_S4_
                0x0000000000009970       0x65 build/main.o
                0x0000000000009970                float* std::__copy_move<true, true, std::random_access_iterator_tag>::__copy_m<float>(float const*, float const*, float*)
 *fill*         0x00000000000099d5        0x1 
 .text._ZN13DisplayWidgetD2Ev
                0x00000000000099d6       0x49 build/main.o
                0x00000000000099d6                DisplayWidget::~DisplayWidget()
                0x00000000000099d6                DisplayWidget::~DisplayWidget()
                0x0000000000009a19                non-virtual thunk to DisplayWidget::~DisplayWidget()
 *fill*         0x0000000000009a1f        0x1 
 .text._ZN13DisplayWidgetD0Ev
                0x0000000000009a20       0x31 build/main.o
                0x0000000000009a20                DisplayWidget::~DisplayWidget()
                0x0000000000009a4b                non-virtual thunk to DisplayWidget::~DisplayWidget()
 .text          0x0000000000009a51      0x3a5 build/home/mirmik/project/igris/igris/ctrobj/wait-linux.o
                0x0000000000009c8d                wait_current_schedee
                0x0000000000009dcb                unwait_schedee_waiter
 .text._ZNSt5mutex4lockEv
                0x0000000000009df6       0x2e build/home/mirmik/project/igris/igris/ctrobj/wait-linux.o
                0x0000000000009df6                std::mutex::lock()
 .text._ZNSt5mutex6unlockEv
                0x0000000000009e24       0x1b build/home/mirmik/project/igris/igris/ctrobj/wait-linux.o
                0x0000000000009e24                std::mutex::unlock()
 *fill*         0x0000000000009e3f        0x1 
 .text._ZNSt12__mutex_baseC2Ev
                0x0000000000009e40       0x36 build/home/mirmik/project/igris/igris/ctrobj/wait-linux.o
                0x0000000000009e40                std::__mutex_base::__mutex_base()
                0x0000000000009e40                std::__mutex_base::__mutex_base()
 .text._ZNSt5mutexC2Ev
                0x0000000000009e76       0x1b build/home/mirmik/project/igris/igris/ctrobj/wait-linux.o
                0x0000000000009e76                std::mutex::mutex()
                0x0000000000009e76                std::mutex::mutex()
 *fill*         0x0000000000009e91        0x1 
 .text._ZN12linux_waiterC2Ev
                0x0000000000009e92       0x2f build/home/mirmik/project/igris/igris/ctrobj/wait-linux.o
                0x0000000000009e92                linux_waiter::linux_waiter()
                0x0000000000009e92                linux_waiter::linux_waiter()
 *fill*         0x0000000000009ec1        0x1 
 .text._ZN12linux_waiterD2Ev
                0x0000000000009ec2       0x1f build/home/mirmik/project/igris/igris/ctrobj/wait-linux.o
                0x0000000000009ec2                linux_waiter::~linux_waiter()
                0x0000000000009ec2                linux_waiter::~linux_waiter()
 *fill*         0x0000000000009ee1        0x1 
 .text._ZNSt11unique_lockISt5mutexEC2ERS0_
                0x0000000000009ee2       0x45 build/home/mirmik/project/igris/igris/ctrobj/wait-linux.o
                0x0000000000009ee2                std::unique_lock<std::mutex>::unique_lock(std::mutex&)
                0x0000000000009ee2                std::unique_lock<std::mutex>::unique_lock(std::mutex&)
 *fill*         0x0000000000009f27        0x1 
 .text._ZNSt11unique_lockISt5mutexED2Ev
                0x0000000000009f28       0x27 build/home/mirmik/project/igris/igris/ctrobj/wait-linux.o
                0x0000000000009f28                std::unique_lock<std::mutex>::~unique_lock()
                0x0000000000009f28                std::unique_lock<std::mutex>::~unique_lock()
 .text._ZSt11__addressofISt5mutexEPT_RS1_
                0x0000000000009f4f        0xe build/home/mirmik/project/igris/igris/ctrobj/wait-linux.o
                0x0000000000009f4f                std::mutex* std::__addressof<std::mutex>(std::mutex&)
 *fill*         0x0000000000009f5d        0x1 
 .text._ZNSt11unique_lockISt5mutexE4lockEv
                0x0000000000009f5e       0x52 build/home/mirmik/project/igris/igris/ctrobj/wait-linux.o
                0x0000000000009f5e                std::unique_lock<std::mutex>::lock()
 .text._ZNSt11unique_lockISt5mutexE6unlockEv
                0x0000000000009fb0       0x4b build/home/mirmik/project/igris/igris/ctrobj/wait-linux.o
                0x0000000000009fb0                std::unique_lock<std::mutex>::unlock()
 *fill*         0x0000000000009ffb        0x1 
 .text          0x0000000000009ffc      0x182 build/home/mirmik/project/crow/crow/src/acceptor.o
                0x000000000000a050                crow::acceptor::incoming_packet(crow::packet*)
                0x000000000000a0ea                crow::acceptor::undelivered_packet(crow::packet*)
                0x000000000000a109                dynport
 .text._ZN4crow7channel22wait_handshake_requestEv
                0x000000000000a17e       0x1c build/home/mirmik/project/crow/crow/src/acceptor.o
                0x000000000000a17e                crow::channel::wait_handshake_request()
 .text._ZN5igris8delegateIPN4crow7channelEJEEclEv
                0x000000000000a19a       0x88 build/home/mirmik/project/crow/crow/src/acceptor.o
                0x000000000000a19a                igris::delegate<crow::channel*>::operator()()
 .text._Z5dprlnIJA20_cEEvDpRKT_
                0x000000000000a222       0x20 build/home/mirmik/project/crow/crow/src/acceptor.o
                0x000000000000a222                void dprln<char [20]>(char const (&) [20])
 .text          0x000000000000a242     0x148e build/home/mirmik/project/crow/crow/src/tower.o
                0x000000000000a3cd                crow::diagnostic_enable()
                0x000000000000a3db                crow::live_diagnostic_enable()
                0x000000000000a3e9                crow::enable_diagnostic()
                0x000000000000a3f7                crow::enable_live_diagnostic()
                0x000000000000a52c                crow::release(crow::packet*)
                0x000000000000a806                crow::travel(crow::packet*)
                0x000000000000aea6                crow::send(void const*, unsigned char, char const*, unsigned short, unsigned char, unsigned char, unsigned short)
                0x000000000000af84                crow::send_v(void const*, unsigned char, iovec const*, unsigned long, unsigned char, unsigned char, unsigned short)
                0x000000000000b0d3                crow::return_to_tower(crow::packet*, unsigned char)
                0x000000000000b138                crow::onestep_travel_only()
                0x000000000000b19d                crow_undelivered(crow::packet*)
                0x000000000000b55f                crow::onestep()
                0x000000000000b620                crow::spin()
 .text._ZN4crow6packet8stageptrEv
                0x000000000000b6d0       0x24 build/home/mirmik/project/crow/crow/src/tower.o
                0x000000000000b6d0                crow::packet::stageptr()
 .text._ZN4crow6packet7addrptrEv
                0x000000000000b6f4       0x16 build/home/mirmik/project/crow/crow/src/tower.o
                0x000000000000b6f4                crow::packet::addrptr()
 .text._ZN5igris5dlistIN4crow7gatewayEXadL_ZNS2_3lnkEEEEC2Ev
                0x000000000000b70a       0x1b build/home/mirmik/project/crow/crow/src/tower.o
                0x000000000000b70a                igris::dlist<crow::gateway, &crow::gateway::lnk>::dlist()
                0x000000000000b70a                igris::dlist<crow::gateway, &crow::gateway::lnk>::dlist()
 *fill*         0x000000000000b725        0x1 
 .text._ZN5igris5dlistIN4crow7gatewayEXadL_ZNS2_3lnkEEEE5beginEv
                0x000000000000b726       0x2c build/home/mirmik/project/crow/crow/src/tower.o
                0x000000000000b726                igris::dlist<crow::gateway, &crow::gateway::lnk>::begin()
 .text._ZN5igris5dlistIN4crow7gatewayEXadL_ZNS2_3lnkEEEE3endEv
                0x000000000000b752       0x29 build/home/mirmik/project/crow/crow/src/tower.o
                0x000000000000b752                igris::dlist<crow::gateway, &crow::gateway::lnk>::end()
 *fill*         0x000000000000b77b        0x1 
 .text._ZN5igris5dlistIN4crow7gatewayEXadL_ZNS2_3lnkEEEE8iteratorneERKS4_
                0x000000000000b77c       0x22 build/home/mirmik/project/crow/crow/src/tower.o
                0x000000000000b77c                igris::dlist<crow::gateway, &crow::gateway::lnk>::iterator::operator!=(igris::dlist<crow::gateway, &crow::gateway::lnk>::iterator const&)
 .text._ZN5igris5dlistIN4crow7gatewayEXadL_ZNS2_3lnkEEEE8iteratorppEv
                0x000000000000b79e       0x3a build/home/mirmik/project/crow/crow/src/tower.o
                0x000000000000b79e                igris::dlist<crow::gateway, &crow::gateway::lnk>::iterator::operator++()
 .text._ZN5igris5dlistIN4crow7gatewayEXadL_ZNS2_3lnkEEEE8iteratordeEv
                0x000000000000b7d8       0x22 build/home/mirmik/project/crow/crow/src/tower.o
                0x000000000000b7d8                igris::dlist<crow::gateway, &crow::gateway::lnk>::iterator::operator*()
 .text._ZN5igris5dlistIN4crow7gatewayEXadL_ZNS2_3lnkEEEE8iteratorC2EP10dlist_head
                0x000000000000b7fa       0x1a build/home/mirmik/project/crow/crow/src/tower.o
                0x000000000000b7fa                igris::dlist<crow::gateway, &crow::gateway::lnk>::iterator::iterator(dlist_head*)
                0x000000000000b7fa                igris::dlist<crow::gateway, &crow::gateway::lnk>::iterator::iterator(dlist_head*)
 .text._ZN5igris5dlistIN4crow7gatewayEXadL_ZNS2_3lnkEEEE8iteratorC2ERKS4_
                0x000000000000b814       0x1d build/home/mirmik/project/crow/crow/src/tower.o
                0x000000000000b814                igris::dlist<crow::gateway, &crow::gateway::lnk>::iterator::iterator(igris::dlist<crow::gateway, &crow::gateway::lnk>::iterator const&)
                0x000000000000b814                igris::dlist<crow::gateway, &crow::gateway::lnk>::iterator::iterator(igris::dlist<crow::gateway, &crow::gateway::lnk>::iterator const&)
 *fill*         0x000000000000b831        0x1 
 .text._ZN5igris5dlistIN4crow7gatewayEXadL_ZNS2_3lnkEEEED2Ev
                0x000000000000b832       0x1b build/home/mirmik/project/crow/crow/src/tower.o
                0x000000000000b832                igris::dlist<crow::gateway, &crow::gateway::lnk>::~dlist()
                0x000000000000b832                igris::dlist<crow::gateway, &crow::gateway::lnk>::~dlist()
 *fill*         0x000000000000b84d        0x1 
 .text          0x000000000000b84e      0x215 build/home/mirmik/project/crow/crow/src/packet.o
                0x000000000000b874                crow::packet_initialization(crow::packet*, crow::gateway*)
                0x000000000000b8c7                crow::create_packet(crow::gateway*, unsigned char, unsigned long)
                0x000000000000b958                crow::packet::revert_gate(unsigned char)
                0x000000000000b996                crow::packet::revert(iovec*, unsigned long)
 *fill*         0x000000000000ba63        0x1 
 .text          0x000000000000ba64      0x4af build/home/mirmik/project/crow/crow/src/node.o
                0x000000000000bb5f                crow::node_send(unsigned short, unsigned short, void const*, unsigned long, void const*, unsigned long, unsigned char, unsigned short)
                0x000000000000bc3c                crow::node_protocol_cls::incoming(crow::packet*)
                0x000000000000bd2c                crow::node_protocol_cls::undelivered(crow::packet*)
                0x000000000000be1e                crow::link_node(crow::node*, unsigned short)
 *fill*         0x000000000000bf13        0x1 
 .text._ZN4crow8protocol11undeliveredEPNS_6packetE
                0x000000000000bf14       0x1f build/home/mirmik/project/crow/crow/src/node.o
                0x000000000000bf14                crow::protocol::undelivered(crow::packet*)
 *fill*         0x000000000000bf33        0x1 
 .text._ZN4crow8protocolC2Ei
                0x000000000000bf34       0x4c build/home/mirmik/project/crow/crow/src/node.o
                0x000000000000bf34                crow::protocol::protocol(int)
                0x000000000000bf34                crow::protocol::protocol(int)
 .text._ZN4crow17node_protocol_clsC2Ev
                0x000000000000bf80       0x32 build/home/mirmik/project/crow/crow/src/node.o
                0x000000000000bf80                crow::node_protocol_cls::node_protocol_cls()
                0x000000000000bf80                crow::node_protocol_cls::node_protocol_cls()
 .text._ZN5igris5dlistIN4crow4nodeEXadL_ZNS2_3lnkEEEEC2Ev
                0x000000000000bfb2       0x1b build/home/mirmik/project/crow/crow/src/node.o
                0x000000000000bfb2                igris::dlist<crow::node, &crow::node::lnk>::dlist()
                0x000000000000bfb2                igris::dlist<crow::node, &crow::node::lnk>::dlist()
 *fill*         0x000000000000bfcd        0x1 
 .text._ZN5igris5dlistIN4crow4nodeEXadL_ZNS2_3lnkEEEE5beginEv
                0x000000000000bfce       0x2c build/home/mirmik/project/crow/crow/src/node.o
                0x000000000000bfce                igris::dlist<crow::node, &crow::node::lnk>::begin()
 .text._ZN5igris5dlistIN4crow4nodeEXadL_ZNS2_3lnkEEEE3endEv
                0x000000000000bffa       0x29 build/home/mirmik/project/crow/crow/src/node.o
                0x000000000000bffa                igris::dlist<crow::node, &crow::node::lnk>::end()
 *fill*         0x000000000000c023        0x1 
 .text._ZN5igris5dlistIN4crow4nodeEXadL_ZNS2_3lnkEEEE8iteratorneERKS4_
                0x000000000000c024       0x22 build/home/mirmik/project/crow/crow/src/node.o
                0x000000000000c024                igris::dlist<crow::node, &crow::node::lnk>::iterator::operator!=(igris::dlist<crow::node, &crow::node::lnk>::iterator const&)
 .text._ZN5igris5dlistIN4crow4nodeEXadL_ZNS2_3lnkEEEE8iteratorppEv
                0x000000000000c046       0x3a build/home/mirmik/project/crow/crow/src/node.o
                0x000000000000c046                igris::dlist<crow::node, &crow::node::lnk>::iterator::operator++()
 .text._ZN5igris5dlistIN4crow4nodeEXadL_ZNS2_3lnkEEEE8iteratordeEv
                0x000000000000c080       0x22 build/home/mirmik/project/crow/crow/src/node.o
                0x000000000000c080                igris::dlist<crow::node, &crow::node::lnk>::iterator::operator*()
 .text._ZN5igris5dlistIN4crow4nodeEXadL_ZNS2_3lnkEEEE8add_lastERS2_
                0x000000000000c0a2       0x2e build/home/mirmik/project/crow/crow/src/node.o
                0x000000000000c0a2                igris::dlist<crow::node, &crow::node::lnk>::add_last(crow::node&)
 .text._ZN5igris5dlistIN4crow4nodeEXadL_ZNS2_3lnkEEEE8iteratorC2EP10dlist_head
                0x000000000000c0d0       0x1a build/home/mirmik/project/crow/crow/src/node.o
                0x000000000000c0d0                igris::dlist<crow::node, &crow::node::lnk>::iterator::iterator(dlist_head*)
                0x000000000000c0d0                igris::dlist<crow::node, &crow::node::lnk>::iterator::iterator(dlist_head*)