Archive member included to satisfy reference by file (symbol)

/usr/lib/x86_64-linux-gnu/libc_nonshared.a(elf-init.oS)
                              /usr/lib/gcc/x86_64-linux-gnu/7/../../../x86_64-linux-gnu/Scrt1.o (__libc_csu_init)

As-needed library included to satisfy reference by file (symbol)

libQt5Core.so.5               build/main.o (QArrayData::deallocate(QArrayData*, unsigned long, unsigned long)@@Qt_5)
libQt5Widgets.so.5            build/src/DisplayWidget.h.cxx.o (QWidget::paintEngine() const@@Qt_5)
libQt5Charts.so.5             build/main.o (QtCharts::QAbstractAxis::setTitleText(QString const&)@@Qt_5)
libpthread.so.0               build/home/mirmik/project/igris/igris/dprint/dprint_stdout.o (write@@GLIBC_2.2.5)
libstdc++.so.6                build/home/mirmik/project/igris/igris/ctrobj/wait-linux.o (std::condition_variable::notify_one()@@GLIBCXX_3.4.11)
libm.so.6                     build/home/mirmik/project/igris/igris/util/printf_impl.o (modf@@GLIBC_2.2.5)
libgcc_s.so.1                 build/main.o (_Unwind_Resume@@GCC_3.0)
libc.so.6                     build/home/mirmik/project/crow/crow/gates/udpgate.o (socket@@GLIBC_2.2.5)

Discarded input sections

 .note.GNU-stack
                0x0000000000000000        0x0 /usr/lib/gcc/x86_64-linux-gnu/7/../../../x86_64-linux-gnu/Scrt1.o
 .note.GNU-stack
                0x0000000000000000        0x0 /usr/lib/gcc/x86_64-linux-gnu/7/../../../x86_64-linux-gnu/crti.o
 .note.GNU-stack
                0x0000000000000000        0x0 /usr/lib/gcc/x86_64-linux-gnu/7/crtbeginS.o
 .group         0x0000000000000000        0x8 build/main.o
 .group         0x0000000000000000        0xc build/main.o
 .group         0x0000000000000000        0xc build/main.o
 .group         0x0000000000000000        0x8 build/main.o
 .group         0x0000000000000000        0xc build/main.o
 .group         0x0000000000000000        0xc build/main.o
 .group         0x0000000000000000        0xc build/main.o
 .group         0x0000000000000000        0xc build/main.o
 .group         0x0000000000000000        0x8 build/main.o
 .group         0x0000000000000000        0xc build/main.o
 .group         0x0000000000000000        0x8 build/main.o
 .group         0x0000000000000000       0x10 build/main.o
 .group         0x0000000000000000        0xc build/main.o
 .group         0x0000000000000000        0xc build/main.o
 .group         0x0000000000000000        0xc build/main.o
 .group         0x0000000000000000        0x8 build/main.o
 .group         0x0000000000000000        0x8 build/main.o
 .group         0x0000000000000000        0xc build/main.o
 .group         0x0000000000000000        0xc build/main.o
 .group         0x0000000000000000        0xc build/main.o
 .group         0x0000000000000000        0xc build/main.o
 .group         0x0000000000000000        0x8 build/main.o
 .group         0x0000000000000000        0xc build/main.o
 .group         0x0000000000000000        0xc build/main.o
 .group         0x0000000000000000        0xc build/main.o
 .group         0x0000000000000000        0xc build/main.o
 .group         0x0000000000000000        0x8 build/main.o
 .group         0x0000000000000000        0xc build/main.o
 .group         0x0000000000000000        0x8 build/main.o
 .group         0x0000000000000000        0xc build/main.o
 .group         0x0000000000000000        0xc build/main.o
 .group         0x0000000000000000        0xc build/main.o
 .group         0x0000000000000000        0xc build/main.o
 .group         0x0000000000000000        0x8 build/main.o
 .group         0x0000000000000000        0x8 build/main.o
 .group         0x0000000000000000        0xc build/main.o
 .group         0x0000000000000000        0x8 build/main.o
 .group         0x0000000000000000        0x8 build/main.o
 .group         0x0000000000000000        0xc build/main.o
 .group         0x0000000000000000        0xc build/main.o
 .group         0x0000000000000000        0xc build/main.o
 .group         0x0000000000000000        0xc build/main.o
 .group         0x0000000000000000        0x8 build/main.o
 .group         0x0000000000000000        0xc build/main.o
 .group         0x0000000000000000        0xc build/main.o
 .group         0x0000000000000000        0x8 build/main.o
 .group         0x0000000000000000        0xc build/main.o
 .group         0x0000000000000000        0xc build/main.o
 .group         0x0000000000000000        0xc build/main.o
 .group         0x0000000000000000        0xc build/main.o
 .group         0x0000000000000000        0xc build/main.o
 .group         0x0000000000000000        0xc build/main.o
 .group         0x0000000000000000        0xc build/main.o
 .group         0x0000000000000000        0x8 build/main.o
 .group         0x0000000000000000        0xc build/main.o
 .group         0x0000000000000000        0xc build/main.o
 .group         0x0000000000000000        0xc build/main.o
 .group         0x0000000000000000        0x8 build/main.o
[...]
Memory Configuration

Name             Origin             Length             Attributes
*default*        0x0000000000000000 0xffffffffffffffff

Linker script and memory map

LOAD /usr/lib/gcc/x86_64-linux-gnu/7/../../../x86_64-linux-gnu/Scrt1.o
LOAD /usr/lib/gcc/x86_64-linux-gnu/7/../../../x86_64-linux-gnu/crti.o
LOAD /usr/lib/gcc/x86_64-linux-gnu/7/crtbeginS.o
START GROUP
LOAD build/main.o
LOAD build/home/mirmik/project/igris/igris/ctrobj/wait-linux.o
LOAD build/home/mirmik/project/crow/crow/src/acceptor.o
LOAD build/home/mirmik/project/crow/crow/src/tower.o
LOAD build/home/mirmik/project/crow/crow/src/packet.o
LOAD build/home/mirmik/project/crow/crow/src/node.o
LOAD build/home/mirmik/project/crow/crow/src/node-sync.o
LOAD build/home/mirmik/project/crow/crow/src/channel.o
LOAD build/home/mirmik/project/crow/crow/src/channel-sync.o
LOAD build/home/mirmik/project/crow/crow/src/pubsub.o
LOAD build/home/mirmik/project/crow/crow/src/query.o
LOAD build/home/mirmik/project/crow/crow/src/alive.o
LOAD build/home/mirmik/project/crow/crow/src/netkeep.o
LOAD build/home/mirmik/project/crow/crow/src/print.o
LOAD build/home/mirmik/project/crow/crow/src/protocol.o
LOAD build/home/mirmik/project/crow/crow/src/hexer.o
LOAD build/home/mirmik/project/crow/crow/src/threads-posix.o
LOAD build/home/mirmik/project/crow/crow/gates/udpgate.o
LOAD build/home/mirmik/project/igris/igris/ctrobj/wait.o
LOAD build/home/mirmik/project/crow/crow/src/allocation_malloc.o
LOAD build/home/mirmik/project/crow/crow/src/stdtime.o
LOAD build/home/mirmik/project/igris/igris/sync/syslock_mutex.o
LOAD build/home/mirmik/project/igris/igris/dprint/dprint_stdout.o
LOAD build/home/mirmik/project/igris/igris/dprint/dprint_func_impl.o
LOAD build/home/mirmik/project/igris/igris/dprint/dprintxx.o
LOAD build/home/mirmik/project/igris/igris/shell/sshell.o
LOAD build/home/mirmik/project/nos/nos/util/trace.o
LOAD build/home/mirmik/project/nos/nos/util/osutil.o
LOAD build/home/mirmik/project/nos/nos/print/print.o
LOAD build/home/mirmik/project/nos/nos/print/stdtype.o
LOAD build/home/mirmik/project/nos/nos/input/input.o
LOAD build/home/mirmik/project/nos/nos/fprint/fprint.o
LOAD build/home/mirmik/project/nos/nos/fprint/stdtype.o
LOAD build/home/mirmik/project/nos/nos/io/ostream.o
LOAD build/home/mirmik/project/igris/igris/util/bug_abort.o
LOAD build/home/mirmik/project/igris/igris/util/numconvert.o
LOAD build/home/mirmik/project/igris/igris/util/hexascii.o
LOAD build/home/mirmik/project/igris/igris/util/string.o
LOAD build/home/mirmik/project/igris/igris/util/dstring.o
LOAD build/home/mirmik/project/igris/igris/util/stub.o
LOAD build/home/mirmik/project/igris/igris/util/printf_impl.o
LOAD build/home/mirmik/project/nos/nos/io/current_ostream_stdout.o
LOAD build/home/mirmik/project/nos/nos/io/stdfile.o
LOAD build/src/DisplayWidget.h.cxx.o
LOAD /usr/lib/gcc/x86_64-linux-gnu/7/../../../x86_64-linux-gnu/libQt5Core.so
LOAD /usr/lib/gcc/x86_64-linux-gnu/7/../../../x86_64-linux-gnu/libQt5Gui.so
LOAD /usr/lib/gcc/x86_64-linux-gnu/7/../../../x86_64-linux-gnu/libQt5Widgets.so
LOAD /usr/lib/gcc/x86_64-linux-gnu/7/../../../x86_64-linux-gnu/libQt5Charts.so
LOAD /usr/lib/gcc/x86_64-linux-gnu/7/../../../x86_64-linux-gnu/libpthread.so
START GROUP
LOAD /lib/x86_64-linux-gnu/libpthread.so.0
LOAD /usr/lib/x86_64-linux-gnu/libpthread_nonshared.a
END GROUP
END GROUP
LOAD /usr/lib/gcc/x86_64-linux-gnu/7/libstdc++.so
LOAD /usr/lib/gcc/x86_64-linux-gnu/7/../../../x86_64-linux-gnu/libm.so
START GROUP
LOAD /lib/x86_64-linux-gnu/libm.so.6
LOAD /usr/lib/x86_64-linux-gnu/libmvec_nonshared.a
LOAD /lib/x86_64-linux-gnu/libmvec.so.1
END GROUP
LOAD /usr/lib/gcc/x86_64-linux-gnu/7/libgcc_s.so
START GROUP
LOAD /usr/lib/gcc/x86_64-linux-gnu/7/libgcc_s.so.1
LOAD /usr/lib/gcc/x86_64-linux-gnu/7/libgcc.a
END GROUP
LOAD /usr/lib/gcc/x86_64-linux-gnu/7/libgcc.a
LOAD /usr/lib/gcc/x86_64-linux-gnu/7/../../../x86_64-linux-gnu/libc.so
START GROUP
LOAD /lib/x86_64-linux-gnu/libc.so.6
LOAD /usr/lib/x86_64-linux-gnu/libc_nonshared.a
LOAD /lib/x86_64-linux-gnu/ld-linux-x86-64.so.2
END GROUP
LOAD /usr/lib/gcc/x86_64-linux-gnu/7/libgcc_s.so
START GROUP
LOAD /usr/lib/gcc/x86_64-linux-gnu/7/libgcc_s.so.1
LOAD /usr/lib/gcc/x86_64-linux-gnu/7/libgcc.a
END GROUP
LOAD /usr/lib/gcc/x86_64-linux-gnu/7/libgcc.a
LOAD /usr/lib/gcc/x86_64-linux-gnu/7/crtendS.o
LOAD /usr/lib/gcc/x86_64-linux-gnu/7/../../../x86_64-linux-gnu/crtn.o
                [!provide]                        PROVIDE (__executable_start = SEGMENT_START ("text-segment", 0x0))
                0x0000000000000270                . = (SEGMENT_START ("text-segment", 0x0) + SIZEOF_HEADERS)

.interp         0x0000000000000270       0x1c
 *(.interp)
 .interp        0x0000000000000270       0x1c /usr/lib/gcc/x86_64-linux-gnu/7/../../../x86_64-linux-gnu/Scrt1.o

.note.ABI-tag   0x000000000000028c       0x20
 .note.ABI-tag  0x000000000000028c       0x20 /usr/lib/gcc/x86_64-linux-gnu/7/../../../x86_64-linux-gnu/Scrt1.o

.note.gnu.build-id
                0x00000000000002ac       0x24
 *(.note.gnu.build-id)
 .note.gnu.build-id
                0x00000000000002ac       0x24 /usr/lib/gcc/x86_64-linux-gnu/7/../../../x86_64-linux-gnu/Scrt1.o

.hash
 *(.hash)

.gnu.hash       0x00000000000002d0      0x1c0
 *(.gnu.hash)
 .gnu.hash      0x00000000000002d0      0x1c0 /usr/lib/gcc/x86_64-linux-gnu/7/../../../x86_64-linux-gnu/Scrt1.o

.dynsym         0x0000000000000490     0x1518
 *(.dynsym)
 .dynsym        0x0000000000000490     0x1518 /usr/lib/gcc/x86_64-linux-gnu/7/../../../x86_64-linux-gnu/Scrt1.o

.dynstr         0x00000000000019a8     0x201f
 *(.dynstr)
 .dynstr        0x00000000000019a8     0x201f /usr/lib/gcc/x86_64-linux-gnu/7/../../../x86_64-linux-gnu/Scrt1.o

.gnu.version    0x00000000000039c8      0x1c2
 *(.gnu.version)
 .gnu.version   0x00000000000039c8      0x1c2 /usr/lib/gcc/x86_64-linux-gnu/7/../../../x86_64-linux-gnu/Scrt1.o

.gnu.version_d  0x0000000000003b90        0x0
 *(.gnu.version_d)
 .gnu.version_d
                0x0000000000003b90        0x0 /usr/lib/gcc/x86_64-linux-gnu/7/../../../x86_64-linux-gnu/Scrt1.o

.gnu.version_r  0x0000000000003b90      0x190
 *(.gnu.version_r)
 .gnu.version_r
                0x0000000000003b90      0x190 /usr/lib/gcc/x86_64-linux-gnu/7/../../../x86_64-linux-gnu/Scrt1.o

.rela.dyn       0x0000000000003d20     0x12c0
 *(.rela.init)
 *(.rela.text .rela.text.* .rela.gnu.linkonce.t.*)
 .rela.text     0x0000000000003d20        0x0 /usr/lib/gcc/x86_64-linux-gnu/7/../../../x86_64-linux-gnu/Scrt1.o
 .rela.text._ZN13DisplayWidgetC2EP7QWidget
                0x0000000000003d20        0x0 /usr/lib/gcc/x86_64-linux-gnu/7/../../../x86_64-linux-gnu/Scrt1.o
 .rela.text._ZN13DisplayWidgetD2Ev
                0x0000000000003d20        0x0 /usr/lib/gcc/x86_64-linux-gnu/7/../../../x86_64-linux-gnu/Scrt1.o
 .rela.text._ZN4crow8protocolC2Ei
                0x0000000000003d20        0x0 /usr/lib/gcc/x86_64-linux-gnu/7/../../../x86_64-linux-gnu/Scrt1.o
 .rela.text._ZN4crow17node_protocol_clsC2Ev
                0x0000000000003d20        0x0 /usr/lib/gcc/x86_64-linux-gnu/7/../../../x86_64-linux-gnu/Scrt1.o
 .rela.text._ZN4crow19pubsub_protocol_clsC2Ev
                0x0000000000003d20        0x0 /usr/lib/gcc/x86_64-linux-gnu/7/../../../x86_64-linux-gnu/Scrt1.o
 .rela.text._ZN3nos14format_visitor9get_visitIPKcEEPvv
                0x0000000000003d20        0x0 /usr/lib/gcc/x86_64-linux-gnu/7/../../../x86_64-linux-gnu/Scrt1.o
 .rela.text._ZN3nos14format_visitor9get_visitIhEEPvv
                0x0000000000003d20        0x0 /usr/lib/gcc/x86_64-linux-gnu/7/../../../x86_64-linux-gnu/Scrt1.o
 .rela.text._ZN3nos14format_visitor9get_visitItEEPvv
                0x0000000000003d20        0x0 /usr/lib/gcc/x86_64-linux-gnu/7/../../../x86_64-linux-gnu/Scrt1.o
 .rela.text._ZN3nos14format_visitor9get_visitINSt7__cxx1112basic_stringIcSt11char_traitsIcESaIcEEEEEPvv
                0x0000000000003d20        0x0 /usr/lib/gcc/x86_64-linux-gnu/7/../../../x86_64-linux-gnu/Scrt1.o
 .rela.text._ZN3nos14format_visitor9get_visitImEEPvv
                0x0000000000003d20        0x0 /usr/lib/gcc/x86_64-linux-gnu/7/../../../x86_64-linux-gnu/Scrt1.o
 .rela.text._ZNSt6thread11_State_implINS_8_InvokerISt5tupleIJPFvvEEEEEEC2EOS6_
                0x0000000000003d20        0x0 /usr/lib/gcc/x86_64-linux-gnu/7/../../../x86_64-linux-gnu/Scrt1.o
 .rela.text._ZNSt6thread11_State_implINS_8_InvokerISt5tupleIJPFvvEEEEEED2Ev
                0x0000000000003d20        0x0 /usr/lib/gcc/x86_64-linux-gnu/7/../../../x86_64-linux-gnu/Scrt1.o
 .rela.text._ZN4crow7gatewayC2Ev
                0x0000000000003d20        0x0 /usr/lib/gcc/x86_64-linux-gnu/7/../../../x86_64-linux-gnu/Scrt1.o
 .rela.text._ZN4crow7udpgateC2Ev
                0x0000000000003d20        0x0 /usr/lib/gcc/x86_64-linux-gnu/7/../../../x86_64-linux-gnu/Scrt1.o
 .rela.text._ZN3nos7ostreamC2Ev
                0x0000000000003d20        0x0 /usr/lib/gcc/x86_64-linux-gnu/7/../../../x86_64-linux-gnu/Scrt1.o
 .rela.text._ZN3nos7istreamC2Ev
                0x0000000000003d20        0x0 /usr/lib/gcc/x86_64-linux-gnu/7/../../../x86_64-linux-gnu/Scrt1.o
 .rela.text._ZN3nos8iostreamC2Ev
                0x0000000000003d20        0x0 /usr/lib/gcc/x86_64-linux-gnu/7/../../../x86_64-linux-gnu/Scrt1.o
 .rela.text._ZN3nos4fileC2EP8_IO_FILE
                0x0000000000003d20        0x0 /usr/lib/gcc/x86_64-linux-gnu/7/../../../x86_64-linux-gnu/Scrt1.o
 *(.rela.fini)
 *(.rela.rodata .rela.rodata.* .rela.gnu.linkonce.r.*)
 *(.rela.data .rela.data.* .rela.gnu.linkonce.d.*)
 .rela.data.rel.ro
                0x0000000000003d20       0xd8 /usr/lib/gcc/x86_64-linux-gnu/7/../../../x86_64-linux-gnu/Scrt1.o
 .rela.data.rel.local
                0x0000000000003df8       0x30 /usr/lib/gcc/x86_64-linux-gnu/7/../../../x86_64-linux-gnu/Scrt1.o
 .rela.data.rel.local.DW.ref.__gxx_personality_v0
                0x0000000000003e28       0x18 /usr/lib/gcc/x86_64-linux-gnu/7/../../../x86_64-linux-gnu/Scrt1.o
 .rela.data.rel.ro._ZTVN4crow8acceptorE
                0x0000000000003e40       0x48 /usr/lib/gcc/x86_64-linux-gnu/7/../../../x86_64-linux-gnu/Scrt1.o
 .rela.data.rel.ro._ZTIN4crow8acceptorE
                0x0000000000003e88       0x48 /usr/lib/gcc/x86_64-linux-gnu/7/../../../x86_64-linux-gnu/Scrt1.o
 .rela.data.rel.ro._ZTIN4crow4nodeE
                0x0000000000003ed0       0x30 /usr/lib/gcc/x86_64-linux-gnu/7/../../../x86_64-linux-gnu/Scrt1.o
 .rela.data.rel
                0x0000000000003f00      0x108 /usr/lib/gcc/x86_64-linux-gnu/7/../../../x86_64-linux-gnu/Scrt1.o
 .rela.data.rel.ro._ZTVN4crow17node_protocol_clsE
                0x0000000000004008       0x48 /usr/lib/gcc/x86_64-linux-gnu/7/../../../x86_64-linux-gnu/Scrt1.o
 .rela.data.rel.ro._ZTVN4crow8protocolE
                0x0000000000004050       0x48 /usr/lib/gcc/x86_64-linux-gnu/7/../../../x86_64-linux-gnu/Scrt1.o
 .rela.data.rel.ro._ZTIN4crow17node_protocol_clsE
                0x0000000000004098       0x48 /usr/lib/gcc/x86_64-linux-gnu/7/../../../x86_64-linux-gnu/Scrt1.o
 .rela.data.rel.ro._ZTIN4crow8protocolE
                0x00000000000040e0       0x30 /usr/lib/gcc/x86_64-linux-gnu/7/../../../x86_64-linux-gnu/Scrt1.o
 .rela.data.rel.ro._ZTVN4crow7channelE
                0x0000000000004110       0x48 /usr/lib/gcc/x86_64-linux-gnu/7/../../../x86_64-linux-gnu/Scrt1.o
 .rela.data.rel.ro._ZTIN4crow7channelE
                0x0000000000004158       0x48 /usr/lib/gcc/x86_64-linux-gnu/7/../../../x86_64-linux-gnu/Scrt1.o
 .rela.data.rel.ro._ZTVN4crow19pubsub_protocol_clsE
                0x00000000000041a0       0x48 /usr/lib/gcc/x86_64-linux-gnu/7/../../../x86_64-linux-gnu/Scrt1.o
 .rela.data.rel.ro._ZTIN4crow19pubsub_protocol_clsE
                0x00000000000041e8       0x48 /usr/lib/gcc/x86_64-linux-gnu/7/../../../x86_64-linux-gnu/Scrt1.o
 .rela.data.rel.ro.local
                0x0000000000004230       0x60 /usr/lib/gcc/x86_64-linux-gnu/7/../../../x86_64-linux-gnu/Scrt1.o
 .rela.data.rel.ro._ZTVNSt6thread11_State_implINS_8_InvokerISt5tupleIJPFvvEEEEEEE
                0x0000000000004290       0x60 /usr/lib/gcc/x86_64-linux-gnu/7/../../../x86_64-linux-gnu/Scrt1.o
 .rela.data.rel.ro._ZTINSt6thread11_State_implINS_8_InvokerISt5tupleIJPFvvEEEEEEE
                0x00000000000042f0       0x48 /usr/lib/gcc/x86_64-linux-gnu/7/../../../x86_64-linux-gnu/Scrt1.o
 .rela.data.rel.ro._ZTVN4crow7udpgateE
                0x0000000000004338       0x48 /usr/lib/gcc/x86_64-linux-gnu/7/../../../x86_64-linux-gnu/Scrt1.o
 .rela.data.rel.ro._ZTVN4crow7gatewayE
                0x0000000000004380       0x48 /usr/lib/gcc/x86_64-linux-gnu/7/../../../x86_64-linux-gnu/Scrt1.o
 .rela.data.rel.ro._ZTIN4crow7udpgateE
                0x00000000000043c8       0x48 /usr/lib/gcc/x86_64-linux-gnu/7/../../../x86_64-linux-gnu/Scrt1.o
 .rela.data.rel.ro._ZTIN4crow7gatewayE
                0x0000000000004410       0x30 /usr/lib/gcc/x86_64-linux-gnu/7/../../../x86_64-linux-gnu/Scrt1.o
 .rela.data.rel.ro._ZTVN3nos4fileE
                0x0000000000004440       0x90 /usr/lib/gcc/x86_64-linux-gnu/7/../../../x86_64-linux-gnu/Scrt1.o
 .rela.data.rel.ro._ZTVN3nos8iostreamE
                0x00000000000044d0       0x78 /usr/lib/gcc/x86_64-linux-gnu/7/../../../x86_64-linux-gnu/Scrt1.o
 .rela.data.rel.ro._ZTVN3nos7istreamE
                0x0000000000004548       0x30 /usr/lib/gcc/x86_64-linux-gnu/7/../../../x86_64-linux-gnu/Scrt1.o
 .rela.data.rel.ro._ZTVN3nos7ostreamE
                0x0000000000004578       0x48 /usr/lib/gcc/x86_64-linux-gnu/7/../../../x86_64-linux-gnu/Scrt1.o
 .rela.data.rel.ro._ZTIN3nos4fileE
                0x00000000000045c0       0x48 /usr/lib/gcc/x86_64-linux-gnu/7/../../../x86_64-linux-gnu/Scrt1.o
 .rela.data.rel.ro._ZTIN3nos8iostreamE
                0x0000000000004608       0x60 /usr/lib/gcc/x86_64-linux-gnu/7/../../../x86_64-linux-gnu/Scrt1.o
 .rela.data.rel.ro._ZTIN3nos7istreamE
                0x0000000000004668       0x30 /usr/lib/gcc/x86_64-linux-gnu/7/../../../x86_64-linux-gnu/Scrt1.o
 .rela.data.rel.ro._ZTIN3nos7ostreamE
                0x0000000000004698       0x30 /usr/lib/gcc/x86_64-linux-gnu/7/../../../x86_64-linux-gnu/Scrt1.o
 .rela.data.rel.ro._ZTV13DisplayWidget
                0x00000000000046c8      0x5d0 /usr/lib/gcc/x86_64-linux-gnu/7/../../../x86_64-linux-gnu/Scrt1.o
 .rela.data.rel.ro._ZTI13DisplayWidget
                0x0000000000004c98       0x48 /usr/lib/gcc/x86_64-linux-gnu/7/../../../x86_64-linux-gnu/Scrt1.o
 *(.rela.tdata .rela.tdata.* .rela.gnu.linkonce.td.*)
 *(.rela.tbss .rela.tbss.* .rela.gnu.linkonce.tb.*)
 *(.rela.ctors)
 *(.rela.dtors)
 *(.rela.got)
 .rela.got      0x0000000000004ce0      0x138 /usr/lib/gcc/x86_64-linux-gnu/7/../../../x86_64-linux-gnu/Scrt1.o
 *(.rela.bss .rela.bss.* .rela.gnu.linkonce.b.*)
 .rela.bss      0x0000000000004e18        0x0 /usr/lib/gcc/x86_64-linux-gnu/7/../../../x86_64-linux-gnu/Scrt1.o
 *(.rela.ldata .rela.ldata.* .rela.gnu.linkonce.l.*)
 *(.rela.lbss .rela.lbss.* .rela.gnu.linkonce.lb.*)
 *(.rela.lrodata .rela.lrodata.* .rela.gnu.linkonce.lr.*)
 *(.rela.ifunc)
 .rela.ifunc    0x0000000000004e18        0x0 /usr/lib/gcc/x86_64-linux-gnu/7/../../../x86_64-linux-gnu/Scrt1.o
 .rela.fini_array
                0x0000000000004e18       0x18 /usr/lib/gcc/x86_64-linux-gnu/7/../../../x86_64-linux-gnu/Scrt1.o
 .rela.init_array
                0x0000000000004e30      0x198 /usr/lib/gcc/x86_64-linux-gnu/7/../../../x86_64-linux-gnu/Scrt1.o
 .rela.eh_frame
                0x0000000000004fc8        0x0 /usr/lib/gcc/x86_64-linux-gnu/7/../../../x86_64-linux-gnu/Scrt1.o
 .rela.init_array.00140
                0x0000000000004fc8       0x18 /usr/lib/gcc/x86_64-linux-gnu/7/../../../x86_64-linux-gnu/Scrt1.o

.rela.plt       0x0000000000004fe0      0x8e8
 *(.rela.plt)
 .rela.plt      0x0000000000004fe0      0x8e8 /usr/lib/gcc/x86_64-linux-gnu/7/../../../x86_64-linux-gnu/Scrt1.o
                [!provide]                        PROVIDE (__rela_iplt_start = .)
 *(.rela.iplt)
                [!provide]                        PROVIDE (__rela_iplt_end = .)

.init           0x00000000000058c8       0x17
 *(SORT_NONE(.init))
 .init          0x00000000000058c8       0x12 /usr/lib/gcc/x86_64-linux-gnu/7/../../../x86_64-linux-gnu/crti.o
                0x00000000000058c8                _init
 .init          0x00000000000058da        0x5 /usr/lib/gcc/x86_64-linux-gnu/7/../../../x86_64-linux-gnu/crtn.o

.plt            0x00000000000058e0      0x600
 *(.plt)
 .plt           0x00000000000058e0      0x600 /usr/lib/gcc/x86_64-linux-gnu/7/../../../x86_64-linux-gnu/Scrt1.o
 *(.iplt)

.plt.got        0x0000000000005ee0        0x8
 *(.plt.got)
 .plt.got       0x0000000000005ee0        0x8 /usr/lib/gcc/x86_64-linux-gnu/7/../../../x86_64-linux-gnu/Scrt1.o

.plt.sec
 *(.plt.sec)

.text           0x0000000000005ef0    0x12012
 *(.text.unlikely .text.*_unlikely .text.unlikely.*)
 *(.text.exit .text.exit.*)
 *(.text.startup .text.startup.*)
 *(.text.hot .text.hot.*)
 *(.text .stub .text.* .gnu.linkonce.t.*)
 .text          0x0000000000005ef0       0x2b /usr/lib/gcc/x86_64-linux-gnu/7/../../../x86_64-linux-gnu/Scrt1.o
                0x0000000000005ef0                _start
 .text          0x0000000000005f1b        0x0 /usr/lib/gcc/x86_64-linux-gnu/7/../../../x86_64-linux-gnu/crti.o
 *fill*         0x0000000000005f1b        0x5 
 .text          0x0000000000005f20       0xda /usr/lib/gcc/x86_64-linux-gnu/7/crtbeginS.o
 .text          0x0000000000005ffa      0x49e build/main.o
                0x0000000000006141                data_theme_handler(crow::packet*)
                0x000000000000615c                main
 .text._ZStanSt12memory_orderSt23__memory_order_modifier
                0x0000000000006498       0x14 build/main.o
                0x0000000000006498                std::operator&(std::memory_order, std::__memory_order_modifier)
 .text._ZN9QtPrivate8RefCount5derefEv
                0x00000000000064ac       0x43 build/main.o
                0x00000000000064ac                QtPrivate::RefCount::deref()
 .text._ZNSt11char_traitsIcE6assignERcRKc
                0x00000000000064ef       0x1c build/main.o
                0x00000000000064ef                std::char_traits<char>::assign(char&, char const&)
 .text._ZNSt11char_traitsIcE6lengthEPKc
                0x000000000000650b       0x4f build/main.o
                0x000000000000650b                std::char_traits<char>::length(char const*)
 .text._ZNSt11char_traitsIcE4copyEPcPKcm
                0x000000000000655a       0x40 build/main.o
                0x000000000000655a                std::char_traits<char>::copy(char*, char const*, unsigned long)
 .text._ZN7QStringC2EPKc
                0x000000000000659a       0x47 build/main.o
                0x000000000000659a                QString::QString(char const*)
                0x000000000000659a                QString::QString(char const*)
 *fill*         0x00000000000065e1        0x1 
 .text._ZN7QStringD2Ev
                0x00000000000065e2       0x34 build/main.o
                0x00000000000065e2                QString::~QString()
                0x00000000000065e2                QString::~QString()
 .text._ZN6QFlagsIN2Qt13AlignmentFlagEEC1EMNS2_7PrivateEi
                0x0000000000006616       0x19 build/main.o
                0x0000000000006616                QFlags<Qt::AlignmentFlag>::QFlags(int QFlags<Qt::AlignmentFlag>::Private::*)
 *fill*         0x000000000000662f        0x1 
 .text._ZN13QGraphicsItem4hideEv
                0x0000000000006630       0x20 build/main.o
                0x0000000000006630                QGraphicsItem::hide()
 .text._ZN6QFlagsIN2Qt10WindowTypeEEC1EMNS2_7PrivateEi
                0x0000000000006650       0x19 build/main.o
                0x0000000000006650                QFlags<Qt::WindowType>::QFlags(int QFlags<Qt::WindowType>::Private::*)
 *fill*         0x0000000000006669        0x1 
 .text._ZN13DisplayWidgetC2EP7QWidget
                0x000000000000666a      0x395 build/main.o
                0x000000000000666a                DisplayWidget::DisplayWidget(QWidget*)
                0x000000000000666a                DisplayWidget::DisplayWidget(QWidget*)
 *fill*         0x00000000000069ff        0x1 
 .text._ZN4crow10subscriber9subscribeEPKhhPKchtN5igris8delegateIvJPNS_6packetEEEE
                0x0000000000006a00       0xa8 build/main.o
                0x0000000000006a00                crow::subscriber::subscribe(unsigned char const*, unsigned char, char const*, unsigned char, unsigned short, igris::delegate<void, crow::packet*>)
 .text._ZN4crow10subscriber9subscribeERKSt6vectorIhSaIhEEPKchtN5igris8delegateIvJPNS_6packetEEEE
                0x0000000000006aa8       0xbd build/main.o
                0x0000000000006aa8                crow::subscriber::subscribe(std::vector<unsigned char, std::allocator<unsigned char> > const&, char const*, unsigned char, unsigned short, igris::delegate<void, crow::packet*>)
 *fill*         0x0000000000006b65        0x1 
 .text._ZN4crow10subscriber11resubscribeEv
                0x0000000000006b66       0x5e build/main.o
                0x0000000000006b66                crow::subscriber::resubscribe()
 .text._ZN11adsl_finderC2ERN3nos7ostreamE
                0x0000000000006bc4       0x1a build/main.o
                0x0000000000006bc4                adsl_finder::adsl_finder(nos::ostream&)
                0x0000000000006bc4                adsl_finder::adsl_finder(nos::ostream&)
 .text._ZN11adsl_findercvRN3nos7ostreamEEv
                0x0000000000006bde       0x11 build/main.o
                0x0000000000006bde                adsl_finder::operator nos::ostream&()
 *fill*         0x0000000000006bef        0x1 
 .text._ZN4crow10subscriberC2Ev
                0x0000000000006bf0       0x1f build/main.o
                0x0000000000006bf0                crow::subscriber::subscriber()
                0x0000000000006bf0                crow::subscriber::subscriber()
 *fill*         0x0000000000006c0f        0x1 
 .text._ZNK19QBasicAtomicIntegerIiE4loadEv
                0x0000000000006c10       0x1a build/main.o
                0x0000000000006c10                QBasicAtomicInteger<int>::load() const
 .text._ZN19QBasicAtomicIntegerIiE5derefEv
                0x0000000000006c2a       0x1a build/main.o
                0x0000000000006c2a                QBasicAtomicInteger<int>::deref()
 .text._ZN9__gnu_cxx11char_traitsIcE6lengthEPKc
                0x0000000000006c44       0x69 build/main.o
                0x0000000000006c44                __gnu_cxx::char_traits<char>::length(char const*)
 .text._ZN9__gnu_cxx11char_traitsIcE2eqERKcS3_
                0x0000000000006cad       0x21 build/main.o
                0x0000000000006cad                __gnu_cxx::char_traits<char>::eq(char const&, char const&)
 .text._ZNKSt7__cxx1112basic_stringIcSt11char_traitsIcESaIcEE5c_strEv
                0x0000000000006cce       0x1a build/main.o
                0x0000000000006cce                std::__cxx11::basic_string<char, std::char_traits<char>, std::allocator<char> >::c_str() const
 .text._ZNSt7__cxx1112basic_stringIcSt11char_traitsIcESaIcEE12_Alloc_hiderD2Ev
                0x0000000000006ce8       0x1b build/main.o
                0x0000000000006ce8                std::__cxx11::basic_string<char, std::char_traits<char>, std::allocator<char> >::_Alloc_hider::~_Alloc_hider()
                0x0000000000006ce8                std::__cxx11::basic_string<char, std::char_traits<char>, std::allocator<char> >::_Alloc_hider::~_Alloc_hider()
 *fill*         0x0000000000006d03        0x1 
 .text._ZNSt7__cxx1112basic_stringIcSt11char_traitsIcESaIcEED2Ev
                0x0000000000006d04       0x27 build/main.o
                0x0000000000006d04                std::__cxx11::basic_string<char, std::char_traits<char>, std::allocator<char> >::~basic_string()
                0x0000000000006d04                std::__cxx11::basic_string<char, std::char_traits<char>, std::allocator<char> >::~basic_string()
 *fill*         0x0000000000006d2b        0x1 
 .text._ZNKSt7__cxx1112basic_stringIcSt11char_traitsIcESaIcEE4dataEv
                0x0000000000006d2c       0x1a build/main.o
                0x0000000000006d2c                std::__cxx11::basic_string<char, std::char_traits<char>, std::allocator<char> >::data() const
 .text._ZNKSt7__cxx1112basic_stringIcSt11char_traitsIcESaIcEE4sizeEv
                0x0000000000006d46       0x12 build/main.o
                0x0000000000006d46                std::__cxx11::basic_string<char, std::char_traits<char>, std::allocator<char> >::size() const
 .text._ZN15QTypedArrayDataItE10deallocateEP10QArrayData
                0x0000000000006d58       0x25 build/main.o
                0x0000000000006d58                QTypedArrayData<unsigned short>::deallocate(QArrayData*)
 .text._ZSt3maxImERKT_S2_S2_
                0x0000000000006d7d       0x2b build/main.o
                0x0000000000006d7d                unsigned long const& std::max<unsigned long>(unsigned long const&, unsigned long const&)
 .text._ZNSt6vectorIhSaIhEEC2Ev
                0x0000000000006da8       0x1b build/main.o
                0x0000000000006da8                std::vector<unsigned char, std::allocator<unsigned char> >::vector()
                0x0000000000006da8                std::vector<unsigned char, std::allocator<unsigned char> >::vector()
 *fill*         0x0000000000006dc3        0x1 
 .text._ZNSt6vectorIhSaIhEED2Ev
                0x0000000000006dc4       0x44 build/main.o
                0x0000000000006dc4                std::vector<unsigned char, std::allocator<unsigned char> >::~vector()
                0x0000000000006dc4                std::vector<unsigned char, std::allocator<unsigned char> >::~vector()
 .text._ZNSt6vectorIhSaIhEE6resizeEm
                0x0000000000006e08       0x88 build/main.o
                0x0000000000006e08                std::vector<unsigned char, std::allocator<unsigned char> >::resize(unsigned long)
 .text._ZNSt6vectorIhSaIhEE4dataEv
                0x0000000000006e90       0x24 build/main.o
                0x0000000000006e90                std::vector<unsigned char, std::allocator<unsigned char> >::data()
 .text._ZSt4moveIRSt6vectorIhSaIhEEEONSt16remove_referenceIT_E4typeEOS5_
                0x0000000000006eb4        0xe build/main.o
                0x0000000000006eb4                std::remove_reference<std::vector<unsigned char, std::allocator<unsigned char> >&>::type&& std::move<std::vector<unsigned char, std::allocator<unsigned char> >&>(std::vector<unsigned char, std::allocator<unsigned char> >&)
 .text._ZN5igris8delegateIvJPN4crow6packetEEEaSERKS4_
                0x0000000000006ec2       0x38 build/main.o
                0x0000000000006ec2                igris::delegate<void, crow::packet*>::operator=(igris::delegate<void, crow::packet*> const&)
 .text._ZNKSt6vectorIhSaIhEE4dataEv
                0x0000000000006efa       0x24 build/main.o
                0x0000000000006efa                std::vector<unsigned char, std::allocator<unsigned char> >::data() const
 .text._ZNKSt6vectorIhSaIhEE4sizeEv
                0x0000000000006f1e       0x22 build/main.o
                0x0000000000006f1e                std::vector<unsigned char, std::allocator<unsigned char> >::size() const
 .text._ZN5igris8delegateIvJPN4crow6packetEEEC2ERKS4_
                0x0000000000006f40       0x35 build/main.o
                0x0000000000006f40                igris::delegate<void, crow::packet*>::delegate(igris::delegate<void, crow::packet*> const&)
                0x0000000000006f40                igris::delegate<void, crow::packet*>::delegate(igris::delegate<void, crow::packet*> const&)
 *fill*         0x0000000000006f75        0x1 
 .text._ZN5igris8delegateIvJPN4crow6packetEEEC2Ev
                0x0000000000006f76       0x1b build/main.o
                0x0000000000006f76                igris::delegate<void, crow::packet*>::delegate()
                0x0000000000006f76                igris::delegate<void, crow::packet*>::delegate()
 .text._ZN3nos7printlnIJA29_cPcEEElDpRKT_
                0x0000000000006f91       0x2f build/main.o
                0x0000000000006f91                long nos::println<char [29], char*>(char const (&) [29], char* const&)
 .text._ZNSt7__cxx1112basic_stringIcSt11char_traitsIcESaIcEEC2EPKcRKS3_
                0x0000000000006fc0       0x97 build/main.o
                0x0000000000006fc0                std::__cxx11::basic_string<char, std::char_traits<char>, std::allocator<char> >::basic_string(char const*, std::allocator<char> const&)
                0x0000000000006fc0                std::__cxx11::basic_string<char, std::char_traits<char>, std::allocator<char> >::basic_string(char const*, std::allocator<char> const&)
 *fill*         0x0000000000007057        0x1 
 .text._ZNSt6vectorIhSaIhEEaSEOS1_
                0x0000000000007058       0x69 build/main.o
                0x0000000000007058                std::vector<unsigned char, std::allocator<unsigned char> >::operator=(std::vector<unsigned char, std::allocator<unsigned char> >&&)
 *fill*         0x00000000000070c1        0x1 
 .text._ZN5igris8delegateIvJPN4crow6packetEEEC2EPFvS3_E
                0x00000000000070c2       0x32 build/main.o
                0x00000000000070c2                igris::delegate<void, crow::packet*>::delegate(void (*)(crow::packet*))
                0x00000000000070c2                igris::delegate<void, crow::packet*>::delegate(void (*)(crow::packet*))
 .text._ZN10QAtomicOpsIiE4loadIiEET_RKSt6atomicIS2_E
                0x00000000000070f4       0x36 build/main.o
                0x00000000000070f4                int QAtomicOps<int>::load<int>(std::atomic<int> const&)
 .text._ZN10QAtomicOpsIiE5derefIiEEbRSt6atomicIT_E
                0x000000000000712a       0x1f build/main.o
                0x000000000000712a                bool QAtomicOps<int>::deref<int>(std::atomic<int>&)
 *fill*         0x0000000000007149        0x1 
 .text._ZNKSt7__cxx1112basic_stringIcSt11char_traitsIcESaIcEE7_M_dataEv
                0x000000000000714a       0x11 build/main.o
                0x000000000000714a                std::__cxx11::basic_string<char, std::char_traits<char>, std::allocator<char> >::_M_data() const
 *fill*         0x000000000000715b        0x1 
 .text._ZNSt7__cxx1112basic_stringIcSt11char_traitsIcESaIcEE10_M_disposeEv
                0x000000000000715c       0x39 build/main.o
                0x000000000000715c                std::__cxx11::basic_string<char, std::char_traits<char>, std::allocator<char> >::_M_dispose()
 *fill*         0x0000000000007195        0x1 
 .text._ZNSt7__cxx1112basic_stringIcSt11char_traitsIcESaIcEE13_M_local_dataEv
                0x0000000000007196       0x1e build/main.o
                0x0000000000007196                std::__cxx11::basic_string<char, std::char_traits<char>, std::allocator<char> >::_M_local_data()
 .text._ZNSt7__cxx1112basic_stringIcSt11char_traitsIcESaIcEE12_Alloc_hiderC2EPcRKS3_
                0x00000000000071b4       0x35 build/main.o
                0x00000000000071b4                std::__cxx11::basic_string<char, std::char_traits<char>, std::allocator<char> >::_Alloc_hider::_Alloc_hider(char*, std::allocator<char> const&)
                0x00000000000071b4                std::__cxx11::basic_string<char, std::char_traits<char>, std::allocator<char> >::_Alloc_hider::_Alloc_hider(char*, std::allocator<char> const&)
 *fill*         0x00000000000071e9        0x1 
 .text._ZNSt7__cxx1112basic_stringIcSt11char_traitsIcESaIcEE12_M_constructIPKcEEvT_S8_
                0x00000000000071ea       0x38 build/main.o
                0x00000000000071ea                void std::__cxx11::basic_string<char, std::char_traits<char>, std::allocator<char> >::_M_construct<char const*>(char const*, char const*)
 .text._ZNSt12_Vector_baseIhSaIhEE12_Vector_implD2Ev
                0x0000000000007222       0x1b build/main.o
                0x0000000000007222                std::_Vector_base<unsigned char, std::allocator<unsigned char> >::_Vector_impl::~_Vector_impl()
                0x0000000000007222                std::_Vector_base<unsigned char, std::allocator<unsigned char> >::_Vector_impl::~_Vector_impl()
 *fill*         0x000000000000723d        0x1 
 .text._ZNSt12_Vector_baseIhSaIhEEC2Ev
                0x000000000000723e       0x1b build/main.o
                0x000000000000723e                std::_Vector_base<unsigned char, std::allocator<unsigned char> >::_Vector_base()
                0x000000000000723e                std::_Vector_base<unsigned char, std::allocator<unsigned char> >::_Vector_base()
 *fill*         0x0000000000007259        0x1 
 .text._ZNSt12_Vector_baseIhSaIhEED2Ev
                0x000000000000725a       0x4c build/main.o
                0x000000000000725a                std::_Vector_base<unsigned char, std::allocator<unsigned char> >::~_Vector_base()
                0x000000000000725a                std::_Vector_base<unsigned char, std::allocator<unsigned char> >::~_Vector_base()
 .text._ZNSt12_Vector_baseIhSaIhEE19_M_get_Tp_allocatorEv
                0x00000000000072a6        0xe build/main.o
                0x00000000000072a6                std::_Vector_base<unsigned char, std::allocator<unsigned char> >::_M_get_Tp_allocator()
 .text._ZSt8_DestroyIPhhEvT_S1_RSaIT0_E
                0x00000000000072b4       0x2a build/main.o
                0x00000000000072b4                void std::_Destroy<unsigned char*, unsigned char>(unsigned char*, unsigned char*, std::allocator<unsigned char>&)
 .text._ZNSt6vectorIhSaIhEE17_M_default_appendEm
                0x00000000000072de      0x22e build/main.o
                0x00000000000072de                std::vector<unsigned char, std::allocator<unsigned char> >::_M_default_append(unsigned long)
 .text._ZNSt6vectorIhSaIhEE15_M_erase_at_endEPh
                0x000000000000750c       0x45 build/main.o
                0x000000000000750c                std::vector<unsigned char, std::allocator<unsigned char> >::_M_erase_at_end(unsigned char*)
 *fill*         0x0000000000007551        0x1 
 .text._ZNKSt6vectorIhSaIhEE11_M_data_ptrIhEEPT_S4_
                0x0000000000007552       0x12 build/main.o
                0x0000000000007552                unsigned char* std::vector<unsigned char, std::allocator<unsigned char> >::_M_data_ptr<unsigned char>(unsigned char*) const
 .text._ZN5igris8delegateIvJPN4crow6packetEEE5cleanEv
                0x0000000000007564       0x2e build/main.o
                0x0000000000007564                igris::delegate<void, crow::packet*>::clean()
 .text._ZN3nos10println_toIJA29_cPcEEElRNS_7ostreamEDpRKT_
                0x0000000000007592       0x4d build/main.o
                0x0000000000007592                long nos::println_to<char [29], char*>(nos::ostream&, char const (&) [29], char* const&)
 *fill*         0x00000000000075df        0x1 
 .text._ZNSt6vectorIhSaIhEE14_M_move_assignEOS1_St17integral_constantIbLb1EE
                0x00000000000075e0       0xc6 build/main.o
                0x00000000000075e0                std::vector<unsigned char, std::allocator<unsigned char> >::_M_move_assign(std::vector<unsigned char, std::allocator<unsigned char> >&&, std::integral_constant<bool, true>)
 .text._ZNSt13__atomic_baseIiEmmEv
                0x00000000000076a6       0x1f build/main.o
                0x00000000000076a6                std::__atomic_base<int>::operator--()
 *fill*         0x00000000000076c5        0x1 
 .text._ZNKSt7__cxx1112basic_stringIcSt11char_traitsIcESaIcEE11_M_is_localEv
                0x00000000000076c6       0x35 build/main.o
                0x00000000000076c6                std::__cxx11::basic_string<char, std::char_traits<char>, std::allocator<char> >::_M_is_local() const
 *fill*         0x00000000000076fb        0x1 
 .text._ZNSt7__cxx1112basic_stringIcSt11char_traitsIcESaIcEE10_M_destroyEm
                0x00000000000076fc       0x4e build/main.o
                0x00000000000076fc                std::__cxx11::basic_string<char, std::char_traits<char>, std::allocator<char> >::_M_destroy(unsigned long)
 .text._ZNSt14pointer_traitsIPcE10pointer_toERc
                0x000000000000774a       0x1a build/main.o
                0x000000000000774a                std::pointer_traits<char*>::pointer_to(char&)
 .text._ZNSt7__cxx1112basic_stringIcSt11char_traitsIcESaIcEE16_M_construct_auxIPKcEEvT_S8_St12__false_type
                0x0000000000007764       0x5b build/main.o
                0x0000000000007764                void std::__cxx11::basic_string<char, std::char_traits<char>, std::allocator<char> >::_M_construct_aux<char const*>(char const*, char const*, std::__false_type)
 *fill*         0x00000000000077bf        0x1 
 .text._ZNKSt7__cxx1112basic_stringIcSt11char_traitsIcESaIcEE16_M_get_allocatorEv
                0x00000000000077c0        0xe build/main.o
                0x00000000000077c0                std::__cxx11::basic_string<char, std::char_traits<char>, std::allocator<char> >::_M_get_allocator() const
 .text._ZNSt7__cxx1112basic_stringIcSt11char_traitsIcESaIcEE16_M_get_allocatorEv
                0x00000000000077ce        0xe build/main.o
                0x00000000000077ce                std::__cxx11::basic_string<char, std::char_traits<char>, std::allocator<char> >::_M_get_allocator()
 .text._ZNSt7__cxx1112basic_stringIcSt11char_traitsIcESaIcEE7_M_dataEPc
                0x00000000000077dc       0x1a build/main.o
                0x00000000000077dc                std::__cxx11::basic_string<char, std::char_traits<char>, std::allocator<char> >::_M_data(char*)
 .text._ZNSt7__cxx1112basic_stringIcSt11char_traitsIcESaIcEE11_M_capacityEm
                0x00000000000077f6       0x1b build/main.o
                0x00000000000077f6                std::__cxx11::basic_string<char, std::char_traits<char>, std::allocator<char> >::_M_capacity(unsigned long)
 *fill*         0x0000000000007811        0x1 
 .text._ZNSt7__cxx1112basic_stringIcSt11char_traitsIcESaIcEE9_M_lengthEm
                0x0000000000007812       0x1b build/main.o
                0x0000000000007812                std::__cxx11::basic_string<char, std::char_traits<char>, std::allocator<char> >::_M_length(unsigned long)
 *fill*         0x000000000000782d        0x1 
 .text._ZNSt7__cxx1112basic_stringIcSt11char_traitsIcESaIcEE13_M_set_lengthEm
                0x000000000000782e       0x72 build/main.o
                0x000000000000782e                std::__cxx11::basic_string<char, std::char_traits<char>, std::allocator<char> >::_M_set_length(unsigned long)
 .text._ZNSt12_Vector_baseIhSaIhEE12_Vector_implC2Ev
                0x00000000000078a0       0x3e build/main.o
                0x00000000000078a0                std::_Vector_base<unsigned char, std::allocator<unsigned char> >::_Vector_impl::_Vector_impl()
                0x00000000000078a0                std::_Vector_base<unsigned char, std::allocator<unsigned char> >::_Vector_impl::_Vector_impl()
 .text._ZNSaIhED2Ev
                0x00000000000078de       0x1b build/main.o
                0x00000000000078de                std::allocator<unsigned char>::~allocator()
                0x00000000000078de                std::allocator<unsigned char>::~allocator()
 *fill*         0x00000000000078f9        0x1 
 .text._ZNSt12_Vector_baseIhSaIhEE13_M_deallocateEPhm
                0x00000000000078fa       0x35 build/main.o
                0x00000000000078fa                std::_Vector_base<unsigned char, std::allocator<unsigned char> >::_M_deallocate(unsigned char*, unsigned long)
 .text._ZSt8_DestroyIPhEvT_S1_
                0x000000000000792f       0x26 build/main.o
                0x000000000000792f                void std::_Destroy<unsigned char*>(unsigned char*, unsigned char*)
 .text._ZSt27__uninitialized_default_n_aIPhmhET_S1_T0_RSaIT1_E
                0x0000000000007955       0x29 build/main.o
                0x0000000000007955                unsigned char* std::__uninitialized_default_n_a<unsigned char*, unsigned long, unsigned char>(unsigned char*, unsigned long, std::allocator<unsigned char>&)
 .text._ZNKSt6vectorIhSaIhEE12_M_check_lenEmPKc
                0x000000000000797e       0xec build/main.o
                0x000000000000797e                std::vector<unsigned char, std::allocator<unsigned char> >::_M_check_len(unsigned long, char const*) const
 .text._ZNSt12_Vector_baseIhSaIhEE11_M_allocateEm
                0x0000000000007a6a       0x33 build/main.o
                0x0000000000007a6a                std::_Vector_base<unsigned char, std::allocator<unsigned char> >::_M_allocate(unsigned long)
 .text._ZSt32__make_move_if_noexcept_iteratorIhSt13move_iteratorIPhEET0_PT_
                0x0000000000007a9d       0x48 build/main.o
                0x0000000000007a9d                std::move_iterator<unsigned char*> std::__make_move_if_noexcept_iterator<unsigned char, std::move_iterator<unsigned char*> >(unsigned char*)
 .text._ZSt34__uninitialized_move_if_noexcept_aIPhS0_SaIhEET0_T_S3_S2_RT1_
                0x0000000000007ae5       0x54 build/main.o
                0x0000000000007ae5                unsigned char* std::__uninitialized_move_if_noexcept_a<unsigned char*, unsigned char*, std::allocator<unsigned char> >(unsigned char*, unsigned char*, unsigned char*, std::allocator<unsigned char>&)
 .text._ZSt4moveIRSaIhEEONSt16remove_referenceIT_E4typeEOS3_
                0x0000000000007b39        0xe build/main.o
                0x0000000000007b39                std::remove_reference<std::allocator<unsigned char>&>::type&& std::move<std::allocator<unsigned char>&>(std::allocator<unsigned char>&)
 *fill*         0x0000000000007b47        0x1 
 .text._ZNSt12_Vector_baseIhSaIhEE12_Vector_impl12_M_swap_dataERS2_
                0x0000000000007b48       0x5c build/main.o
                0x0000000000007b48                std::_Vector_base<unsigned char, std::allocator<unsigned char> >::_Vector_impl::_M_swap_data(std::_Vector_base<unsigned char, std::allocator<unsigned char> >::_Vector_impl&)
 .text._ZNKSt7__cxx1112basic_stringIcSt11char_traitsIcESaIcEE8max_sizeEv
                0x0000000000007ba4       0x29 build/main.o
                0x0000000000007ba4                std::__cxx11::basic_string<char, std::char_traits<char>, std::allocator<char> >::max_size() const
 .text._ZNSt7__cxx1112basic_stringIcSt11char_traitsIcESaIcEE7_S_copyEPcPKcm
                0x0000000000007bcd       0x4a build/main.o
                0x0000000000007bcd                std::__cxx11::basic_string<char, std::char_traits<char>, std::allocator<char> >::_S_copy(char*, char const*, unsigned long)
 .text._ZN3nos8print_toIA29_cJPcEEElRNS_7ostreamERKT_DpRKT0_
                0x0000000000007c17       0x65 build/main.o
                0x0000000000007c17                long nos::print_to<char [29], char*>(nos::ostream&, char const (&) [29], char* const&)
 .text._ZNKSt12_Vector_baseIhSaIhEE13get_allocatorEv
                0x0000000000007c7c       0x34 build/main.o
                0x0000000000007c7c                std::_Vector_base<unsigned char, std::allocator<unsigned char> >::get_allocator() const
 .text._ZNSt6vectorIhSaIhEEC2ERKS0_
                0x0000000000007cb0       0x26 build/main.o
                0x0000000000007cb0                std::vector<unsigned char, std::allocator<unsigned char> >::vector(std::allocator<unsigned char> const&)
                0x0000000000007cb0                std::vector<unsigned char, std::allocator<unsigned char> >::vector(std::allocator<unsigned char> const&)
 .text._ZSt15__alloc_on_moveISaIhEEvRT_S2_
                0x0000000000007cd6       0x52 build/main.o
                0x0000000000007cd6                void std::__alloc_on_move<std::allocator<unsigned char> >(std::allocator<unsigned char>&, std::allocator<unsigned char>&)
 .text._ZNKSt7__cxx1112basic_stringIcSt11char_traitsIcESaIcEE13_M_local_dataEv
                0x0000000000007d28       0x1e build/main.o
                0x0000000000007d28                std::__cxx11::basic_string<char, std::char_traits<char>, std::allocator<char> >::_M_local_data() const
 .text._ZNSt16allocator_traitsISaIcEE10deallocateERS0_Pcm
                0x0000000000007d46       0x2e build/main.o
                0x0000000000007d46                std::allocator_traits<std::allocator<char> >::deallocate(std::allocator<char>&, char*, unsigned long)
 .text._ZSt9addressofIcEPT_RS0_
                0x0000000000007d74       0x1a build/main.o
                0x0000000000007d74                char* std::addressof<char>(char&)
 .text._ZSt19__iterator_categoryIPKcENSt15iterator_traitsIT_E17iterator_categoryERKS3_
                0x0000000000007d8e        0xa build/main.o
                0x0000000000007d8e                std::iterator_traits<char const*>::iterator_category std::__iterator_category<char const*>(char const* const&)
 .text._ZSt8distanceIPKcENSt15iterator_traitsIT_E15difference_typeES3_S3_
                0x0000000000007d98       0x3f build/main.o
                0x0000000000007d98                std::iterator_traits<char const*>::difference_type std::distance<char const*>(char const*, char const*)
 *fill*         0x0000000000007dd7        0x1 
 .text._ZNSt7__cxx1112basic_stringIcSt11char_traitsIcESaIcEE12_M_constructIPKcEEvT_S8_St20forward_iterator_tag
                0x0000000000007dd8      0x103 build/main.o
                0x0000000000007dd8                void std::__cxx11::basic_string<char, std::char_traits<char>, std::allocator<char> >::_M_construct<char const*>(char const*, char const*, std::forward_iterator_tag)
 *fill*         0x0000000000007edb        0x1 
 .text._ZNSaIhEC2Ev
                0x0000000000007edc       0x1b build/main.o
                0x0000000000007edc                std::allocator<unsigned char>::allocator()
                0x0000000000007edc                std::allocator<unsigned char>::allocator()
 *fill*         0x0000000000007ef7        0x1 
 .text._ZN9__gnu_cxx13new_allocatorIhED2Ev
                0x0000000000007ef8        0xb build/main.o
                0x0000000000007ef8                __gnu_cxx::new_allocator<unsigned char>::~new_allocator()
                0x0000000000007ef8                __gnu_cxx::new_allocator<unsigned char>::~new_allocator()
 .text._ZNSt16allocator_traitsISaIhEE10deallocateERS0_Phm
                0x0000000000007f03       0x2e build/main.o
                0x0000000000007f03                std::allocator_traits<std::allocator<unsigned char> >::deallocate(std::allocator<unsigned char>&, unsigned char*, unsigned long)
 .text._ZNSt12_Destroy_auxILb1EE9__destroyIPhEEvT_S3_
                0x0000000000007f31        0xf build/main.o
                0x0000000000007f31                void std::_Destroy_aux<true>::__destroy<unsigned char*>(unsigned char*, unsigned char*)
 .text._ZSt25__uninitialized_default_nIPhmET_S1_T0_
                0x0000000000007f40       0x29 build/main.o
                0x0000000000007f40                unsigned char* std::__uninitialized_default_n<unsigned char*, unsigned long>(unsigned char*, unsigned long)
 *fill*         0x0000000000007f69        0x1 
 .text._ZNKSt6vectorIhSaIhEE8max_sizeEv
                0x0000000000007f6a       0x22 build/main.o
                0x0000000000007f6a                std::vector<unsigned char, std::allocator<unsigned char> >::max_size() const
 .text._ZNSt16allocator_traitsISaIhEE8allocateERS0_m
                0x0000000000007f8c       0x2a build/main.o
                0x0000000000007f8c                std::allocator_traits<std::allocator<unsigned char> >::allocate(std::allocator<unsigned char>&, unsigned long)
 .text._ZNSt13move_iteratorIPhEC2ES0_
                0x0000000000007fb6       0x1a build/main.o
                0x0000000000007fb6                std::move_iterator<unsigned char*>::move_iterator(unsigned char*)
                0x0000000000007fb6                std::move_iterator<unsigned char*>::move_iterator(unsigned char*)
 .text._ZSt22__uninitialized_copy_aISt13move_iteratorIPhES1_hET0_T_S4_S3_RSaIT1_E
                0x0000000000007fd0       0x31 build/main.o
                0x0000000000007fd0                unsigned char* std::__uninitialized_copy_a<std::move_iterator<unsigned char*>, unsigned char*, unsigned char>(std::move_iterator<unsigned char*>, std::move_iterator<unsigned char*>, unsigned char*, std::allocator<unsigned char>&)
 *fill*         0x0000000000008001        0x1 
 .text._ZNSaIhEC2ERKS_
                0x0000000000008002       0x26 build/main.o
                0x0000000000008002                std::allocator<unsigned char>::allocator(std::allocator<unsigned char> const&)
                0x0000000000008002                std::allocator<unsigned char>::allocator(std::allocator<unsigned char> const&)
 .text._ZSt4moveIRPhEONSt16remove_referenceIT_E4typeEOS3_
                0x0000000000008028        0xe build/main.o
                0x0000000000008028                std::remove_reference<unsigned char*&>::type&& std::move<unsigned char*&>(unsigned char*&)
 .text._ZSt4swapIPhENSt9enable_ifIXsrSt6__and_IJSt6__not_ISt15__is_tuple_likeIT_EESt21is_move_constructibleIS5_ESt18is_move_assignableIS5_EEE5valueEvE4typeERS5_SF_
                0x0000000000008036       0x75 build/main.o
                0x0000000000008036                std::enable_if<std::__and_<std::__not_<std::__is_tuple_like<unsigned char*> >, std::is_move_constructible<unsigned char*>, std::is_move_assignable<unsigned char*> >::value, void>::type std::swap<unsigned char*>(unsigned char*&, unsigned char*&)
 .text._ZNSt16allocator_traitsISaIcEE8max_sizeERKS0_
                0x00000000000080ab       0x1a build/main.o
                0x00000000000080ab                std::allocator_traits<std::allocator<char> >::max_size(std::allocator<char> const&)
 *fill*         0x00000000000080c5        0x1 
 .text._ZNSt7__cxx1112basic_stringIcSt11char_traitsIcESaIcEE9_M_createERmm
                0x00000000000080c6       0xc9 build/main.o
                0x00000000000080c6                std::__cxx11::basic_string<char, std::char_traits<char>, std::allocator<char> >::_M_create(unsigned long&, unsigned long)
 .text._ZN3nos8print_toIA29_cEElRNS_7ostreamERKT_
                0x000000000000818f       0x25 build/main.o
                0x000000000000818f                long nos::print_to<char [29]>(nos::ostream&, char const (&) [29])
 .text._ZN3nos8print_toIPcEElRNS_7ostreamERKT_
                0x00000000000081b4       0x28 build/main.o
                0x00000000000081b4                long nos::print_to<char*>(nos::ostream&, char* const&)
 .text._ZNKSt12_Vector_baseIhSaIhEE19_M_get_Tp_allocatorEv
                0x00000000000081dc        0xe build/main.o
                0x00000000000081dc                std::_Vector_base<unsigned char, std::allocator<unsigned char> >::_M_get_Tp_allocator() const
 .text._ZNSt12_Vector_baseIhSaIhEEC2ERKS0_
                0x00000000000081ea       0x26 build/main.o
                0x00000000000081ea                std::_Vector_base<unsigned char, std::allocator<unsigned char> >::_Vector_base(std::allocator<unsigned char> const&)
                0x00000000000081ea                std::_Vector_base<unsigned char, std::allocator<unsigned char> >::_Vector_base(std::allocator<unsigned char> const&)
 .text._ZSt18__do_alloc_on_moveISaIhEEvRT_S2_St17integral_constantIbLb1EE
                0x0000000000008210       0x1f build/main.o
                0x0000000000008210                void std::__do_alloc_on_move<std::allocator<unsigned char> >(std::allocator<unsigned char>&, std::allocator<unsigned char>&, std::integral_constant<bool, true>)
 .text._ZNSt14pointer_traitsIPKcE10pointer_toERS0_
                0x000000000000822f       0x1a build/main.o
                0x000000000000822f                std::pointer_traits<char const*>::pointer_to(char const&)
 *fill*         0x0000000000008249        0x1 
 .text._ZN9__gnu_cxx13new_allocatorIcE10deallocateEPcm
                0x000000000000824a       0x22 build/main.o
                0x000000000000824a                __gnu_cxx::new_allocator<char>::deallocate(char*, unsigned long)
 .text._ZSt11__addressofIcEPT_RS0_
                0x000000000000826c        0xe build/main.o
                0x000000000000826c                char* std::__addressof<char>(char&)
 .text._ZN9__gnu_cxx17__is_null_pointerIKcEEbPT_
                0x000000000000827a       0x12 build/main.o
                0x000000000000827a                bool __gnu_cxx::__is_null_pointer<char const>(char const*)
 .text._ZSt10__distanceIPKcENSt15iterator_traitsIT_E15difference_typeES3_S3_St26random_access_iterator_tag
                0x000000000000828c       0x1c build/main.o
                0x000000000000828c                std::iterator_traits<char const*>::difference_type std::__distance<char const*>(char const*, char const*, std::random_access_iterator_tag)
 .text._ZNSt7__cxx1112basic_stringIcSt11char_traitsIcESaIcEE13_S_copy_charsEPcPKcS7_
                0x00000000000082a8       0x3b build/main.o
                0x00000000000082a8                std::__cxx11::basic_string<char, std::char_traits<char>, std::allocator<char> >::_S_copy_chars(char*, char const*, char const*)
 *fill*         0x00000000000082e3        0x1 
 .text._ZN9__gnu_cxx13new_allocatorIhEC2Ev
                0x00000000000082e4        0xb build/main.o
                0x00000000000082e4                __gnu_cxx::new_allocator<unsigned char>::new_allocator()
                0x00000000000082e4                __gnu_cxx::new_allocator<unsigned char>::new_allocator()
 *fill*         0x00000000000082ef        0x1 
 .text._ZN9__gnu_cxx13new_allocatorIhE10deallocateEPhm
                0x00000000000082f0       0x22 build/main.o
                0x00000000000082f0                __gnu_cxx::new_allocator<unsigned char>::deallocate(unsigned char*, unsigned long)
 .text._ZNSt27__uninitialized_default_n_1ILb1EE18__uninit_default_nIPhmEET_S3_T0_
                0x0000000000008312       0x50 build/main.o
                0x0000000000008312                unsigned char* std::__uninitialized_default_n_1<true>::__uninit_default_n<unsigned char*, unsigned long>(unsigned char*, unsigned long)
 .text._ZNSt16allocator_traitsISaIhEE8max_sizeERKS0_
                0x0000000000008362       0x1a build/main.o
                0x0000000000008362                std::allocator_traits<std::allocator<unsigned char> >::max_size(std::allocator<unsigned char> const&)
 .text._ZN9__gnu_cxx13new_allocatorIhE8allocateEmPKv
                0x000000000000837c       0x3e build/main.o
                0x000000000000837c                __gnu_cxx::new_allocator<unsigned char>::allocate(unsigned long, void const*)
 .text._ZSt18uninitialized_copyISt13move_iteratorIPhES1_ET0_T_S4_S3_
                0x00000000000083ba       0x31 build/main.o
                0x00000000000083ba                unsigned char* std::uninitialized_copy<std::move_iterator<unsigned char*>, unsigned char*>(std::move_iterator<unsigned char*>, std::move_iterator<unsigned char*>, unsigned char*)
 *fill*         0x00000000000083eb        0x1 
 .text._ZN9__gnu_cxx13new_allocatorIhEC2ERKS1_
                0x00000000000083ec        0xf build/main.o
                0x00000000000083ec                __gnu_cxx::new_allocator<unsigned char>::new_allocator(__gnu_cxx::new_allocator<unsigned char> const&)
                0x00000000000083ec                __gnu_cxx::new_allocator<unsigned char>::new_allocator(__gnu_cxx::new_allocator<unsigned char> const&)
 *fill*         0x00000000000083fb        0x1 
 .text._ZNK9__gnu_cxx13new_allocatorIcE8max_sizeEv
                0x00000000000083fc       0x11 build/main.o
                0x00000000000083fc                __gnu_cxx::new_allocator<char>::max_size() const
 .text._ZNSt16allocator_traitsISaIcEE8allocateERS0_m
                0x000000000000840d       0x2a build/main.o
                0x000000000000840d                std::allocator_traits<std::allocator<char> >::allocate(std::allocator<char>&, unsigned long)
 .text._ZN3nos27print_implementation_solverIA29_cLb1ELb0ELb1EE8print_toERNS_7ostreamERA29_Kc
                0x0000000000008437       0x66 build/main.o
                0x0000000000008437                nos::print_implementation_solver<char [29], true, false, true>::print_to(nos::ostream&, char const (&) [29])
 .text._ZN3nos20print_implementationIPcE8print_toERNS_7ostreamEPKc
                0x000000000000849d       0x25 build/main.o
                0x000000000000849d                nos::print_implementation<char*>::print_to(nos::ostream&, char const*)
 .text._ZNSt12_Vector_baseIhSaIhEE12_Vector_implC2ERKS0_
                0x00000000000084c2       0x49 build/main.o
                0x00000000000084c2                std::_Vector_base<unsigned char, std::allocator<unsigned char> >::_Vector_impl::_Vector_impl(std::allocator<unsigned char> const&)
                0x00000000000084c2                std::_Vector_base<unsigned char, std::allocator<unsigned char> >::_Vector_impl::_Vector_impl(std::allocator<unsigned char> const&)
 .text._ZSt9addressofIKcEPT_RS1_
                0x000000000000850b       0x1a build/main.o
                0x000000000000850b                char const* std::addressof<char const>(char const&)
 .text._ZSt6fill_nIPhmhET_S1_T0_RKT1_
                0x0000000000008525       0x38 build/main.o
                0x0000000000008525                unsigned char* std::fill_n<unsigned char*, unsigned long, unsigned char>(unsigned char*, unsigned long, unsigned char const&)
 *fill*         0x000000000000855d        0x1 
 .text._ZNK9__gnu_cxx13new_allocatorIhE8max_sizeEv
                0x000000000000855e       0x11 build/main.o
                0x000000000000855e                __gnu_cxx::new_allocator<unsigned char>::max_size() const
 .text._ZNSt20__uninitialized_copyILb1EE13__uninit_copyISt13move_iteratorIPhES3_EET0_T_S6_S5_
                0x000000000000856f       0x2d build/main.o
                0x000000000000856f                unsigned char* std::__uninitialized_copy<true>::__uninit_copy<std::move_iterator<unsigned char*>, unsigned char*>(std::move_iterator<unsigned char*>, std::move_iterator<unsigned char*>, unsigned char*)
 .text._ZN9__gnu_cxx13new_allocatorIcE8allocateEmPKv
                0x000000000000859c       0x3e build/main.o
                0x000000000000859c                __gnu_cxx::new_allocator<char>::allocate(unsigned long, void const*)
 .text._ZN3nos11printptr_toIcEElRNS_7ostreamEPKT_
                0x00000000000085da       0x25 build/main.o
                0x00000000000085da                long nos::printptr_to<char>(nos::ostream&, char const*)
 .text._ZSt11__addressofIKcEPT_RS1_
                0x00000000000085ff        0xe build/main.o
                0x00000000000085ff                char const* std::__addressof<char const>(char const&)
 .text._ZSt12__niter_baseIPhET_S1_
                0x000000000000860d        0xe build/main.o
                0x000000000000860d                unsigned char* std::__niter_base<unsigned char*>(unsigned char*)
 .text._ZSt10__fill_n_aImhEN9__gnu_cxx11__enable_ifIXsrSt9__is_byteIT0_E7__valueEPS3_E6__typeES5_T_RKS3_
                0x000000000000861b       0x40 build/main.o
                0x000000000000861b                __gnu_cxx::__enable_if<std::__is_byte<unsigned char>::__value, unsigned char*>::__type std::__fill_n_a<unsigned long, unsigned char>(unsigned char*, unsigned long, unsigned char const&)
 *fill*         0x000000000000865b        0x1 
 .text._ZNKSt13move_iteratorIPhE4baseEv
                0x000000000000865c       0x11 build/main.o
                0x000000000000865c                std::move_iterator<unsigned char*>::base() const
 .text._ZSt4copyISt13move_iteratorIPhES1_ET0_T_S4_S3_
                0x000000000000866d       0x4c build/main.o
                0x000000000000866d                unsigned char* std::copy<std::move_iterator<unsigned char*>, unsigned char*>(std::move_iterator<unsigned char*>, std::move_iterator<unsigned char*>, unsigned char*)
 .text._ZSt8__fill_aIhEN9__gnu_cxx11__enable_ifIXsrSt9__is_byteIT_E7__valueEvE6__typeEPS3_S7_RKS3_
                0x00000000000086b9       0x50 build/main.o
                0x00000000000086b9                __gnu_cxx::__enable_if<std::__is_byte<unsigned char>::__value, void>::__type std::__fill_a<unsigned char>(unsigned char*, unsigned char*, unsigned char const&)
 .text._ZSt12__miter_baseIPhEDTcl12__miter_basecldtfp_4baseEEESt13move_iteratorIT_E
                0x0000000000008709       0x22 build/main.o
                0x0000000000008709                decltype (__miter_base(({parm#1}.base)())) std::__miter_base<unsigned char*>(std::move_iterator<unsigned char*>)
 .text._ZSt14__copy_move_a2ILb1EPhS0_ET1_T0_S2_S1_
                0x000000000000872b       0x58 build/main.o
                0x000000000000872b                unsigned char* std::__copy_move_a2<true, unsigned char*, unsigned char*>(unsigned char*, unsigned char*, unsigned char*)
 .text._ZSt12__miter_baseIPhET_S1_
                0x0000000000008783        0xe build/main.o
                0x0000000000008783                unsigned char* std::__miter_base<unsigned char*>(unsigned char*)
 .text._ZSt13__copy_move_aILb1EPhS0_ET1_T0_S2_S1_
                0x0000000000008791       0x31 build/main.o
                0x0000000000008791                unsigned char* std::__copy_move_a<true, unsigned char*, unsigned char*>(unsigned char*, unsigned char*, unsigned char*)
 .text._ZNSt11__copy_moveILb1ELb1ESt26random_access_iterator_tagE8__copy_mIhEEPT_PKS3_S6_S4_
                0x00000000000087c2       0x51 build/main.o
                0x00000000000087c2                unsigned char* std::__copy_move<true, true, std::random_access_iterator_tag>::__copy_m<unsigned char>(unsigned char const*, unsigned char const*, unsigned char*)
 *fill*         0x0000000000008813        0x1 
 .text._ZN13DisplayWidgetD2Ev
                0x0000000000008814       0x49 build/main.o
                0x0000000000008814                DisplayWidget::~DisplayWidget()
                0x0000000000008814                DisplayWidget::~DisplayWidget()
                0x0000000000008857                non-virtual thunk to DisplayWidget::~DisplayWidget()
 *fill*         0x000000000000885d        0x1 
 .text._ZN13DisplayWidgetD0Ev
                0x000000000000885e       0x31 build/main.o
                0x000000000000885e                DisplayWidget::~DisplayWidget()
                0x0000000000008889                non-virtual thunk to DisplayWidget::~DisplayWidget()
 .text          0x000000000000888f      0x3a5 build/home/mirmik/project/igris/igris/ctrobj/wait-linux.o
                0x0000000000008acb                wait_current_schedee
                0x0000000000008c09                unwait_schedee_waiter
 .text._ZNSt5mutex4lockEv
                0x0000000000008c34       0x2e build/home/mirmik/project/igris/igris/ctrobj/wait-linux.o
                0x0000000000008c34                std::mutex::lock()
 .text._ZNSt5mutex6unlockEv
                0x0000000000008c62       0x1b build/home/mirmik/project/igris/igris/ctrobj/wait-linux.o
                0x0000000000008c62                std::mutex::unlock()
 *fill*         0x0000000000008c7d        0x1 
 .text._ZNSt12__mutex_baseC2Ev
                0x0000000000008c7e       0x36 build/home/mirmik/project/igris/igris/ctrobj/wait-linux.o
                0x0000000000008c7e                std::__mutex_base::__mutex_base()
                0x0000000000008c7e                std::__mutex_base::__mutex_base()
 .text._ZNSt5mutexC2Ev
                0x0000000000008cb4       0x1b build/home/mirmik/project/igris/igris/ctrobj/wait-linux.o
                0x0000000000008cb4                std::mutex::mutex()
                0x0000000000008cb4                std::mutex::mutex()
 *fill*         0x0000000000008ccf        0x1 
 .text._ZN12linux_waiterC2Ev
                0x0000000000008cd0       0x2f build/home/mirmik/project/igris/igris/ctrobj/wait-linux.o
                0x0000000000008cd0                linux_waiter::linux_waiter()
                0x0000000000008cd0                linux_waiter::linux_waiter()
 *fill*         0x0000000000008cff        0x1 
 .text._ZN12linux_waiterD2Ev
                0x0000000000008d00       0x1f build/home/mirmik/project/igris/igris/ctrobj/wait-linux.o
                0x0000000000008d00                linux_waiter::~linux_waiter()
                0x0000000000008d00                linux_waiter::~linux_waiter()
 *fill*         0x0000000000008d1f        0x1 
 .text._ZNSt11unique_lockISt5mutexEC2ERS0_
                0x0000000000008d20       0x45 build/home/mirmik/project/igris/igris/ctrobj/wait-linux.o
                0x0000000000008d20                std::unique_lock<std::mutex>::unique_lock(std::mutex&)
                0x0000000000008d20                std::unique_lock<std::mutex>::unique_lock(std::mutex&)
 *fill*         0x0000000000008d65        0x1 
 .text._ZNSt11unique_lockISt5mutexED2Ev
                0x0000000000008d66       0x27 build/home/mirmik/project/igris/igris/ctrobj/wait-linux.o
                0x0000000000008d66                std::unique_lock<std::mutex>::~unique_lock()
                0x0000000000008d66                std::unique_lock<std::mutex>::~unique_lock()
 .text._ZSt11__addressofISt5mutexEPT_RS1_
                0x0000000000008d8d        0xe build/home/mirmik/project/igris/igris/ctrobj/wait-linux.o
                0x0000000000008d8d                std::mutex* std::__addressof<std::mutex>(std::mutex&)
 *fill*         0x0000000000008d9b        0x1 
 .text._ZNSt11unique_lockISt5mutexE4lockEv
                0x0000000000008d9c       0x52 build/home/mirmik/project/igris/igris/ctrobj/wait-linux.o
                0x0000000000008d9c                std::unique_lock<std::mutex>::lock()
 .text._ZNSt11unique_lockISt5mutexE6unlockEv
                0x0000000000008dee       0x4b build/home/mirmik/project/igris/igris/ctrobj/wait-linux.o
                0x0000000000008dee                std::unique_lock<std::mutex>::unlock()
 *fill*         0x0000000000008e39        0x1 
 .text          0x0000000000008e3a      0x182 build/home/mirmik/project/crow/crow/src/acceptor.o
                0x0000000000008e8e                crow::acceptor::incoming_packet(crow::packet*)
                0x0000000000008f28                crow::acceptor::undelivered_packet(crow::packet*)
                0x0000000000008f47                dynport
 .text._ZN4crow6packet7dataptrEv
                0x0000000000008fbc       0x24 build/home/mirmik/project/crow/crow/src/acceptor.o
                0x0000000000008fbc                crow::packet::dataptr()
 .text._ZN4crow7channel22wait_handshake_requestEv
                0x0000000000008fe0       0x1c build/home/mirmik/project/crow/crow/src/acceptor.o
                0x0000000000008fe0                crow::channel::wait_handshake_request()
 .text._ZN5igris8delegateIPN4crow7channelEJEEclEv
                0x0000000000008ffc       0x88 build/home/mirmik/project/crow/crow/src/acceptor.o
                0x0000000000008ffc                igris::delegate<crow::channel*>::operator()()
 .text._Z5dprlnIJA20_cEEvDpRKT_
                0x0000000000009084       0x20 build/home/mirmik/project/crow/crow/src/acceptor.o
                0x0000000000009084                void dprln<char [20]>(char const (&) [20])
 .text          0x00000000000090a4     0x1490 build/home/mirmik/project/crow/crow/src/tower.o
                0x0000000000009231                crow::diagnostic_enable()
                0x000000000000923f                crow::live_diagnostic_enable()
                0x000000000000924d                crow::enable_diagnostic()
                0x000000000000925b                crow::enable_live_diagnostic()
                0x0000000000009390                crow::release(crow::packet*)
                0x000000000000966a                crow::travel(crow::packet*)
                0x0000000000009d0a                crow::send(void const*, unsigned char, char const*, unsigned short, unsigned char, unsigned char, unsigned short)
                0x0000000000009de8                crow::send_v(void const*, unsigned char, iovec const*, unsigned long, unsigned char, unsigned char, unsigned short)
                0x0000000000009f37                crow::return_to_tower(crow::packet*, unsigned char)
                0x0000000000009f9c                crow::onestep_travel_only()
                0x000000000000a001                crow_undelivered(crow::packet*)
                0x000000000000a3c3                crow::onestep()
                0x000000000000a484                crow::spin()
 .text._ZN4crow6packet8stageptrEv
                0x000000000000a534       0x24 build/home/mirmik/project/crow/crow/src/tower.o
                0x000000000000a534                crow::packet::stageptr()
 .text._ZN4crow6packet7addrptrEv
                0x000000000000a558       0x16 build/home/mirmik/project/crow/crow/src/tower.o
                0x000000000000a558                crow::packet::addrptr()
 .text._ZN5igris5dlistIN4crow7gatewayEXadL_ZNS2_3lnkEEEEC2Ev
                0x000000000000a56e       0x1b build/home/mirmik/project/crow/crow/src/tower.o
                0x000000000000a56e                igris::dlist<crow::gateway, &crow::gateway::lnk>::dlist()
                0x000000000000a56e                igris::dlist<crow::gateway, &crow::gateway::lnk>::dlist()
 *fill*         0x000000000000a589        0x1 
 .text._ZN5igris5dlistIN4crow7gatewayEXadL_ZNS2_3lnkEEEE5beginEv
                0x000000000000a58a       0x2c build/home/mirmik/project/crow/crow/src/tower.o
                0x000000000000a58a                igris::dlist<crow::gateway, &crow::gateway::lnk>::begin()
 .text._ZN5igris5dlistIN4crow7gatewayEXadL_ZNS2_3lnkEEEE3endEv
                0x000000000000a5b6       0x29 build/home/mirmik/project/crow/crow/src/tower.o
                0x000000000000a5b6                igris::dlist<crow::gateway, &crow::gateway::lnk>::end()
 *fill*         0x000000000000a5df        0x1 
 .text._ZN5igris5dlistIN4crow7gatewayEXadL_ZNS2_3lnkEEEE8iteratorneERKS4_
                0x000000000000a5e0       0x22 build/home/mirmik/project/crow/crow/src/tower.o
                0x000000000000a5e0                igris::dlist<crow::gateway, &crow::gateway::lnk>::iterator::operator!=(igris::dlist<crow::gateway, &crow::gateway::lnk>::iterator const&)
 .text._ZN5igris5dlistIN4crow7gatewayEXadL_ZNS2_3lnkEEEE8iteratorppEv
                0x000000000000a602       0x3a build/home/mirmik/project/crow/crow/src/tower.o
                0x000000000000a602                igris::dlist<crow::gateway, &crow::gateway::lnk>::iterator::operator++()
 .text._ZN5igris5dlistIN4crow7gatewayEXadL_ZNS2_3lnkEEEE8iteratordeEv
                0x000000000000a63c       0x22 build/home/mirmik/project/crow/crow/src/tower.o
                0x000000000000a63c                igris::dlist<crow::gateway, &crow::gateway::lnk>::iterator::operator*()
 .text._ZN5igris5dlistIN4crow7gatewayEXadL_ZNS2_3lnkEEEE8iteratorC2EP10dlist_head
                0x000000000000a65e       0x1a build/home/mirmik/project/crow/crow/src/tower.o
                0x000000000000a65e                igris::dlist<crow::gateway, &crow::gateway::lnk>::iterator::iterator(dlist_head*)
                0x000000000000a65e                igris::dlist<crow::gateway, &crow::gateway::lnk>::iterator::iterator(dlist_head*)
 .text._ZN5igris5dlistIN4crow7gatewayEXadL_ZNS2_3lnkEEEE8iteratorC2ERKS4_
                0x000000000000a678       0x1d build/home/mirmik/project/crow/crow/src/tower.o
                0x000000000000a678                igris::dlist<crow::gateway, &crow::gateway::lnk>::iterator::iterator(igris::dlist<crow::gateway, &crow::gateway::lnk>::iterator const&)
                0x000000000000a678                igris::dlist<crow::gateway, &crow::gateway::lnk>::iterator::iterator(igris::dlist<crow::gateway, &crow::gateway::lnk>::iterator const&)
 *fill*         0x000000000000a695        0x1 
 .text._ZN5igris5dlistIN4crow7gatewayEXadL_ZNS2_3lnkEEEED2Ev
                0x000000000000a696       0x1b build/home/mirmik/project/crow/crow/src/tower.o
                0x000000000000a696                igris::dlist<crow::gateway, &crow::gateway::lnk>::~dlist()
                0x000000000000a696                igris::dlist<crow::gateway, &crow::gateway::lnk>::~dlist()
 *fill*         0x000000000000a6b1        0x1 
 .text          0x000000000000a6b2      0x215 build/home/mirmik/project/crow/crow/src/packet.o
                0x000000000000a6d8                crow::packet_initialization(crow::packet*, crow::gateway*)
                0x000000000000a72b                crow::create_packet(crow::gateway*, unsigned char, unsigned long)
                0x000000000000a7bc                crow::packet::revert_gate(unsigned char)
                0x000000000000a7fa                crow::packet::revert(iovec*, unsigned long)
 *fill*         0x000000000000a8c7        0x1 
 .text          0x000000000000a8c8      0x4b1 build/home/mirmik/project/crow/crow/src/node.o
                0x000000000000a9c5                crow::node_send(unsigned short, unsigned short, void const*, unsigned long, void const*, unsigned long, unsigned char, unsigned short)
                0x000000000000aaa2                crow::node_protocol_cls::incoming(crow::packet*)
                0x000000000000ab92                crow::node_protocol_cls::undelivered(crow::packet*)
                0x000000000000ac84                crow::link_node(crow::node*, unsigned short)
 *fill*         0x000000000000ad79        0x1 
 .text._ZN4crow8protocol11undeliveredEPNS_6packetE
                0x000000000000ad7a       0x1f build/home/mirmik/project/crow/crow/src/node.o
                0x000000000000ad7a                crow::protocol::undelivered(crow::packet*)
 *fill*         0x000000000000ad99        0x1 
 .text._ZN4crow8protocolC2Ei
                0x000000000000ad9a       0x4c build/home/mirmik/project/crow/crow/src/node.o
                0x000000000000ad9a                crow::protocol::protocol(int)
                0x000000000000ad9a                crow::protocol::protocol(int)
 .text._ZN4crow17node_protocol_clsC2Ev
                0x000000000000ade6       0x32 build/home/mirmik/project/crow/crow/src/node.o
                0x000000000000ade6                crow::node_protocol_cls::node_protocol_cls()
                0x000000000000ade6                crow::node_protocol_cls::node_protocol_cls()
 .text._ZN5igris5dlistIN4crow4nodeEXadL_ZNS2_3lnkEEEEC2Ev
                0x000000000000ae18       0x1b build/home/mirmik/project/crow/crow/src/node.o
                0x000000000000ae18                igris::dlist<crow::node, &crow::node::lnk>::dlist()
                0x000000000000ae18                igris::dlist<crow::node, &crow::node::lnk>::dlist()
 *fill*         0x000000000000ae33        0x1 
 .text._ZN5igris5dlistIN4crow4nodeEXadL_ZNS2_3lnkEEEE5beginEv
                0x000000000000ae34       0x2c build/home/mirmik/project/crow/crow/src/node.o
                0x000000000000ae34                igris::dlist<crow::node, &crow::node::lnk>::begin()
 .text._ZN5igris5dlistIN4crow4nodeEXadL_ZNS2_3lnkEEEE3endEv
                0x000000000000ae60       0x29 build/home/mirmik/project/crow/crow/src/node.o
                0x000000000000ae60                igris::dlist<crow::node, &crow::node::lnk>::end()
 *fill*         0x000000000000ae89        0x1 
 .text._ZN5igris5dlistIN4crow4nodeEXadL_ZNS2_3lnkEEEE8iteratorneERKS4_
                0x000000000000ae8a       0x22 build/home/mirmik/project/crow/crow/src/node.o
                0x000000000000ae8a                igris::dlist<crow::node, &crow::node::lnk>::iterator::operator!=(igris::dlist<crow::node, &crow::node::lnk>::iterator const&)
 .text._ZN5igris5dlistIN4crow4nodeEXadL_ZNS2_3lnkEEEE8iteratorppEv
                0x000000000000aeac       0x3a build/home/mirmik/project/crow/crow/src/node.o
                0x000000000000aeac                igris::dlist<crow::node, &crow::node::lnk>::iterator::operator++()
 .text._ZN5igris5dlistIN4crow4nodeEXadL_ZNS2_3lnkEEEE8iteratordeEv
                0x000000000000aee6       0x22 build/home/mirmik/project/crow/crow/src/node.o
                0x000000000000aee6                igris::dlist<crow::node, &crow::node::lnk>::iterator::operator*()
 .text._ZN5igris5dlistIN4crow4nodeEXadL_ZNS2_3lnkEEEE8add_lastERS2_
                0x000000000000af08       0x2e build/home/mirmik/project/crow/crow/src/node.o
                0x000000000000af08                igris::dlist<crow::node, &crow::node::lnk>::add_last(crow::node&)
 .text._ZN5igris5dlistIN4crow4nodeEXadL_ZNS2_3lnkEEEE8iteratorC2EP10dlist_head
                0x000000000000af36       0x1a build/home/mirmik/project/crow/crow/src/node.o
                0x000000000000af36                igris::dlist<crow::node, &crow::node::lnk>::iterator::iterator(dlist_head*)
                0x000000000000af36                igris::dlist<crow::node, &crow::node::lnk>::iterator::iterator(dlist_head*)
 .text._ZN5igris5dlistIN4crow4nodeEXadL_ZNS2_3lnkEEEE8iteratorC2ERKS4_
                0x000000000000af50       0x1d build/home/mirmik/project/crow/crow/src/node.o
                0x000000000000af50                igris::dlist<crow::node, &crow::node::lnk>::iterator::iterator(igris::dlist<crow::node, &crow::node::lnk>::iterator const&)
                0x000000000000af50                igris::dlist<crow::node, &crow::node::lnk>::iterator::iterator(igris::dlist<crow::node, &crow::node::lnk>::iterator const&)
 *fill*         0x000000000000af6d        0x1 
 .text._ZN5igris5dlistIN4crow4nodeEXadL_ZNS2_3lnkEEEED2Ev
                0x000000000000af6e       0x1b build/home/mirmik/project/crow/crow/src/node.o
                0x000000000000af6e                igris::dlist<crow::node, &crow::node::lnk>::~dlist()
                0x000000000000af6e                igris::dlist<crow::node, &crow::node::lnk>::~dlist()
 *fill*         0x000000000000af89        0x1 
 .text          0x000000000000af8a       0x7f build/home/mirmik/project/crow/crow/src/node-sync.o
                0x000000000000af8a                crow::node::waitevent()
                0x000000000000afdc                crow::node::notify_one(int)
 *fill*         0x000000000000b009        0x1 
 .text          0x000000000000b00a      0x886 build/home/mirmik/project/crow/crow/src/channel.o
                0x000000000000b0d8                crow::link_channel(crow::channel*, unsigned short)
                0x000000000000b100                crow::channel::incoming_packet(crow::packet*)
                0x000000000000b3b6                crow::channel::incoming_data_packet(crow::packet*)
                0x000000000000b3e2                crow::channel::undelivered_packet(crow::packet*)
                0x000000000000b424                crow::channel::handshake(unsigned char const*, unsigned short, unsigned short, unsigned char, unsigned short)
                0x000000000000b578                crow::channel::send_handshake_answer()
                0x000000000000b688                crow::channel::send(char const*, unsigned long)
                0x000000000000b7be                crow::channel::getdata(crow::packet*)
 .text._ZN5igris6bufferC2EPKvm
                0x000000000000b890       0x2a build/home/mirmik/project/crow/crow/src/channel.o
                0x000000000000b890                igris::buffer::buffer(void const*, unsigned long)
                0x000000000000b890                igris::buffer::buffer(void const*, unsigned long)
 .text._ZN4crow6packet8datasizeEv
                0x000000000000b8ba       0x24 build/home/mirmik/project/crow/crow/src/channel.o
                0x000000000000b8ba                crow::packet::datasize()
 .text._Z5dprlnIJA41_cEEvDpRKT_
                0x000000000000b8de       0x20 build/home/mirmik/project/crow/crow/src/channel.o
                0x000000000000b8de                void dprln<char [41]>(char const (&) [41])
 .text._Z5dprlnIJA40_cEEvDpRKT_
                0x000000000000b8fe       0x20 build/home/mirmik/project/crow/crow/src/channel.o
                0x000000000000b8fe                void dprln<char [40]>(char const (&) [40])
 .text          0x000000000000b91e       0x75 build/home/mirmik/project/crow/crow/src/channel-sync.o
                0x000000000000b91e                crow::channel::connect(unsigned char const*, unsigned short, unsigned short, unsigned char, unsigned short)
 *fill*         0x000000000000b993        0x1 
 .text          0x000000000000b994      0x709 build/home/mirmik/project/crow/crow/src/pubsub.o
                0x000000000000b994                crow::pubsub_protocol_cls::incoming(crow::packet*)
                0x000000000000b9d3                crow::publish(unsigned char const*, unsigned char, char const*, char const*, unsigned short, unsigned char, unsigned short)
                0x000000000000bb0d                crow::publish(unsigned char const*, unsigned char, char const*, char const*, unsigned char, unsigned short)
                0x000000000000bb83                crow::publish(unsigned char const*, unsigned char, char const*, std::__cxx11::basic_string<char, std::char_traits<char>, std::allocator<char> > const&, unsigned char, unsigned short)
                0x000000000000bc09                crow::subscribe(unsigned char const*, unsigned char, char const*, unsigned char, unsigned short, unsigned char, unsigned short)
                0x000000000000bd1c                crow::envcrowker[abi:cxx11]()
                0x000000000000bdfa                crow::environment_crowker[abi:cxx11]()
                0x000000000000be90                crow::publish(std::vector<unsigned char, std::allocator<unsigned char> > const&, std::__cxx11::basic_string<char, std::char_traits<char>, std::allocator<char> > const&, std::__cxx11::basic_string<char, std::char_traits<char>, std::allocator<char> > const&, unsigned char, unsigned short)
                0x000000000000bf40                crow::subscribe(std::vector<unsigned char, std::allocator<unsigned char> > const&, std::__cxx11::basic_string<char, std::char_traits<char>, std::allocator<char> > const&, unsigned char, unsigned short, unsigned char, unsigned short)
                0x000000000000bfe4                crow::pubsub_protocol_cls::resubscribe_all()
 *fill*         0x000000000000c09d        0x1 
 .text._ZN4crow19pubsub_protocol_clsC2Ev
                0x000000000000c09e       0x52 build/home/mirmik/project/crow/crow/src/pubsub.o
                0x000000000000c09e                crow::pubsub_protocol_cls::pubsub_protocol_cls()
                0x000000000000c09e                crow::pubsub_protocol_cls::pubsub_protocol_cls()
 .text._ZNSt7__cxx1112basic_stringIcSt11char_traitsIcESaIcEEC2EPKcmRKS3_
                0x000000000000c0f0       0x7f build/home/mirmik/project/crow/crow/src/pubsub.o
                0x000000000000c0f0                std::__cxx11::basic_string<char, std::char_traits<char>, std::allocator<char> >::basic_string(char const*, unsigned long, std::allocator<char> const&)
                0x000000000000c0f0                std::__cxx11::basic_string<char, std::char_traits<char>, std::allocator<char> >::basic_string(char const*, unsigned long, std::allocator<char> const&)
 .text          0x000000000000c16f      0x37a build/home/mirmik/project/crow/crow/src/query.o
                0x000000000000c1a5                crow::query_protocol_handler(crow::packet*)
                0x000000000000c357                crow::query_answer(crow::packet*, char const*, unsigned long, unsigned char)
 *fill*         0x000000000000c4e9        0x1 
 .text._ZN5igris6buffer4dataEv
                0x000000000000c4ea        0xe build/home/mirmik/project/crow/crow/src/query.o
                0x000000000000c4ea                igris::buffer::data()
 .text._ZN5igris6bufferC2Ev
                0x000000000000c4f8       0x22 build/home/mirmik/project/crow/crow/src/query.o
                0x000000000000c4f8                igris::buffer::buffer()
                0x000000000000c4f8                igris::buffer::buffer()
 .text._ZNK5igris6buffereqERKS0_
                0x000000000000c51a       0x77 build/home/mirmik/project/crow/crow/src/query.o
                0x000000000000c51a                igris::buffer::operator==(igris::buffer const&) const
 *fill*         0x000000000000c591        0x1 
 .text._ZN4crow6packet7rawdataEv
                0x000000000000c592       0x6f build/home/mirmik/project/crow/crow/src/query.o
                0x000000000000c592                crow::packet::rawdata()
 *fill*         0x000000000000c601        0x1 
 .text._ZN4crow6packet8addrsizeEv
                0x000000000000c602       0x12 build/home/mirmik/project/crow/crow/src/query.o
                0x000000000000c602                crow::packet::addrsize()
 .text._Z5dprlnIJA16_cEEvDpRKT_
                0x000000000000c614       0x20 build/home/mirmik/project/crow/crow/src/query.o
                0x000000000000c614                void dprln<char [16]>(char const (&) [16])
 .text          0x000000000000c634      0x121 build/home/mirmik/project/crow/crow/src/alive.o
                0x000000000000c634                crow::send_alive(unsigned char const*, unsigned long, unsigned char, unsigned char, unsigned char, unsigned short)
                0x000000000000c732                crow::set_netname(char const*)
                0x000000000000c748                crow::netname()
 .text          0x000000000000c755       0x1b build/home/mirmik/project/crow/crow/src/netkeep.o
                0x000000000000c755                crow::netkeep_protocol_handler_stub(crow::packet*)
 .text          0x000000000000c770      0x535 build/home/mirmik/project/crow/crow/src/print.o
                0x000000000000c9a0                crow::diagnostic(char const*, crow::packet*)
 *fill*         0x000000000000cca5        0x1 
 .text._ZN5igris6buffer4sizeEv
                0x000000000000cca6       0x12 build/home/mirmik/project/crow/crow/src/print.o
                0x000000000000cca6                igris::buffer::size()
 .text._ZN5igris6bufferC2ERKNSt7__cxx1112basic_stringIcSt11char_traitsIcESaIcEEE
                0x000000000000ccb8       0x49 build/home/mirmik/project/crow/crow/src/print.o
                0x000000000000ccb8                igris::buffer::buffer(std::__cxx11::basic_string<char, std::char_traits<char>, std::allocator<char> > const&)
                0x000000000000ccb8                igris::buffer::buffer(std::__cxx11::basic_string<char, std::char_traits<char>, std::allocator<char> > const&)
 *fill*         0x000000000000cd01        0x1 
 .text._ZN3nos18visitable_argumentC2EPvRKN5igris6bufferES1_
                0x000000000000cd02       0x45 build/home/mirmik/project/crow/crow/src/print.o
                0x000000000000cd02                nos::visitable_argument::visitable_argument(void*, igris::buffer const&, void*)
                0x000000000000cd02                nos::visitable_argument::visitable_argument(void*, igris::buffer const&, void*)
 *fill*         0x000000000000cd47        0x1 
 .text._ZNKSt7__cxx1112basic_stringIcSt11char_traitsIcESaIcEE6lengthEv
                0x000000000000cd48       0x12 build/home/mirmik/project/crow/crow/src/print.o
                0x000000000000cd48                std::__cxx11::basic_string<char, std::char_traits<char>, std::allocator<char> >::length() const
 .text._ZNSt7__cxx1112basic_stringIcSt11char_traitsIcESaIcEEC2Ev
                0x000000000000cd5a       0x86 build/home/mirmik/project/crow/crow/src/print.o
                0x000000000000cd5a                std::__cxx11::basic_string<char, std::char_traits<char>, std::allocator<char> >::basic_string()
                0x000000000000cd5a                std::__cxx11::basic_string<char, std::char_traits<char>, std::allocator<char> >::basic_string()
 .text._ZNSt7__cxx1112basic_stringIcSt11char_traitsIcESaIcEE9push_backEc
                0x000000000000cde0       0xa4 build/home/mirmik/project/crow/crow/src/print.o
                0x000000000000cde0                std::__cxx11::basic_string<char, std::char_traits<char>, std::allocator<char> >::push_back(char)
 .text._ZNSt7__cxx1112basic_stringIcSt11char_traitsIcESaIcEE6appendEPKcm
                0x000000000000ce84       0x49 build/home/mirmik/project/crow/crow/src/print.o
                0x000000000000ce84                std::__cxx11::basic_string<char, std::char_traits<char>, std::allocator<char> >::append(char const*, unsigned long)
 .text._ZN3nos6fprintIJPKchhhthNSt7__cxx1112basic_stringIcSt11char_traitsIcESaIcEEEhmS8_EEElS2_DpRKT_
                0x000000000000cecd       0x64 build/home/mirmik/project/crow/crow/src/print.o
                0x000000000000cecd                long nos::fprint<char const*, unsigned char, unsigned char, unsigned char, unsigned short, unsigned char, std::__cxx11::basic_string<char, std::char_traits<char>, std::allocator<char> >, unsigned char, unsigned long, std::__cxx11::basic_string<char, std::char_traits<char>, std::allocator<char> > >(char const*, char const* const&, unsigned char const&, unsigned char const&, unsigned char const&, unsigned short const&, unsigned char const&, std::__cxx11::basic_string<char, std::char_traits<char>, std::allocator<char> > const&, unsigned char const&, unsigned long const&, std::__cxx11::basic_string<char, std::char_traits<char>, std::allocator<char> > const&)
 .text._ZN3nos7printlnIJA5_cEEElDpRKT_
                0x000000000000cf31       0x27 build/home/mirmik/project/crow/crow/src/print.o
                0x000000000000cf31                long nos::println<char [5]>(char const (&) [5])
 .text._ZN3nos7printlnIJA2_cEEElDpRKT_
                0x000000000000cf58       0x27 build/home/mirmik/project/crow/crow/src/print.o
                0x000000000000cf58                long nos::println<char [2]>(char const (&) [2])
 .text._ZSt4moveIRSaIcEEONSt16remove_referenceIT_E4typeEOS3_
                0x000000000000cf7f        0xe build/home/mirmik/project/crow/crow/src/print.o
                0x000000000000cf7f                std::remove_reference<std::allocator<char>&>::type&& std::move<std::allocator<char>&>(std::allocator<char>&)
 *fill*         0x000000000000cf8d        0x1 
 .text._ZNSt7__cxx1112basic_stringIcSt11char_traitsIcESaIcEE12_Alloc_hiderC2EPcOS3_
                0x000000000000cf8e       0x40 build/home/mirmik/project/crow/crow/src/print.o
                0x000000000000cf8e                std::__cxx11::basic_string<char, std::char_traits<char>, std::allocator<char> >::_Alloc_hider::_Alloc_hider(char*, std::allocator<char>&&)
                0x000000000000cf8e                std::__cxx11::basic_string<char, std::char_traits<char>, std::allocator<char> >::_Alloc_hider::_Alloc_hider(char*, std::allocator<char>&&)
 .text._ZNKSt7__cxx1112basic_stringIcSt11char_traitsIcESaIcEE8capacityEv
                0x000000000000cfce       0x2d build/home/mirmik/project/crow/crow/src/print.o
                0x000000000000cfce                std::__cxx11::basic_string<char, std::char_traits<char>, std::allocator<char> >::capacity() const
 *fill*         0x000000000000cffb        0x1 
 .text._ZNSt7__cxx1112basic_stringIcSt11char_traitsIcESaIcEE9_M_mutateEmmPKcm
                0x000000000000cffc      0x16d build/home/mirmik/project/crow/crow/src/print.o
                0x000000000000cffc                std::__cxx11::basic_string<char, std::char_traits<char>, std::allocator<char> >::_M_mutate(unsigned long, unsigned long, char const*, unsigned long)
 *fill*         0x000000000000d169        0x1 
 .text._ZNKSt7__cxx1112basic_stringIcSt11char_traitsIcESaIcEE15_M_check_lengthEmmPKc
                0x000000000000d16a       0x60 build/home/mirmik/project/crow/crow/src/print.o
                0x000000000000d16a                std::__cxx11::basic_string<char, std::char_traits<char>, std::allocator<char> >::_M_check_length(unsigned long, unsigned long, char const*) const
 .text._ZNSt7__cxx1112basic_stringIcSt11char_traitsIcESaIcEE9_M_appendEPKcm
                0x000000000000d1ca       0xcd build/home/mirmik/project/crow/crow/src/print.o
                0x000000000000d1ca                std::__cxx11::basic_string<char, std::char_traits<char>, std::allocator<char> >::_M_append(char const*, unsigned long)
 .text._ZN3nos9fprint_toIJPKchhhthNSt7__cxx1112basic_stringIcSt11char_traitsIcESaIcEEEhmS8_EEElRNS_7ostreamES2_DpRKT_
                0x000000000000d297      0x248 build/home/mirmik/project/crow/crow/src/print.o
                0x000000000000d297                long nos::fprint_to<char const*, unsigned char, unsigned char, unsigned char, unsigned short, unsigned char, std::__cxx11::basic_string<char, std::char_traits<char>, std::allocator<char> >, unsigned char, unsigned long, std::__cxx11::basic_string<char, std::char_traits<char>, std::allocator<char> > >(nos::ostream&, char const*, char const* const&, unsigned char const&, unsigned char const&, unsigned char const&, unsigned short const&, unsigned char const&, std::__cxx11::basic_string<char, std::char_traits<char>, std::allocator<char> > const&, unsigned char const&, unsigned long const&, std::__cxx11::basic_string<char, std::char_traits<char>, std::allocator<char> > const&)
 .text._ZN3nos10println_toIJA5_cEEElRNS_7ostreamEDpRKT_
                0x000000000000d4df       0x45 build/home/mirmik/project/crow/crow/src/print.o
                0x000000000000d4df                long nos::println_to<char [5]>(nos::ostream&, char const (&) [5])
 .text._ZN3nos10println_toIJA2_cEEElRNS_7ostreamEDpRKT_
                0x000000000000d524       0x45 build/home/mirmik/project/crow/crow/src/print.o
                0x000000000000d524                long nos::println_to<char [2]>(nos::ostream&, char const (&) [2])
 *fill*         0x000000000000d569        0x1 
 .text._ZN3nos18visitable_argumentC2INS_14format_visitorEPKcEERKT0_RKT_
                0x000000000000d56a       0x6b build/home/mirmik/project/crow/crow/src/print.o
                0x000000000000d56a                nos::visitable_argument::visitable_argument<nos::format_visitor, char const*>(char const* const&, nos::format_visitor const&)
                0x000000000000d56a                nos::visitable_argument::visitable_argument<nos::format_visitor, char const*>(char const* const&, nos::format_visitor const&)
 *fill*         0x000000000000d5d5        0x1 
 .text._ZN3nos18visitable_argumentC2INS_14format_visitorEhEERKT0_RKT_
                0x000000000000d5d6       0x6b build/home/mirmik/project/crow/crow/src/print.o
                0x000000000000d5d6                nos::visitable_argument::visitable_argument<nos::format_visitor, unsigned char>(unsigned char const&, nos::format_visitor const&)
                0x000000000000d5d6                nos::visitable_argument::visitable_argument<nos::format_visitor, unsigned char>(unsigned char const&, nos::format_visitor const&)
 *fill*         0x000000000000d641        0x1 
 .text._ZN3nos18visitable_argumentC2INS_14format_visitorEtEERKT0_RKT_
                0x000000000000d642       0x6b build/home/mirmik/project/crow/crow/src/print.o